Archive member included to satisfy reference by file (symbol)

C:/ST/STM32CubeIDE_1.16.1/STM32CubeIDE/plugins/com.st.stm32cube.ide.mcu.externaltools.gnu-tools-for-stm32.12.3.rel1.win32_1.0.200.202406191623/tools/bin/../lib/gcc/arm-none-eabi/12.3.1/../../../../arm-none-eabi/lib/thumb/v7e-m+dp/hard\libc_nano.a(libc_a-exit.o)
                              C:/ST/STM32CubeIDE_1.16.1/STM32CubeIDE/plugins/com.st.stm32cube.ide.mcu.externaltools.gnu-tools-for-stm32.12.3.rel1.win32_1.0.200.202406191623/tools/bin/../lib/gcc/arm-none-eabi/12.3.1/../../../../arm-none-eabi/lib/thumb/v7e-m+dp/hard/crt0.o (exit)
C:/ST/STM32CubeIDE_1.16.1/STM32CubeIDE/plugins/com.st.stm32cube.ide.mcu.externaltools.gnu-tools-for-stm32.12.3.rel1.win32_1.0.200.202406191623/tools/bin/../lib/gcc/arm-none-eabi/12.3.1/../../../../arm-none-eabi/lib/thumb/v7e-m+dp/hard\libc_nano.a(libc_a-findfp.o)
                              C:/ST/STM32CubeIDE_1.16.1/STM32CubeIDE/plugins/com.st.stm32cube.ide.mcu.externaltools.gnu-tools-for-stm32.12.3.rel1.win32_1.0.200.202406191623/tools/bin/../lib/gcc/arm-none-eabi/12.3.1/../../../../arm-none-eabi/lib/thumb/v7e-m+dp/hard\libc_nano.a(libc_a-exit.o) (__stdio_exit_handler)
C:/ST/STM32CubeIDE_1.16.1/STM32CubeIDE/plugins/com.st.stm32cube.ide.mcu.externaltools.gnu-tools-for-stm32.12.3.rel1.win32_1.0.200.202406191623/tools/bin/../lib/gcc/arm-none-eabi/12.3.1/../../../../arm-none-eabi/lib/thumb/v7e-m+dp/hard\libc_nano.a(libc_a-fwalk.o)
                              C:/ST/STM32CubeIDE_1.16.1/STM32CubeIDE/plugins/com.st.stm32cube.ide.mcu.externaltools.gnu-tools-for-stm32.12.3.rel1.win32_1.0.200.202406191623/tools/bin/../lib/gcc/arm-none-eabi/12.3.1/../../../../arm-none-eabi/lib/thumb/v7e-m+dp/hard\libc_nano.a(libc_a-findfp.o) (_fwalk_sglue)
C:/ST/STM32CubeIDE_1.16.1/STM32CubeIDE/plugins/com.st.stm32cube.ide.mcu.externaltools.gnu-tools-for-stm32.12.3.rel1.win32_1.0.200.202406191623/tools/bin/../lib/gcc/arm-none-eabi/12.3.1/../../../../arm-none-eabi/lib/thumb/v7e-m+dp/hard\libc_nano.a(libc_a-stdio.o)
                              C:/ST/STM32CubeIDE_1.16.1/STM32CubeIDE/plugins/com.st.stm32cube.ide.mcu.externaltools.gnu-tools-for-stm32.12.3.rel1.win32_1.0.200.202406191623/tools/bin/../lib/gcc/arm-none-eabi/12.3.1/../../../../arm-none-eabi/lib/thumb/v7e-m+dp/hard\libc_nano.a(libc_a-findfp.o) (__sread)
C:/ST/STM32CubeIDE_1.16.1/STM32CubeIDE/plugins/com.st.stm32cube.ide.mcu.externaltools.gnu-tools-for-stm32.12.3.rel1.win32_1.0.200.202406191623/tools/bin/../lib/gcc/arm-none-eabi/12.3.1/../../../../arm-none-eabi/lib/thumb/v7e-m+dp/hard\libc_nano.a(libc_a-memset.o)
                              C:/ST/STM32CubeIDE_1.16.1/STM32CubeIDE/plugins/com.st.stm32cube.ide.mcu.externaltools.gnu-tools-for-stm32.12.3.rel1.win32_1.0.200.202406191623/tools/bin/../lib/gcc/arm-none-eabi/12.3.1/../../../../arm-none-eabi/lib/thumb/v7e-m+dp/hard/crt0.o (memset)
C:/ST/STM32CubeIDE_1.16.1/STM32CubeIDE/plugins/com.st.stm32cube.ide.mcu.externaltools.gnu-tools-for-stm32.12.3.rel1.win32_1.0.200.202406191623/tools/bin/../lib/gcc/arm-none-eabi/12.3.1/../../../../arm-none-eabi/lib/thumb/v7e-m+dp/hard\libc_nano.a(libc_a-closer.o)
                              C:/ST/STM32CubeIDE_1.16.1/STM32CubeIDE/plugins/com.st.stm32cube.ide.mcu.externaltools.gnu-tools-for-stm32.12.3.rel1.win32_1.0.200.202406191623/tools/bin/../lib/gcc/arm-none-eabi/12.3.1/../../../../arm-none-eabi/lib/thumb/v7e-m+dp/hard\libc_nano.a(libc_a-stdio.o) (_close_r)
C:/ST/STM32CubeIDE_1.16.1/STM32CubeIDE/plugins/com.st.stm32cube.ide.mcu.externaltools.gnu-tools-for-stm32.12.3.rel1.win32_1.0.200.202406191623/tools/bin/../lib/gcc/arm-none-eabi/12.3.1/../../../../arm-none-eabi/lib/thumb/v7e-m+dp/hard\libc_nano.a(libc_a-reent.o)
                              C:/ST/STM32CubeIDE_1.16.1/STM32CubeIDE/plugins/com.st.stm32cube.ide.mcu.externaltools.gnu-tools-for-stm32.12.3.rel1.win32_1.0.200.202406191623/tools/bin/../lib/gcc/arm-none-eabi/12.3.1/../../../../arm-none-eabi/lib/thumb/v7e-m+dp/hard\libc_nano.a(libc_a-closer.o) (errno)
C:/ST/STM32CubeIDE_1.16.1/STM32CubeIDE/plugins/com.st.stm32cube.ide.mcu.externaltools.gnu-tools-for-stm32.12.3.rel1.win32_1.0.200.202406191623/tools/bin/../lib/gcc/arm-none-eabi/12.3.1/../../../../arm-none-eabi/lib/thumb/v7e-m+dp/hard\libc_nano.a(libc_a-impure.o)
                              C:/ST/STM32CubeIDE_1.16.1/STM32CubeIDE/plugins/com.st.stm32cube.ide.mcu.externaltools.gnu-tools-for-stm32.12.3.rel1.win32_1.0.200.202406191623/tools/bin/../lib/gcc/arm-none-eabi/12.3.1/../../../../arm-none-eabi/lib/thumb/v7e-m+dp/hard\libc_nano.a(libc_a-reent.o) (_impure_ptr)
C:/ST/STM32CubeIDE_1.16.1/STM32CubeIDE/plugins/com.st.stm32cube.ide.mcu.externaltools.gnu-tools-for-stm32.12.3.rel1.win32_1.0.200.202406191623/tools/bin/../lib/gcc/arm-none-eabi/12.3.1/../../../../arm-none-eabi/lib/thumb/v7e-m+dp/hard\libc_nano.a(libc_a-lseekr.o)
[...]
Memory Configuration

Name             Origin             Length             Attributes
ITCMRAM          0x00000000         0x00010000         xrw
DTCMRAM          0x20000000         0x00020000         xrw
FLASH            0x08000000         0x00100000         xr
RAM_D1           0x24000000         0x00050000         xrw
RAM_D2           0x30000000         0x00008000         xrw
RAM_D3           0x38000000         0x00004000         xrw
*default*        0x00000000         0xffffffff

Linker script and memory map

LOAD C:/ST/STM32CubeIDE_1.16.1/STM32CubeIDE/plugins/com.st.stm32cube.ide.mcu.externaltools.gnu-tools-for-stm32.12.3.rel1.win32_1.0.200.202406191623/tools/bin/../lib/gcc/arm-none-eabi/12.3.1/thumb/v7e-m+dp/hard/crti.o
LOAD C:/ST/STM32CubeIDE_1.16.1/STM32CubeIDE/plugins/com.st.stm32cube.ide.mcu.externaltools.gnu-tools-for-stm32.12.3.rel1.win32_1.0.200.202406191623/tools/bin/../lib/gcc/arm-none-eabi/12.3.1/thumb/v7e-m+dp/hard/crtbegin.o
LOAD C:/ST/STM32CubeIDE_1.16.1/STM32CubeIDE/plugins/com.st.stm32cube.ide.mcu.externaltools.gnu-tools-for-stm32.12.3.rel1.win32_1.0.200.202406191623/tools/bin/../lib/gcc/arm-none-eabi/12.3.1/../../../../arm-none-eabi/lib/thumb/v7e-m+dp/hard/crt0.o
LOAD ./Core/Src/dfsdm.o
LOAD ./Core/Src/dma.o
LOAD ./Core/Src/gpio.o
LOAD ./Core/Src/i2c.o
LOAD ./Core/Src/main.o
LOAD ./Core/Src/memorymap.o
LOAD ./Core/Src/octospi.o
LOAD ./Core/Src/spi.o
LOAD ./Core/Src/stm32h7xx_hal_msp.o
LOAD ./Core/Src/stm32h7xx_it.o
LOAD ./Core/Src/syscalls.o
LOAD ./Core/Src/sysmem.o
LOAD ./Core/Src/system_stm32h7xx.o
LOAD ./Core/Src/tim.o
LOAD ./Core/Src/usart.o
LOAD ./Core/Src/usb_otg.o
LOAD ./Core/Startup/startup_stm32h735igtx.o
LOAD ./Drivers/STM32H7xx_HAL_Driver/Src/stm32h7xx_hal.o
LOAD ./Drivers/STM32H7xx_HAL_Driver/Src/stm32h7xx_hal_cortex.o
LOAD ./Drivers/STM32H7xx_HAL_Driver/Src/stm32h7xx_hal_dfsdm.o
LOAD ./Drivers/STM32H7xx_HAL_Driver/Src/stm32h7xx_hal_dma.o
LOAD ./Drivers/STM32H7xx_HAL_Driver/Src/stm32h7xx_hal_dma_ex.o
LOAD ./Drivers/STM32H7xx_HAL_Driver/Src/stm32h7xx_hal_exti.o
LOAD ./Drivers/STM32H7xx_HAL_Driver/Src/stm32h7xx_hal_flash.o
LOAD ./Drivers/STM32H7xx_HAL_Driver/Src/stm32h7xx_hal_flash_ex.o
LOAD ./Drivers/STM32H7xx_HAL_Driver/Src/stm32h7xx_hal_gpio.o
LOAD ./Drivers/STM32H7xx_HAL_Driver/Src/stm32h7xx_hal_hcd.o
LOAD ./Drivers/STM32H7xx_HAL_Driver/Src/stm32h7xx_hal_hsem.o
LOAD ./Drivers/STM32H7xx_HAL_Driver/Src/stm32h7xx_hal_i2c.o
LOAD ./Drivers/STM32H7xx_HAL_Driver/Src/stm32h7xx_hal_i2c_ex.o
LOAD ./Drivers/STM32H7xx_HAL_Driver/Src/stm32h7xx_hal_mdma.o
LOAD ./Drivers/STM32H7xx_HAL_Driver/Src/stm32h7xx_hal_ospi.o
LOAD ./Drivers/STM32H7xx_HAL_Driver/Src/stm32h7xx_hal_pwr.o
LOAD ./Drivers/STM32H7xx_HAL_Driver/Src/stm32h7xx_hal_pwr_ex.o
LOAD ./Drivers/STM32H7xx_HAL_Driver/Src/stm32h7xx_hal_rcc.o
LOAD ./Drivers/STM32H7xx_HAL_Driver/Src/stm32h7xx_hal_rcc_ex.o
LOAD ./Drivers/STM32H7xx_HAL_Driver/Src/stm32h7xx_hal_spi.o
LOAD ./Drivers/STM32H7xx_HAL_Driver/Src/stm32h7xx_hal_spi_ex.o
LOAD ./Drivers/STM32H7xx_HAL_Driver/Src/stm32h7xx_hal_tim.o
LOAD ./Drivers/STM32H7xx_HAL_Driver/Src/stm32h7xx_hal_tim_ex.o
LOAD ./Drivers/STM32H7xx_HAL_Driver/Src/stm32h7xx_hal_uart.o
LOAD ./Drivers/STM32H7xx_HAL_Driver/Src/stm32h7xx_hal_uart_ex.o
LOAD ./Drivers/STM32H7xx_HAL_Driver/Src/stm32h7xx_ll_usb.o
START GROUP
LOAD C:/ST/STM32CubeIDE_1.16.1/STM32CubeIDE/plugins/com.st.stm32cube.ide.mcu.externaltools.gnu-tools-for-stm32.12.3.rel1.win32_1.0.200.202406191623/tools/bin/../lib/gcc/arm-none-eabi/12.3.1/../../../../arm-none-eabi/lib/thumb/v7e-m+dp/hard\libc_nano.a
LOAD C:/ST/STM32CubeIDE_1.16.1/STM32CubeIDE/plugins/com.st.stm32cube.ide.mcu.externaltools.gnu-tools-for-stm32.12.3.rel1.win32_1.0.200.202406191623/tools/bin/../lib/gcc/arm-none-eabi/12.3.1/../../../../arm-none-eabi/lib/thumb/v7e-m+dp/hard\libm.a
END GROUP
START GROUP
LOAD C:/ST/STM32CubeIDE_1.16.1/STM32CubeIDE/plugins/com.st.stm32cube.ide.mcu.externaltools.gnu-tools-for-stm32.12.3.rel1.win32_1.0.200.202406191623/tools/bin/../lib/gcc/arm-none-eabi/12.3.1/thumb/v7e-m+dp/hard\libgcc.a
LOAD C:/ST/STM32CubeIDE_1.16.1/STM32CubeIDE/plugins/com.st.stm32cube.ide.mcu.externaltools.gnu-tools-for-stm32.12.3.rel1.win32_1.0.200.202406191623/tools/bin/../lib/gcc/arm-none-eabi/12.3.1/../../../../arm-none-eabi/lib/thumb/v7e-m+dp/hard\libc_nano.a
END GROUP
START GROUP
LOAD C:/ST/STM32CubeIDE_1.16.1/STM32CubeIDE/plugins/com.st.stm32cube.ide.mcu.externaltools.gnu-tools-for-stm32.12.3.rel1.win32_1.0.200.202406191623/tools/bin/../lib/gcc/arm-none-eabi/12.3.1/thumb/v7e-m+dp/hard\libgcc.a
LOAD C:/ST/STM32CubeIDE_1.16.1/STM32CubeIDE/plugins/com.st.stm32cube.ide.mcu.externaltools.gnu-tools-for-stm32.12.3.rel1.win32_1.0.200.202406191623/tools/bin/../lib/gcc/arm-none-eabi/12.3.1/../../../../arm-none-eabi/lib/thumb/v7e-m+dp/hard\libc_nano.a
LOAD C:/ST/STM32CubeIDE_1.16.1/STM32CubeIDE/plugins/com.st.stm32cube.ide.mcu.externaltools.gnu-tools-for-stm32.12.3.rel1.win32_1.0.200.202406191623/tools/bin/../lib/gcc/arm-none-eabi/12.3.1/../../../../arm-none-eabi/lib/thumb/v7e-m+dp/hard\libnosys.a
END GROUP
START GROUP
LOAD C:/ST/STM32CubeIDE_1.16.1/STM32CubeIDE/plugins/com.st.stm32cube.ide.mcu.externaltools.gnu-tools-for-stm32.12.3.rel1.win32_1.0.200.202406191623/tools/bin/../lib/gcc/arm-none-eabi/12.3.1/thumb/v7e-m+dp/hard\libgcc.a
LOAD C:/ST/STM32CubeIDE_1.16.1/STM32CubeIDE/plugins/com.st.stm32cube.ide.mcu.externaltools.gnu-tools-for-stm32.12.3.rel1.win32_1.0.200.202406191623/tools/bin/../lib/gcc/arm-none-eabi/12.3.1/../../../../arm-none-eabi/lib/thumb/v7e-m+dp/hard\libc_nano.a
LOAD C:/ST/STM32CubeIDE_1.16.1/STM32CubeIDE/plugins/com.st.stm32cube.ide.mcu.externaltools.gnu-tools-for-stm32.12.3.rel1.win32_1.0.200.202406191623/tools/bin/../lib/gcc/arm-none-eabi/12.3.1/../../../../arm-none-eabi/lib/thumb/v7e-m+dp/hard\libnosys.a
END GROUP
LOAD C:/ST/STM32CubeIDE_1.16.1/STM32CubeIDE/plugins/com.st.stm32cube.ide.mcu.externaltools.gnu-tools-for-stm32.12.3.rel1.win32_1.0.200.202406191623/tools/bin/../lib/gcc/arm-none-eabi/12.3.1/thumb/v7e-m+dp/hard/crtend.o
LOAD C:/ST/STM32CubeIDE_1.16.1/STM32CubeIDE/plugins/com.st.stm32cube.ide.mcu.externaltools.gnu-tools-for-stm32.12.3.rel1.win32_1.0.200.202406191623/tools/bin/../lib/gcc/arm-none-eabi/12.3.1/thumb/v7e-m+dp/hard/crtn.o
                0x24050000                        _estack = (ORIGIN (RAM_D1) + LENGTH (RAM_D1))
                0x00000200                        _Min_Heap_Size = 0x200
                0x00000400                        _Min_Stack_Size = 0x400

.isr_vector     0x08000000      0x2cc
                0x08000000                        . = ALIGN (0x4)
 *(.isr_vector)
 .isr_vector    0x08000000      0x2cc ./Core/Startup/startup_stm32h735igtx.o
                0x08000000                g_pfnVectors
                0x080002cc                        . = ALIGN (0x4)

.text           0x080002cc     0xab28
                0x080002cc                        . = ALIGN (0x4)
 *(.text)
 .text          0x080002cc       0x40 C:/ST/STM32CubeIDE_1.16.1/STM32CubeIDE/plugins/com.st.stm32cube.ide.mcu.externaltools.gnu-tools-for-stm32.12.3.rel1.win32_1.0.200.202406191623/tools/bin/../lib/gcc/arm-none-eabi/12.3.1/thumb/v7e-m+dp/hard/crtbegin.o
 .text          0x0800030c       0x30 C:/ST/STM32CubeIDE_1.16.1/STM32CubeIDE/plugins/com.st.stm32cube.ide.mcu.externaltools.gnu-tools-for-stm32.12.3.rel1.win32_1.0.200.202406191623/tools/bin/../lib/gcc/arm-none-eabi/12.3.1/thumb/v7e-m+dp/hard\libgcc.a(_aeabi_uldivmod.o)
                0x0800030c                __aeabi_uldivmod
 .text          0x0800033c      0x2bc C:/ST/STM32CubeIDE_1.16.1/STM32CubeIDE/plugins/com.st.stm32cube.ide.mcu.externaltools.gnu-tools-for-stm32.12.3.rel1.win32_1.0.200.202406191623/tools/bin/../lib/gcc/arm-none-eabi/12.3.1/thumb/v7e-m+dp/hard\libgcc.a(_udivmoddi4.o)
                0x0800033c                __udivmoddi4
 .text          0x080005f8        0x4 C:/ST/STM32CubeIDE_1.16.1/STM32CubeIDE/plugins/com.st.stm32cube.ide.mcu.externaltools.gnu-tools-for-stm32.12.3.rel1.win32_1.0.200.202406191623/tools/bin/../lib/gcc/arm-none-eabi/12.3.1/thumb/v7e-m+dp/hard\libgcc.a(_dvmd_tls.o)
                0x080005f8                __aeabi_idiv0
                0x080005f8                __aeabi_ldiv0
 *(.text*)
 .text.MX_DFSDM1_Init
                0x080005fc       0xc8 ./Core/Src/dfsdm.o
                0x080005fc                MX_DFSDM1_Init
 .text.HAL_DFSDM_FilterMspInit
                0x080006c4      0x16c ./Core/Src/dfsdm.o
                0x080006c4                HAL_DFSDM_FilterMspInit
 .text.HAL_DFSDM_ChannelMspInit
                0x08000830       0xf0 ./Core/Src/dfsdm.o
                0x08000830                HAL_DFSDM_ChannelMspInit
 .text.MX_DMA_Init
                0x08000920       0x50 ./Core/Src/dma.o
                0x08000920                MX_DMA_Init
 .text.MX_GPIO_Init
                0x08000970      0x2bc ./Core/Src/gpio.o
                0x08000970                MX_GPIO_Init
 .text.MX_I2C1_Init
                0x08000c2c       0x80 ./Core/Src/i2c.o
                0x08000c2c                MX_I2C1_Init
 .text.MX_I2C2_Init
                0x08000cac       0x80 ./Core/Src/i2c.o
                0x08000cac                MX_I2C2_Init
 .text.MX_I2C3_Init
                0x08000d2c       0x80 ./Core/Src/i2c.o
                0x08000d2c                MX_I2C3_Init
 .text.HAL_I2C_MspInit
                0x08000dac      0x260 ./Core/Src/i2c.o
                0x08000dac                HAL_I2C_MspInit
 .text.main     0x0800100c       0x50 ./Core/Src/main.o
                0x0800100c                main
 .text.SystemClock_Config
                0x0800105c       0xe0 ./Core/Src/main.o
                0x0800105c                SystemClock_Config
 .text.Error_Handler
                0x0800113c        0xc ./Core/Src/main.o
                0x0800113c                Error_Handler
 .text.MX_OCTOSPI1_Init
                0x08001148       0xbc ./Core/Src/octospi.o
                0x08001148                MX_OCTOSPI1_Init
 .text.MX_OCTOSPI2_Init
                0x08001204       0xc0 ./Core/Src/octospi.o
                0x08001204                MX_OCTOSPI2_Init
 .text.HAL_OSPI_MspInit
                0x080012c4      0x314 ./Core/Src/octospi.o
                0x080012c4                HAL_OSPI_MspInit
 .text.MX_SPI1_Init
                0x080015d8       0xac ./Core/Src/spi.o
                0x080015d8                MX_SPI1_Init
 .text.MX_SPI3_Init
                0x08001684       0xac ./Core/Src/spi.o
                0x08001684                MX_SPI3_Init
 .text.MX_SPI4_Init
                0x08001730       0xac ./Core/Src/spi.o
                0x08001730                MX_SPI4_Init
 .text.HAL_SPI_MspInit
                0x080017dc      0x260 ./Core/Src/spi.o
                0x080017dc                HAL_SPI_MspInit
 .text.HAL_MspInit
                0x08001a3c       0x58 ./Core/Src/stm32h7xx_hal_msp.o
                0x08001a3c                HAL_MspInit
 .text.NMI_Handler
                0x08001a94        0x8 ./Core/Src/stm32h7xx_it.o
                0x08001a94                NMI_Handler
 .text.HardFault_Handler
                0x08001a9c        0x8 ./Core/Src/stm32h7xx_it.o
                0x08001a9c                HardFault_Handler
 .text.MemManage_Handler
                0x08001aa4        0x8 ./Core/Src/stm32h7xx_it.o
                0x08001aa4                MemManage_Handler
 .text.BusFault_Handler
                0x08001aac        0x8 ./Core/Src/stm32h7xx_it.o
                0x08001aac                BusFault_Handler
 .text.UsageFault_Handler
                0x08001ab4        0x8 ./Core/Src/stm32h7xx_it.o
                0x08001ab4                UsageFault_Handler
 .text.SVC_Handler
                0x08001abc        0xe ./Core/Src/stm32h7xx_it.o
                0x08001abc                SVC_Handler
 .text.DebugMon_Handler
                0x08001aca        0xe ./Core/Src/stm32h7xx_it.o
                0x08001aca                DebugMon_Handler
 .text.PendSV_Handler
                0x08001ad8        0xe ./Core/Src/stm32h7xx_it.o
                0x08001ad8                PendSV_Handler
 .text.SysTick_Handler
                0x08001ae6        0xc ./Core/Src/stm32h7xx_it.o
                0x08001ae6                SysTick_Handler
 *fill*         0x08001af2        0x2 
 .text.DMA1_Stream0_IRQHandler
                0x08001af4       0x14 ./Core/Src/stm32h7xx_it.o
                0x08001af4                DMA1_Stream0_IRQHandler
 .text.DMA1_Stream1_IRQHandler
                0x08001b08       0x14 ./Core/Src/stm32h7xx_it.o
                0x08001b08                DMA1_Stream1_IRQHandler
 .text.SystemInit
                0x08001b1c      0x118 ./Core/Src/system_stm32h7xx.o
                0x08001b1c                SystemInit
 .text.MX_TIM3_Init
                0x08001c34       0xf0 ./Core/Src/tim.o
                0x08001c34                MX_TIM3_Init
 .text.HAL_TIM_Base_MspInit
                0x08001d24       0xa8 ./Core/Src/tim.o
                0x08001d24                HAL_TIM_Base_MspInit
 .text.HAL_TIM_MspPostInit
                0x08001dcc       0x74 ./Core/Src/tim.o
                0x08001dcc                HAL_TIM_MspPostInit
 .text.MX_UART4_Init
                0x08001e40       0x98 ./Core/Src/usart.o
                0x08001e40                MX_UART4_Init
 .text.MX_UART7_Init
                0x08001ed8       0x98 ./Core/Src/usart.o
                0x08001ed8                MX_UART7_Init
 .text.MX_USART1_UART_Init
                0x08001f70       0x98 ./Core/Src/usart.o
                0x08001f70                MX_USART1_UART_Init
 .text.HAL_UART_MspInit
                0x08002008      0x210 ./Core/Src/usart.o
                0x08002008                HAL_UART_MspInit
 .text.MX_USB_OTG_HS_HCD_Init
                0x08002218       0x50 ./Core/Src/usb_otg.o
                0x08002218                MX_USB_OTG_HS_HCD_Init
 .text.HAL_HCD_MspInit
                0x08002268       0x7c ./Core/Src/usb_otg.o
                0x08002268                HAL_HCD_MspInit
 .text.Reset_Handler
                0x080022e4       0x50 ./Core/Startup/startup_stm32h735igtx.o
                0x080022e4                Reset_Handler
 .text.Default_Handler
                0x08002334        0x2 ./Core/Startup/startup_stm32h735igtx.o
                0x08002334                RTC_Alarm_IRQHandler
                0x08002334                HASH_RNG_IRQHandler
                0x08002334                EXTI2_IRQHandler
                0x08002334                TIM8_CC_IRQHandler
                0x08002334                UART8_IRQHandler
                0x08002334                SPI4_IRQHandler
                0x08002334                FDCAN3_IT0_IRQHandler
                0x08002334                TIM1_CC_IRQHandler
                0x08002334                BDMA_Channel6_IRQHandler
                0x08002334                DMA2_Stream5_IRQHandler
                0x08002334                DMA1_Stream5_IRQHandler
                0x08002334                CORDIC_IRQHandler
                0x08002334                BDMA_Channel1_IRQHandler
                0x08002334                TAMP_STAMP_IRQHandler
                0x08002334                EXTI3_IRQHandler
                0x08002334                LPTIM4_IRQHandler
                0x08002334                TIM8_TRG_COM_TIM14_IRQHandler
                0x08002334                LPTIM2_IRQHandler
                0x08002334                DFSDM1_FLT1_IRQHandler
                0x08002334                DMAMUX2_OVR_IRQHandler
                0x08002334                TIM8_UP_TIM13_IRQHandler
                0x08002334                I2C3_ER_IRQHandler
                0x08002334                DFSDM1_FLT2_IRQHandler
                0x08002334                I2C5_EV_IRQHandler
                0x08002334                USART10_IRQHandler
                0x08002334                MDMA_IRQHandler
                0x08002334                LPTIM3_IRQHandler
                0x08002334                HSEM1_IRQHandler
                0x08002334                EXTI0_IRQHandler
                0x08002334                I2C2_EV_IRQHandler
                0x08002334                DMA1_Stream2_IRQHandler
                0x08002334                FPU_IRQHandler
                0x08002334                OTG_HS_WKUP_IRQHandler
                0x08002334                FDCAN1_IT1_IRQHandler
                0x08002334                LTDC_ER_IRQHandler
                0x08002334                DMA2_Stream2_IRQHandler
                0x08002334                SPI1_IRQHandler
                0x08002334                OCTOSPI1_IRQHandler
                0x08002334                TIM6_DAC_IRQHandler
                0x08002334                DMA2_Stream3_IRQHandler
                0x08002334                OCTOSPI2_IRQHandler
                0x08002334                DFSDM1_FLT3_IRQHandler
                0x08002334                TIM23_IRQHandler
                0x08002334                USART6_IRQHandler
                0x08002334                TIM17_IRQHandler
                0x08002334                USART3_IRQHandler
                0x08002334                BDMA_Channel7_IRQHandler
                0x08002334                CRYP_IRQHandler
                0x08002334                LPTIM5_IRQHandler
                0x08002334                UART5_IRQHandler
                0x08002334                ADC3_IRQHandler
                0x08002334                DMA2_Stream0_IRQHandler
                0x08002334                TIM4_IRQHandler
                0x08002334                BDMA_Channel2_IRQHandler
                0x08002334                I2C1_EV_IRQHandler
                0x08002334                DMA1_Stream6_IRQHandler
                0x08002334                DMAMUX1_OVR_IRQHandler
                0x08002334                TIM16_IRQHandler
                0x08002334                UART4_IRQHandler
                0x08002334                BDMA_Channel5_IRQHandler
                0x08002334                TIM3_IRQHandler
                0x08002334                RCC_IRQHandler
                0x08002334                UART9_IRQHandler
                0x08002334                TIM8_BRK_TIM12_IRQHandler
                0x08002334                TIM1_TRG_COM_IRQHandler
                0x08002334                Default_Handler
                0x08002334                ECC_IRQHandler
                0x08002334                FMAC_IRQHandler
                0x08002334                CEC_IRQHandler
                0x08002334                EXTI15_10_IRQHandler
                0x08002334                BDMA_Channel0_IRQHandler
                0x08002334                ADC_IRQHandler
                0x08002334                I2C5_ER_IRQHandler
                0x08002334                OTFDEC1_IRQHandler
                0x08002334                DMA1_Stream7_IRQHandler
                0x08002334                SPI5_IRQHandler
                0x08002334                TIM7_IRQHandler
                0x08002334                FDCAN3_IT1_IRQHandler
                0x08002334                SDMMC1_IRQHandler
                0x08002334                TIM5_IRQHandler
                0x08002334                DMA2_Stream7_IRQHandler
                0x08002334                TIM15_IRQHandler
                0x08002334                PVD_AVD_IRQHandler
                0x08002334                I2C3_EV_IRQHandler
                0x08002334                EXTI9_5_IRQHandler
                0x08002334                RTC_WKUP_IRQHandler
                0x08002334                LTDC_IRQHandler
                0x08002334                ETH_WKUP_IRQHandler
                0x08002334                SPDIF_RX_IRQHandler
                0x08002334                SPI2_IRQHandler
                0x08002334                OTG_HS_EP1_IN_IRQHandler
                0x08002334                OTFDEC2_IRQHandler
                0x08002334                TIM24_IRQHandler
                0x08002334                CRS_IRQHandler
                0x08002334                EXTI4_IRQHandler
                0x08002334                FDCAN2_IT1_IRQHandler
                0x08002334                ETH_IRQHandler
                0x08002334                TIM1_UP_IRQHandler
                0x08002334                BDMA_Channel4_IRQHandler
                0x08002334                OTG_HS_EP1_OUT_IRQHandler
                0x08002334                WWDG_IRQHandler
                0x08002334                SPI6_IRQHandler
                0x08002334                MDIOS_IRQHandler
                0x08002334                I2C4_EV_IRQHandler
                0x08002334                FDCAN2_IT0_IRQHandler
                0x08002334                LPUART1_IRQHandler
                0x08002334                FDCAN1_IT0_IRQHandler
                0x08002334                TIM2_IRQHandler
                0x08002334                OTG_HS_IRQHandler
                0x08002334                DMA2D_IRQHandler
                0x08002334                TIM1_BRK_IRQHandler
                0x08002334                EXTI1_IRQHandler
                0x08002334                SDMMC2_IRQHandler
                0x08002334                BDMA_Channel3_IRQHandler
                0x08002334                DTS_IRQHandler
                0x08002334                UART7_IRQHandler
                0x08002334                MDIOS_WKUP_IRQHandler
                0x08002334                USART2_IRQHandler
                0x08002334                DFSDM1_FLT0_IRQHandler
                0x08002334                SAI4_IRQHandler
                0x08002334                I2C2_ER_IRQHandler
                0x08002334                DMA2_Stream1_IRQHandler
                0x08002334                FLASH_IRQHandler
                0x08002334                DMA2_Stream4_IRQHandler
                0x08002334                USART1_IRQHandler
                0x08002334                SPI3_IRQHandler
                0x08002334                WAKEUP_PIN_IRQHandler
                0x08002334                DMA1_Stream4_IRQHandler
                0x08002334                I2C1_ER_IRQHandler
                0x08002334                FMC_IRQHandler
                0x08002334                FDCAN_CAL_IRQHandler
                0x08002334                SWPMI1_IRQHandler
                0x08002334                COMP1_IRQHandler
                0x08002334                LPTIM1_IRQHandler
                0x08002334                DCMI_PSSI_IRQHandler
                0x08002334                I2C4_ER_IRQHandler
                0x08002334                DMA2_Stream6_IRQHandler
                0x08002334                SAI1_IRQHandler
                0x08002334                DMA1_Stream3_IRQHandler
 *fill*         0x08002336        0x2 
 .text.HAL_Init
                0x08002338       0x78 ./Drivers/STM32H7xx_HAL_Driver/Src/stm32h7xx_hal.o
                0x08002338                HAL_Init
 .text.HAL_InitTick
                0x080023b0       0x6c ./Drivers/STM32H7xx_HAL_Driver/Src/stm32h7xx_hal.o
                0x080023b0                HAL_InitTick
 .text.HAL_IncTick
                0x0800241c       0x28 ./Drivers/STM32H7xx_HAL_Driver/Src/stm32h7xx_hal.o
                0x0800241c                HAL_IncTick
 .text.HAL_GetTick
                0x08002444       0x18 ./Drivers/STM32H7xx_HAL_Driver/Src/stm32h7xx_hal.o
                0x08002444                HAL_GetTick
 .text.HAL_Delay
                0x0800245c       0x48 ./Drivers/STM32H7xx_HAL_Driver/Src/stm32h7xx_hal.o
                0x0800245c                HAL_Delay
 .text.HAL_SYSCFG_VREFBUF_HighImpedanceConfig
                0x080024a4       0x28 ./Drivers/STM32H7xx_HAL_Driver/Src/stm32h7xx_hal.o
                0x080024a4                HAL_SYSCFG_VREFBUF_HighImpedanceConfig
 .text.HAL_SYSCFG_DisableVREFBUF
                0x080024cc       0x20 ./Drivers/STM32H7xx_HAL_Driver/Src/stm32h7xx_hal.o
                0x080024cc                HAL_SYSCFG_DisableVREFBUF
 .text.__NVIC_SetPriorityGrouping
                0x080024ec       0x48 ./Drivers/STM32H7xx_HAL_Driver/Src/stm32h7xx_hal_cortex.o
 .text.__NVIC_GetPriorityGrouping
                0x08002534       0x1c ./Drivers/STM32H7xx_HAL_Driver/Src/stm32h7xx_hal_cortex.o
 .text.__NVIC_EnableIRQ
                0x08002550       0x3c ./Drivers/STM32H7xx_HAL_Driver/Src/stm32h7xx_hal_cortex.o
 .text.__NVIC_SetPriority
                0x0800258c       0x54 ./Drivers/STM32H7xx_HAL_Driver/Src/stm32h7xx_hal_cortex.o
 .text.NVIC_EncodePriority
                0x080025e0       0x66 ./Drivers/STM32H7xx_HAL_Driver/Src/stm32h7xx_hal_cortex.o
 *fill*         0x08002646        0x2 
 .text.SysTick_Config
                0x08002648       0x44 ./Drivers/STM32H7xx_HAL_Driver/Src/stm32h7xx_hal_cortex.o
 .text.HAL_NVIC_SetPriorityGrouping
                0x0800268c       0x16 ./Drivers/STM32H7xx_HAL_Driver/Src/stm32h7xx_hal_cortex.o
                0x0800268c                HAL_NVIC_SetPriorityGrouping
 .text.HAL_NVIC_SetPriority
                0x080026a2       0x34 ./Drivers/STM32H7xx_HAL_Driver/Src/stm32h7xx_hal_cortex.o
                0x080026a2                HAL_NVIC_SetPriority
 .text.HAL_NVIC_EnableIRQ
                0x080026d6       0x1c ./Drivers/STM32H7xx_HAL_Driver/Src/stm32h7xx_hal_cortex.o
                0x080026d6                HAL_NVIC_EnableIRQ
 .text.HAL_SYSTICK_Config
                0x080026f2       0x18 ./Drivers/STM32H7xx_HAL_Driver/Src/stm32h7xx_hal_cortex.o
                0x080026f2                HAL_SYSTICK_Config
 *fill*         0x0800270a        0x2 
 .text.HAL_DFSDM_ChannelInit
                0x0800270c      0x190 ./Drivers/STM32H7xx_HAL_Driver/Src/stm32h7xx_hal_dfsdm.o
                0x0800270c                HAL_DFSDM_ChannelInit
 .text.HAL_DFSDM_FilterInit
                0x0800289c      0x1b8 ./Drivers/STM32H7xx_HAL_Driver/Src/stm32h7xx_hal_dfsdm.o
                0x0800289c                HAL_DFSDM_FilterInit
 .text.HAL_DFSDM_FilterConfigRegChannel
                0x08002a54       0x8c ./Drivers/STM32H7xx_HAL_Driver/Src/stm32h7xx_hal_dfsdm.o
                0x08002a54                HAL_DFSDM_FilterConfigRegChannel
 .text.DFSDM_GetChannelFromInstance
                0x08002ae0       0x98 ./Drivers/STM32H7xx_HAL_Driver/Src/stm32h7xx_hal_dfsdm.o
 .text.HAL_DMA_Init
                0x08002b78      0x6b0 ./Drivers/STM32H7xx_HAL_Driver/Src/stm32h7xx_hal_dma.o
                0x08002b78                HAL_DMA_Init
 .text.HAL_DMA_IRQHandler
                0x08003228      0xe54 ./Drivers/STM32H7xx_HAL_Driver/Src/stm32h7xx_hal_dma.o
                0x08003228                HAL_DMA_IRQHandler
 .text.DMA_CalcBaseAndBitshift
                0x0800407c      0x164 ./Drivers/STM32H7xx_HAL_Driver/Src/stm32h7xx_hal_dma.o
 .text.DMA_CheckFifoParam
                0x080041e0       0xf8 ./Drivers/STM32H7xx_HAL_Driver/Src/stm32h7xx_hal_dma.o
 .text.DMA_CalcDMAMUXChannelBaseAndMask
                0x080042d8      0x134 ./Drivers/STM32H7xx_HAL_Driver/Src/stm32h7xx_hal_dma.o
 .text.DMA_CalcDMAMUXRequestGenBaseAndMask
                0x0800440c       0xe8 ./Drivers/STM32H7xx_HAL_Driver/Src/stm32h7xx_hal_dma.o
 .text.HAL_GPIO_Init
                0x080044f4      0x350 ./Drivers/STM32H7xx_HAL_Driver/Src/stm32h7xx_hal_gpio.o
                0x080044f4                HAL_GPIO_Init
 .text.HAL_GPIO_WritePin
                0x08004844       0x32 ./Drivers/STM32H7xx_HAL_Driver/Src/stm32h7xx_hal_gpio.o
                0x08004844                HAL_GPIO_WritePin
 .text.HAL_HCD_Init
                0x08004876       0xba ./Drivers/STM32H7xx_HAL_Driver/Src/stm32h7xx_hal_hcd.o
                0x08004876                HAL_HCD_Init
 .text.HAL_I2C_Init
                0x08004930      0x138 ./Drivers/STM32H7xx_HAL_Driver/Src/stm32h7xx_hal_i2c.o
                0x08004930                HAL_I2C_Init
 .text.HAL_I2CEx_ConfigAnalogFilter
                0x08004a68       0x96 ./Drivers/STM32H7xx_HAL_Driver/Src/stm32h7xx_hal_i2c_ex.o
                0x08004a68                HAL_I2CEx_ConfigAnalogFilter
 .text.HAL_I2CEx_ConfigDigitalFilter
                0x08004afe       0x98 ./Drivers/STM32H7xx_HAL_Driver/Src/stm32h7xx_hal_i2c_ex.o
                0x08004afe                HAL_I2CEx_ConfigDigitalFilter
 *fill*         0x08004b96        0x2 
 .text.HAL_OSPI_Init
                0x08004b98      0x178 ./Drivers/STM32H7xx_HAL_Driver/Src/stm32h7xx_hal_ospi.o
                0x08004b98                HAL_OSPI_Init
 .text.HAL_OSPI_SetTimeout
                0x08004d10       0x1e ./Drivers/STM32H7xx_HAL_Driver/Src/stm32h7xx_hal_ospi.o
                0x08004d10                HAL_OSPI_SetTimeout
 *fill*         0x08004d2e        0x2 
 .text.HAL_OSPIM_Config
                0x08004d30      0x9d0 ./Drivers/STM32H7xx_HAL_Driver/Src/stm32h7xx_hal_ospi.o
                0x08004d30                HAL_OSPIM_Config
 .text.OSPI_WaitFlagStateUntilTimeout
                0x08005700       0x6e ./Drivers/STM32H7xx_HAL_Driver/Src/stm32h7xx_hal_ospi.o
 *fill*         0x0800576e        0x2 
 .text.OSPIM_GetConfig
                0x08005770      0x174 ./Drivers/STM32H7xx_HAL_Driver/Src/stm32h7xx_hal_ospi.o
 .text.HAL_PWREx_ConfigSupply
                0x080058e4       0xb4 ./Drivers/STM32H7xx_HAL_Driver/Src/stm32h7xx_hal_pwr_ex.o
                0x080058e4                HAL_PWREx_ConfigSupply
 .text.HAL_PWREx_EnableUSBVoltageDetector
                0x08005998       0x20 ./Drivers/STM32H7xx_HAL_Driver/Src/stm32h7xx_hal_pwr_ex.o
                0x08005998                HAL_PWREx_EnableUSBVoltageDetector
 .text.HAL_RCC_OscConfig
                0x080059b8      0x7b4 ./Drivers/STM32H7xx_HAL_Driver/Src/stm32h7xx_hal_rcc.o
                0x080059b8                HAL_RCC_OscConfig
 .text.HAL_RCC_ClockConfig
                0x0800616c      0x36c ./Drivers/STM32H7xx_HAL_Driver/Src/stm32h7xx_hal_rcc.o
                0x0800616c                HAL_RCC_ClockConfig
 .text.HAL_RCC_GetSysClockFreq
                0x080064d8      0x2f4 ./Drivers/STM32H7xx_HAL_Driver/Src/stm32h7xx_hal_rcc.o
                0x080064d8                HAL_RCC_GetSysClockFreq
 .text.HAL_RCC_GetHCLKFreq
                0x080067cc       0x60 ./Drivers/STM32H7xx_HAL_Driver/Src/stm32h7xx_hal_rcc.o
                0x080067cc                HAL_RCC_GetHCLKFreq
 .text.HAL_RCC_GetPCLK1Freq
                0x0800682c       0x2c ./Drivers/STM32H7xx_HAL_Driver/Src/stm32h7xx_hal_rcc.o
                0x0800682c                HAL_RCC_GetPCLK1Freq
 .text.HAL_RCC_GetPCLK2Freq
                0x08006858       0x2c ./Drivers/STM32H7xx_HAL_Driver/Src/stm32h7xx_hal_rcc.o
                0x08006858                HAL_RCC_GetPCLK2Freq
 .text.HAL_RCCEx_PeriphCLKConfig
                0x08006884     0x1340 ./Drivers/STM32H7xx_HAL_Driver/Src/stm32h7xx_hal_rcc_ex.o
                0x08006884                HAL_RCCEx_PeriphCLKConfig
 .text.HAL_RCCEx_GetD3PCLK1Freq
                0x08007bc4       0x2c ./Drivers/STM32H7xx_HAL_Driver/Src/stm32h7xx_hal_rcc_ex.o
                0x08007bc4                HAL_RCCEx_GetD3PCLK1Freq
 .text.HAL_RCCEx_GetPLL2ClockFreq
                0x08007bf0      0x2a8 ./Drivers/STM32H7xx_HAL_Driver/Src/stm32h7xx_hal_rcc_ex.o
                0x08007bf0                HAL_RCCEx_GetPLL2ClockFreq
 .text.HAL_RCCEx_GetPLL3ClockFreq
                0x08007e98      0x2a8 ./Drivers/STM32H7xx_HAL_Driver/Src/stm32h7xx_hal_rcc_ex.o
                0x08007e98                HAL_RCCEx_GetPLL3ClockFreq
 .text.RCCEx_PLL2_Config
                0x08008140      0x164 ./Drivers/STM32H7xx_HAL_Driver/Src/stm32h7xx_hal_rcc_ex.o
 .text.RCCEx_PLL3_Config
                0x080082a4      0x164 ./Drivers/STM32H7xx_HAL_Driver/Src/stm32h7xx_hal_rcc_ex.o
 .text.HAL_SPI_Init
                0x08008408      0x248 ./Drivers/STM32H7xx_HAL_Driver/Src/stm32h7xx_hal_spi.o
                0x08008408                HAL_SPI_Init
 .text.SPI_GetPacketSize
                0x08008650       0x36 ./Drivers/STM32H7xx_HAL_Driver/Src/stm32h7xx_hal_spi.o
 .text.HAL_TIM_Base_Init
                0x08008686       0xae ./Drivers/STM32H7xx_HAL_Driver/Src/stm32h7xx_hal_tim.o
                0x08008686                HAL_TIM_Base_Init
 .text.HAL_TIM_PWM_Init
                0x08008734       0xae ./Drivers/STM32H7xx_HAL_Driver/Src/stm32h7xx_hal_tim.o
                0x08008734                HAL_TIM_PWM_Init
 .text.HAL_TIM_PWM_MspInit
                0x080087e2       0x14 ./Drivers/STM32H7xx_HAL_Driver/Src/stm32h7xx_hal_tim.o
                0x080087e2                HAL_TIM_PWM_MspInit
 *fill*         0x080087f6        0x2 
 .text.HAL_TIM_PWM_ConfigChannel
                0x080087f8      0x228 ./Drivers/STM32H7xx_HAL_Driver/Src/stm32h7xx_hal_tim.o
                0x080087f8                HAL_TIM_PWM_ConfigChannel
 .text.HAL_TIM_ConfigClockSource
                0x08008a20      0x1f0 ./Drivers/STM32H7xx_HAL_Driver/Src/stm32h7xx_hal_tim.o
                0x08008a20                HAL_TIM_ConfigClockSource
 .text.TIM_Base_SetConfig
                0x08008c10      0x164 ./Drivers/STM32H7xx_HAL_Driver/Src/stm32h7xx_hal_tim.o
                0x08008c10                TIM_Base_SetConfig
 .text.TIM_OC1_SetConfig
                0x08008d74      0x120 ./Drivers/STM32H7xx_HAL_Driver/Src/stm32h7xx_hal_tim.o
 .text.TIM_OC2_SetConfig
                0x08008e94      0x114 ./Drivers/STM32H7xx_HAL_Driver/Src/stm32h7xx_hal_tim.o
                0x08008e94                TIM_OC2_SetConfig
 .text.TIM_OC3_SetConfig
                0x08008fa8      0x110 ./Drivers/STM32H7xx_HAL_Driver/Src/stm32h7xx_hal_tim.o
 .text.TIM_OC4_SetConfig
                0x080090b8       0xd4 ./Drivers/STM32H7xx_HAL_Driver/Src/stm32h7xx_hal_tim.o
 .text.TIM_OC5_SetConfig
                0x0800918c       0xc8 ./Drivers/STM32H7xx_HAL_Driver/Src/stm32h7xx_hal_tim.o
 .text.TIM_OC6_SetConfig
                0x08009254       0xcc ./Drivers/STM32H7xx_HAL_Driver/Src/stm32h7xx_hal_tim.o
 .text.TIM_TI1_ConfigInputStage
                0x08009320       0x5e ./Drivers/STM32H7xx_HAL_Driver/Src/stm32h7xx_hal_tim.o
 .text.TIM_TI2_ConfigInputStage
                0x0800937e       0x60 ./Drivers/STM32H7xx_HAL_Driver/Src/stm32h7xx_hal_tim.o
 *fill*         0x080093de        0x2 
 .text.TIM_ITRx_SetConfig
                0x080093e0       0x3c ./Drivers/STM32H7xx_HAL_Driver/Src/stm32h7xx_hal_tim.o
 .text.TIM_ETR_SetConfig
                0x0800941c       0x40 ./Drivers/STM32H7xx_HAL_Driver/Src/stm32h7xx_hal_tim.o
                0x0800941c                TIM_ETR_SetConfig
 .text.HAL_TIMEx_MasterConfigSynchronization
                0x0800945c      0x138 ./Drivers/STM32H7xx_HAL_Driver/Src/stm32h7xx_hal_tim_ex.o
                0x0800945c                HAL_TIMEx_MasterConfigSynchronization
 .text.HAL_UART_Init
                0x08009594       0xa0 ./Drivers/STM32H7xx_HAL_Driver/Src/stm32h7xx_hal_uart.o
                0x08009594                HAL_UART_Init
 .text.UART_SetConfig
                0x08009634      0xcd8 ./Drivers/STM32H7xx_HAL_Driver/Src/stm32h7xx_hal_uart.o
                0x08009634                UART_SetConfig
 .text.UART_AdvFeatureConfig
                0x0800a30c      0x144 ./Drivers/STM32H7xx_HAL_Driver/Src/stm32h7xx_hal_uart.o
                0x0800a30c                UART_AdvFeatureConfig
 .text.UART_CheckIdleState
                0x0800a450      0x154 ./Drivers/STM32H7xx_HAL_Driver/Src/stm32h7xx_hal_uart.o
                0x0800a450                UART_CheckIdleState
 .text.UART_WaitOnFlagUntilTimeout
                0x0800a5a4       0xda ./Drivers/STM32H7xx_HAL_Driver/Src/stm32h7xx_hal_uart.o
                0x0800a5a4                UART_WaitOnFlagUntilTimeout
 *fill*         0x0800a67e        0x2 
 .text.UART_EndRxTransfer
                0x0800a680       0xcc ./Drivers/STM32H7xx_HAL_Driver/Src/stm32h7xx_hal_uart.o
 .text.HAL_UARTEx_DisableFifoMode
                0x0800a74c       0x72 ./Drivers/STM32H7xx_HAL_Driver/Src/stm32h7xx_hal_uart_ex.o
                0x0800a74c                HAL_UARTEx_DisableFifoMode
 .text.HAL_UARTEx_SetTxFifoThreshold
                0x0800a7be       0x7c ./Drivers/STM32H7xx_HAL_Driver/Src/stm32h7xx_hal_uart_ex.o
                0x0800a7be                HAL_UARTEx_SetTxFifoThreshold
 .text.HAL_UARTEx_SetRxFifoThreshold
                0x0800a83a       0x7c ./Drivers/STM32H7xx_HAL_Driver/Src/stm32h7xx_hal_uart_ex.o
                0x0800a83a                HAL_UARTEx_SetRxFifoThreshold
 *fill*         0x0800a8b6        0x2 
 .text.UARTEx_SetNbDataToProcess
                0x0800a8b8       0x9c ./Drivers/STM32H7xx_HAL_Driver/Src/stm32h7xx_hal_uart_ex.o
 .text.USB_CoreInit
                0x0800a954       0xe4 ./Drivers/STM32H7xx_HAL_Driver/Src/stm32h7xx_ll_usb.o
                0x0800a954                USB_CoreInit
 .text.USB_DisableGlobalInt
                0x0800aa38       0x22 ./Drivers/STM32H7xx_HAL_Driver/Src/stm32h7xx_ll_usb.o
                0x0800aa38                USB_DisableGlobalInt
 .text.USB_SetCurrentMode
                0x0800aa5a       0x98 ./Drivers/STM32H7xx_HAL_Driver/Src/stm32h7xx_ll_usb.o
                0x0800aa5a                USB_SetCurrentMode
 .text.USB_FlushTxFifo
                0x0800aaf2       0x64 ./Drivers/STM32H7xx_HAL_Driver/Src/stm32h7xx_ll_usb.o
                0x0800aaf2                USB_FlushTxFifo
 .text.USB_FlushRxFifo
                0x0800ab56       0x5c ./Drivers/STM32H7xx_HAL_Driver/Src/stm32h7xx_ll_usb.o
                0x0800ab56                USB_FlushRxFifo
 .text.USB_GetMode
                0x0800abb2       0x1c ./Drivers/STM32H7xx_HAL_Driver/Src/stm32h7xx_ll_usb.o
                0x0800abb2                USB_GetMode
 .text.USB_CoreReset
                0x0800abce       0x62 ./Drivers/STM32H7xx_HAL_Driver/Src/stm32h7xx_ll_usb.o
 .text.USB_HostInit
                0x0800ac30      0x154 ./Drivers/STM32H7xx_HAL_Driver/Src/stm32h7xx_ll_usb.o
                0x0800ac30                USB_HostInit
 .text.memset   0x0800ad84       0x10 C:/ST/STM32CubeIDE_1.16.1/STM32CubeIDE/plugins/com.st.stm32cube.ide.mcu.externaltools.gnu-tools-for-stm32.12.3.rel1.win32_1.0.200.202406191623/tools/bin/../lib/gcc/arm-none-eabi/12.3.1/../../../../arm-none-eabi/lib/thumb/v7e-m+dp/hard\libc_nano.a(libc_a-memset.o)
                0x0800ad84                memset
 .text.__libc_init_array
                0x0800ad94       0x48 C:/ST/STM32CubeIDE_1.16.1/STM32CubeIDE/plugins/com.st.stm32cube.ide.mcu.externaltools.gnu-tools-for-stm32.12.3.rel1.win32_1.0.200.202406191623/tools/bin/../lib/gcc/arm-none-eabi/12.3.1/../../../../arm-none-eabi/lib/thumb/v7e-m+dp/hard\libc_nano.a(libc_a-init.o)
                0x0800ad94                __libc_init_array
 *(.glue_7)
 .glue_7        0x0800addc        0x0 linker stubs
 *(.glue_7t)
 .glue_7t       0x0800addc        0x0 linker stubs
 *(.eh_frame)
 .eh_frame      0x0800addc        0x0 C:/ST/STM32CubeIDE_1.16.1/STM32CubeIDE/plugins/com.st.stm32cube.ide.mcu.externaltools.gnu-tools-for-stm32.12.3.rel1.win32_1.0.200.202406191623/tools/bin/../lib/gcc/arm-none-eabi/12.3.1/thumb/v7e-m+dp/hard/crtbegin.o
 *(.init)
 .init          0x0800addc        0x4 C:/ST/STM32CubeIDE_1.16.1/STM32CubeIDE/plugins/com.st.stm32cube.ide.mcu.externaltools.gnu-tools-for-stm32.12.3.rel1.win32_1.0.200.202406191623/tools/bin/../lib/gcc/arm-none-eabi/12.3.1/thumb/v7e-m+dp/hard/crti.o
                0x0800addc                _init
 .init          0x0800ade0        0x8 C:/ST/STM32CubeIDE_1.16.1/STM32CubeIDE/plugins/com.st.stm32cube.ide.mcu.externaltools.gnu-tools-for-stm32.12.3.rel1.win32_1.0.200.202406191623/tools/bin/../lib/gcc/arm-none-eabi/12.3.1/thumb/v7e-m+dp/hard/crtn.o
 *(.fini)
 .fini          0x0800ade8        0x4 C:/ST/STM32CubeIDE_1.16.1/STM32CubeIDE/plugins/com.st.stm32cube.ide.mcu.externaltools.gnu-tools-for-stm32.12.3.rel1.win32_1.0.200.202406191623/tools/bin/../lib/gcc/arm-none-eabi/12.3.1/thumb/v7e-m+dp/hard/crti.o
                0x0800ade8                _fini
 .fini          0x0800adec        0x8 C:/ST/STM32CubeIDE_1.16.1/STM32CubeIDE/plugins/com.st.stm32cube.ide.mcu.externaltools.gnu-tools-for-stm32.12.3.rel1.win32_1.0.200.202406191623/tools/bin/../lib/gcc/arm-none-eabi/12.3.1/thumb/v7e-m+dp/hard/crtn.o
                0x0800adf4                        . = ALIGN (0x4)
                0x0800adf4                        _etext = .

.vfp11_veneer   0x0800adf4        0x0
 .vfp11_veneer  0x0800adf4        0x0 linker stubs

.v4_bx          0x0800adf4        0x0
 .v4_bx         0x0800adf4        0x0 linker stubs

.iplt           0x0800adf4        0x0
 .iplt          0x0800adf4        0x0 C:/ST/STM32CubeIDE_1.16.1/STM32CubeIDE/plugins/com.st.stm32cube.ide.mcu.externaltools.gnu-tools-for-stm32.12.3.rel1.win32_1.0.200.202406191623/tools/bin/../lib/gcc/arm-none-eabi/12.3.1/thumb/v7e-m+dp/hard/crtbegin.o

.rodata         0x0800adf4       0x40
                0x0800adf4                        . = ALIGN (0x4)
 *(.rodata)
 *(.rodata*)
 .rodata.D1CorePrescTable
                0x0800adf4       0x10 ./Core/Src/system_stm32h7xx.o
                0x0800adf4                D1CorePrescTable
 .rodata.flagBitshiftOffset.0
                0x0800ae04        0x8 ./Drivers/STM32H7xx_HAL_Driver/Src/stm32h7xx_hal_dma.o
 .rodata.UARTPrescTable
                0x0800ae0c       0x18 ./Drivers/STM32H7xx_HAL_Driver/Src/stm32h7xx_hal_uart.o
                0x0800ae0c                UARTPrescTable
 .rodata.numerator.1
                0x0800ae24        0x8 ./Drivers/STM32H7xx_HAL_Driver/Src/stm32h7xx_hal_uart_ex.o
 .rodata.denominator.0
                0x0800ae2c        0x8 ./Drivers/STM32H7xx_HAL_Driver/Src/stm32h7xx_hal_uart_ex.o
                0x0800ae34                        . = ALIGN (0x4)

.ARM.extab
 *(.ARM.extab* .gnu.linkonce.armextab.*)

.ARM            0x0800ae34        0x8
                0x0800ae34                        __exidx_start = .
 *(.ARM.exidx*)
 .ARM.exidx     0x0800ae34        0x8 C:/ST/STM32CubeIDE_1.16.1/STM32CubeIDE/plugins/com.st.stm32cube.ide.mcu.externaltools.gnu-tools-for-stm32.12.3.rel1.win32_1.0.200.202406191623/tools/bin/../lib/gcc/arm-none-eabi/12.3.1/thumb/v7e-m+dp/hard\libgcc.a(_udivmoddi4.o)
                0x0800ae3c                        __exidx_end = .

.rel.dyn        0x0800ae3c        0x0
 .rel.iplt      0x0800ae3c        0x0 C:/ST/STM32CubeIDE_1.16.1/STM32CubeIDE/plugins/com.st.stm32cube.ide.mcu.externaltools.gnu-tools-for-stm32.12.3.rel1.win32_1.0.200.202406191623/tools/bin/../lib/gcc/arm-none-eabi/12.3.1/thumb/v7e-m+dp/hard/crtbegin.o

.preinit_array  0x0800ae3c        0x0
                0x0800ae3c                        PROVIDE (__preinit_array_start = .)
 *(.preinit_array*)
                0x0800ae3c                        PROVIDE (__preinit_array_end = .)

.init_array     0x0800ae3c        0x4
                0x0800ae3c                        PROVIDE (__init_array_start = .)
 *(SORT_BY_NAME(.init_array.*))
 *(.init_array*)
 .init_array    0x0800ae3c        0x4 C:/ST/STM32CubeIDE_1.16.1/STM32CubeIDE/plugins/com.st.stm32cube.ide.mcu.externaltools.gnu-tools-for-stm32.12.3.rel1.win32_1.0.200.202406191623/tools/bin/../lib/gcc/arm-none-eabi/12.3.1/thumb/v7e-m+dp/hard/crtbegin.o
                0x0800ae40                        PROVIDE (__init_array_end = .)

.fini_array     0x0800ae40        0x4
                [!provide]                        PROVIDE (__fini_array_start = .)
 *(SORT_BY_NAME(.fini_array.*))
 *(.fini_array*)
 .fini_array    0x0800ae40        0x4 C:/ST/STM32CubeIDE_1.16.1/STM32CubeIDE/plugins/com.st.stm32cube.ide.mcu.externaltools.gnu-tools-for-stm32.12.3.rel1.win32_1.0.200.202406191623/tools/bin/../lib/gcc/arm-none-eabi/12.3.1/thumb/v7e-m+dp/hard/crtbegin.o
                [!provide]                        PROVIDE (__fini_array_end = .)
                0x0800ae44                        _sidata = LOADADDR (.data)

.data           0x24000000       0x10 load address 0x0800ae44
                0x24000000                        . = ALIGN (0x4)
                0x24000000                        _sdata = .
 *(.data)
 *(.data*)
 .data.SystemCoreClock
                0x24000000        0x4 ./Core/Src/system_stm32h7xx.o
                0x24000000                SystemCoreClock
 .data.SystemD2Clock
                0x24000004        0x4 ./Core/Src/system_stm32h7xx.o
                0x24000004                SystemD2Clock
 .data.uwTickPrio
                0x24000008        0x4 ./Drivers/STM32H7xx_HAL_Driver/Src/stm32h7xx_hal.o
                0x24000008                uwTickPrio
 .data.uwTickFreq
                0x2400000c        0x1 ./Drivers/STM32H7xx_HAL_Driver/Src/stm32h7xx_hal.o
                0x2400000c                uwTickFreq
 *(.RamFunc)
 *(.RamFunc*)
                0x24000010                        . = ALIGN (0x4)
 *fill*         0x2400000d        0x3 
                0x24000010                        _edata = .

.igot.plt       0x24000010        0x0 load address 0x0800ae54
 .igot.plt      0x24000010        0x0 C:/ST/STM32CubeIDE_1.16.1/STM32CubeIDE/plugins/com.st.stm32cube.ide.mcu.externaltools.gnu-tools-for-stm32.12.3.rel1.win32_1.0.200.202406191623/tools/bin/../lib/gcc/arm-none-eabi/12.3.1/thumb/v7e-m+dp/hard/crtbegin.o
                0x24000010                        . = ALIGN (0x4)

.bss            0x24000010      0xb00 load address 0x0800ae54
                0x24000010                        _sbss = .
                0x24000010                        __bss_start__ = _sbss
 *(.bss)
 .bss           0x24000010       0x1c C:/ST/STM32CubeIDE_1.16.1/STM32CubeIDE/plugins/com.st.stm32cube.ide.mcu.externaltools.gnu-tools-for-stm32.12.3.rel1.win32_1.0.200.202406191623/tools/bin/../lib/gcc/arm-none-eabi/12.3.1/thumb/v7e-m+dp/hard/crtbegin.o
 *(.bss*)
 .bss.hdfsdm1_filter0
                0x2400002c       0x54 ./Core/Src/dfsdm.o
                0x2400002c                hdfsdm1_filter0
 .bss.hdfsdm1_channel2
                0x24000080       0x38 ./Core/Src/dfsdm.o
                0x24000080                hdfsdm1_channel2
 .bss.hdma_dfsdm1_flt0
                0x240000b8       0x78 ./Core/Src/dfsdm.o
                0x240000b8                hdma_dfsdm1_flt0
 .bss.HAL_RCC_DFSDM1_CLK_ENABLED
                0x24000130        0x4 ./Core/Src/dfsdm.o
 .bss.DFSDM1_Init
                0x24000134        0x4 ./Core/Src/dfsdm.o
 .bss.hi2c1     0x24000138       0x54 ./Core/Src/i2c.o
                0x24000138                hi2c1
 .bss.hi2c2     0x2400018c       0x54 ./Core/Src/i2c.o
                0x2400018c                hi2c2
 .bss.hi2c3     0x240001e0       0x54 ./Core/Src/i2c.o
                0x240001e0                hi2c3
 .bss.hospi1    0x24000234       0x5c ./Core/Src/octospi.o
                0x24000234                hospi1
 .bss.hospi2    0x24000290       0x5c ./Core/Src/octospi.o
                0x24000290                hospi2
 .bss.HAL_RCC_OCTOSPIM_CLK_ENABLED
                0x240002ec        0x4 ./Core/Src/octospi.o
 .bss.hspi1     0x240002f0       0x88 ./Core/Src/spi.o
                0x240002f0                hspi1
 .bss.hspi3     0x24000378       0x88 ./Core/Src/spi.o
                0x24000378                hspi3
 .bss.hspi4     0x24000400       0x88 ./Core/Src/spi.o
                0x24000400                hspi4
 .bss.htim3     0x24000488       0x4c ./Core/Src/tim.o
                0x24000488                htim3
 .bss.hdma_tim3_ch1
                0x240004d4       0x78 ./Core/Src/tim.o
                0x240004d4                hdma_tim3_ch1
 .bss.huart4    0x2400054c       0x94 ./Core/Src/usart.o
                0x2400054c                huart4
 .bss.huart7    0x240005e0       0x94 ./Core/Src/usart.o
                0x240005e0                huart7
 .bss.huart1    0x24000674       0x94 ./Core/Src/usart.o
                0x24000674                huart1
 .bss.hhcd_USB_OTG_HS
                0x24000708      0x3e0 ./Core/Src/usb_otg.o
                0x24000708                hhcd_USB_OTG_HS
 .bss.uwTick    0x24000ae8        0x4 ./Drivers/STM32H7xx_HAL_Driver/Src/stm32h7xx_hal.o
                0x24000ae8                uwTick
 .bss.v_dfsdm1ChannelCounter
                0x24000aec        0x4 ./Drivers/STM32H7xx_HAL_Driver/Src/stm32h7xx_hal_dfsdm.o
 .bss.a_dfsdm1ChannelHandle
                0x24000af0       0x20 ./Drivers/STM32H7xx_HAL_Driver/Src/stm32h7xx_hal_dfsdm.o
 *(COMMON)
                0x24000b10                        . = ALIGN (0x4)
                0x24000b10                        _ebss = .
                0x24000b10                        __bss_end__ = _ebss

._user_heap_stack
                0x24000b10      0x600 load address 0x0800ae54
                0x24000b10                        . = ALIGN (0x8)
                [!provide]                        PROVIDE (end = .)
                0x24000b10                        PROVIDE (_end = .)
                0x24000d10                        . = (. + _Min_Heap_Size)
 *fill*         0x24000b10      0x200 
                0x24001110                        . = (. + _Min_Stack_Size)
 *fill*         0x24000d10      0x400 
                0x24001110                        . = ALIGN (0x8)

/DISCARD/
 libc.a(*)
 libm.a(*)
 libgcc.a(*)

.ARM.attributes
                0x00000000       0x2e
 *(.ARM.attributes)
 .ARM.attributes
                0x00000000       0x20 C:/ST/STM32CubeIDE_1.16.1/STM32CubeIDE/plugins/com.st.stm32cube.ide.mcu.externaltools.gnu-tools-for-stm32.12.3.rel1.win32_1.0.200.202406191623/tools/bin/../lib/gcc/arm-none-eabi/12.3.1/thumb/v7e-m+dp/hard/crti.o
 .ARM.attributes
                0x00000020       0x32 C:/ST/STM32CubeIDE_1.16.1/STM32CubeIDE/plugins/com.st.stm32cube.ide.mcu.externaltools.gnu-tools-for-stm32.12.3.rel1.win32_1.0.200.202406191623/tools/bin/../lib/gcc/arm-none-eabi/12.3.1/thumb/v7e-m+dp/hard/crtbegin.o
 .ARM.attributes
                0x00000052       0x32 ./Core/Src/dfsdm.o
 .ARM.attributes
                0x00000084       0x32 ./Core/Src/dma.o
 .ARM.attributes
                0x000000b6       0x32 ./Core/Src/gpio.o
 .ARM.attributes
                0x000000e8       0x32 ./Core/Src/i2c.o
 .ARM.attributes
                0x0000011a       0x32 ./Core/Src/main.o
 .ARM.attributes
                0x0000014c       0x32 ./Core/Src/octospi.o
 .ARM.attributes
                0x0000017e       0x32 ./Core/Src/spi.o
 .ARM.attributes
                0x000001b0       0x32 ./Core/Src/stm32h7xx_hal_msp.o
 .ARM.attributes
                0x000001e2       0x32 ./Core/Src/stm32h7xx_it.o
 .ARM.attributes
                0x00000214       0x32 ./Core/Src/system_stm32h7xx.o
 .ARM.attributes
                0x00000246       0x32 ./Core/Src/tim.o
 .ARM.attributes
                0x00000278       0x32 ./Core/Src/usart.o
 .ARM.attributes
                0x000002aa       0x32 ./Core/Src/usb_otg.o
 .ARM.attributes
                0x000002dc       0x21 ./Core/Startup/startup_stm32h735igtx.o
 .ARM.attributes
                0x000002fd       0x32 ./Drivers/STM32H7xx_HAL_Driver/Src/stm32h7xx_hal.o
 .ARM.attributes
                0x0000032f       0x32 ./Drivers/STM32H7xx_HAL_Driver/Src/stm32h7xx_hal_cortex.o
 .ARM.attributes
                0x00000361       0x32 ./Drivers/STM32H7xx_HAL_Driver/Src/stm32h7xx_hal_dfsdm.o
 .ARM.attributes
                0x00000393       0x32 ./Drivers/STM32H7xx_HAL_Driver/Src/stm32h7xx_hal_dma.o
 .ARM.attributes
                0x000003c5       0x32 ./Drivers/STM32H7xx_HAL_Driver/Src/stm32h7xx_hal_gpio.o
 .ARM.attributes
                0x000003f7       0x32 ./Drivers/STM32H7xx_HAL_Driver/Src/stm32h7xx_hal_hcd.o
 .ARM.attributes
                0x00000429       0x32 ./Drivers/STM32H7xx_HAL_Driver/Src/stm32h7xx_hal_i2c.o
 .ARM.attributes
                0x0000045b       0x32 ./Drivers/STM32H7xx_HAL_Driver/Src/stm32h7xx_hal_i2c_ex.o
 .ARM.attributes
                0x0000048d       0x32 ./Drivers/STM32H7xx_HAL_Driver/Src/stm32h7xx_hal_ospi.o
 .ARM.attributes
                0x000004bf       0x32 ./Drivers/STM32H7xx_HAL_Driver/Src/stm32h7xx_hal_pwr_ex.o
 .ARM.attributes
                0x000004f1       0x32 ./Drivers/STM32H7xx_HAL_Driver/Src/stm32h7xx_hal_rcc.o
 .ARM.attributes
                0x00000523       0x32 ./Drivers/STM32H7xx_HAL_Driver/Src/stm32h7xx_hal_rcc_ex.o
 .ARM.attributes
                0x00000555       0x32 ./Drivers/STM32H7xx_HAL_Driver/Src/stm32h7xx_hal_spi.o
 .ARM.attributes
                0x00000587       0x32 ./Drivers/STM32H7xx_HAL_Driver/Src/stm32h7xx_hal_tim.o
 .ARM.attributes
                0x000005b9       0x32 ./Drivers/STM32H7xx_HAL_Driver/Src/stm32h7xx_hal_tim_ex.o
 .ARM.attributes
                0x000005eb       0x32 ./Drivers/STM32H7xx_HAL_Driver/Src/stm32h7xx_hal_uart.o
 .ARM.attributes
                0x0000061d       0x32 ./Drivers/STM32H7xx_HAL_Driver/Src/stm32h7xx_hal_uart_ex.o
 .ARM.attributes
                0x0000064f       0x32 ./Drivers/STM32H7xx_HAL_Driver/Src/stm32h7xx_ll_usb.o
 .ARM.attributes
                0x00000681       0x32 C:/ST/STM32CubeIDE_1.16.1/STM32CubeIDE/plugins/com.st.stm32cube.ide.mcu.externaltools.gnu-tools-for-stm32.12.3.rel1.win32_1.0.200.202406191623/tools/bin/../lib/gcc/arm-none-eabi/12.3.1/../../../../arm-none-eabi/lib/thumb/v7e-m+dp/hard\libc_nano.a(libc_a-memset.o)
 .ARM.attributes
                0x000006b3       0x32 C:/ST/STM32CubeIDE_1.16.1/STM32CubeIDE/plugins/com.st.stm32cube.ide.mcu.externaltools.gnu-tools-for-stm32.12.3.rel1.win32_1.0.200.202406191623/tools/bin/../lib/gcc/arm-none-eabi/12.3.1/../../../../arm-none-eabi/lib/thumb/v7e-m+dp/hard\libc_nano.a(libc_a-init.o)
 .ARM.attributes
                0x000006e5       0x20 C:/ST/STM32CubeIDE_1.16.1/STM32CubeIDE/plugins/com.st.stm32cube.ide.mcu.externaltools.gnu-tools-for-stm32.12.3.rel1.win32_1.0.200.202406191623/tools/bin/../lib/gcc/arm-none-eabi/12.3.1/thumb/v7e-m+dp/hard\libgcc.a(_aeabi_uldivmod.o)
 .ARM.attributes
                0x00000705       0x32 C:/ST/STM32CubeIDE_1.16.1/STM32CubeIDE/plugins/com.st.stm32cube.ide.mcu.externaltools.gnu-tools-for-stm32.12.3.rel1.win32_1.0.200.202406191623/tools/bin/../lib/gcc/arm-none-eabi/12.3.1/thumb/v7e-m+dp/hard\libgcc.a(_udivmoddi4.o)
 .ARM.attributes
                0x00000737       0x20 C:/ST/STM32CubeIDE_1.16.1/STM32CubeIDE/plugins/com.st.stm32cube.ide.mcu.externaltools.gnu-tools-for-stm32.12.3.rel1.win32_1.0.200.202406191623/tools/bin/../lib/gcc/arm-none-eabi/12.3.1/thumb/v7e-m+dp/hard\libgcc.a(_dvmd_tls.o)
 .ARM.attributes
                0x00000757       0x20 C:/ST/STM32CubeIDE_1.16.1/STM32CubeIDE/plugins/com.st.stm32cube.ide.mcu.externaltools.gnu-tools-for-stm32.12.3.rel1.win32_1.0.200.202406191623/tools/bin/../lib/gcc/arm-none-eabi/12.3.1/thumb/v7e-m+dp/hard/crtn.o
OUTPUT(C5.elf elf32-littlearm)
LOAD linker stubs
LOAD C:/ST/STM32CubeIDE_1.16.1/STM32CubeIDE/plugins/com.st.stm32cube.ide.mcu.externaltools.gnu-tools-for-stm32.12.3.rel1.win32_1.0.200.202406191623/tools/bin/../lib/gcc/arm-none-eabi/12.3.1/../../../../arm-none-eabi/lib/thumb/v7e-m+dp/hard\libc.a
LOAD C:/ST/STM32CubeIDE_1.16.1/STM32CubeIDE/plugins/com.st.stm32cube.ide.mcu.externaltools.gnu-tools-for-stm32.12.3.rel1.win32_1.0.200.202406191623/tools/bin/../lib/gcc/arm-none-eabi/12.3.1/../../../../arm-none-eabi/lib/thumb/v7e-m+dp/hard\libm.a
LOAD C:/ST/STM32CubeIDE_1.16.1/STM32CubeIDE/plugins/com.st.stm32cube.ide.mcu.externaltools.gnu-tools-for-stm32.12.3.rel1.win32_1.0.200.202406191623/tools/bin/../lib/gcc/arm-none-eabi/12.3.1/thumb/v7e-m+dp/hard\libgcc.a

.debug_info     0x00000000    0x25290
 .debug_info    0x00000000     0x13ab ./Core/Src/dfsdm.o
 .debug_info    0x000013ab      0x829 ./Core/Src/dma.o
 .debug_info    0x00001bd4      0x69f ./Core/Src/gpio.o
 .debug_info    0x00002273     0x10b8 ./Core/Src/i2c.o
 .debug_info    0x0000332b      0x465 ./Core/Src/main.o
 .debug_info    0x00003790     0x1409 ./Core/Src/octospi.o
 .debug_info    0x00004b99     0x114f ./Core/Src/spi.o
 .debug_info    0x00005ce8      0x499 ./Core/Src/stm32h7xx_hal_msp.o
 .debug_info    0x00006181      0x461 ./Core/Src/stm32h7xx_it.o
 .debug_info    0x000065e2      0xb3e ./Core/Src/system_stm32h7xx.o
 .debug_info    0x00007120      0xfd5 ./Core/Src/tim.o
 .debug_info    0x000080f5     0x1157 ./Core/Src/usart.o
 .debug_info    0x0000924c      0xe29 ./Core/Src/usb_otg.o
 .debug_info    0x0000a075       0x30 ./Core/Startup/startup_stm32h735igtx.o
 .debug_info    0x0000a0a5     0x16aa ./Drivers/STM32H7xx_HAL_Driver/Src/stm32h7xx_hal.o
 .debug_info    0x0000b74f     0x10b2 ./Drivers/STM32H7xx_HAL_Driver/Src/stm32h7xx_hal_cortex.o
 .debug_info    0x0000c801     0x1c6e ./Drivers/STM32H7xx_HAL_Driver/Src/stm32h7xx_hal_dfsdm.o
 .debug_info    0x0000e46f      0xb67 ./Drivers/STM32H7xx_HAL_Driver/Src/stm32h7xx_hal_dma.o
 .debug_info    0x0000efd6      0xc5c ./Drivers/STM32H7xx_HAL_Driver/Src/stm32h7xx_hal_gpio.o
 .debug_info    0x0000fc32     0x11a2 ./Drivers/STM32H7xx_HAL_Driver/Src/stm32h7xx_hal_hcd.o
 .debug_info    0x00010dd4     0x22a1 ./Drivers/STM32H7xx_HAL_Driver/Src/stm32h7xx_hal_i2c.o
 .debug_info    0x00013075      0xd95 ./Drivers/STM32H7xx_HAL_Driver/Src/stm32h7xx_hal_i2c_ex.o
 .debug_info    0x00013e0a     0x19b4 ./Drivers/STM32H7xx_HAL_Driver/Src/stm32h7xx_hal_ospi.o
 .debug_info    0x000157be      0xdc4 ./Drivers/STM32H7xx_HAL_Driver/Src/stm32h7xx_hal_pwr_ex.o
 .debug_info    0x00016582      0xd73 ./Drivers/STM32H7xx_HAL_Driver/Src/stm32h7xx_hal_rcc.o
 .debug_info    0x000172f5     0x11fc ./Drivers/STM32H7xx_HAL_Driver/Src/stm32h7xx_hal_rcc_ex.o
 .debug_info    0x000184f1     0x1440 ./Drivers/STM32H7xx_HAL_Driver/Src/stm32h7xx_hal_spi.o
 .debug_info    0x00019931     0x2bae ./Drivers/STM32H7xx_HAL_Driver/Src/stm32h7xx_hal_tim.o
 .debug_info    0x0001c4df     0x18c1 ./Drivers/STM32H7xx_HAL_Driver/Src/stm32h7xx_hal_tim_ex.o
 .debug_info    0x0001dda0     0x4b13 ./Drivers/STM32H7xx_HAL_Driver/Src/stm32h7xx_hal_uart.o
 .debug_info    0x000228b3      0xfbf ./Drivers/STM32H7xx_HAL_Driver/Src/stm32h7xx_hal_uart_ex.o
 .debug_info    0x00023872     0x1a1e ./Drivers/STM32H7xx_HAL_Driver/Src/stm32h7xx_ll_usb.o

.debug_abbrev   0x00000000     0x46dd
 .debug_abbrev  0x00000000      0x235 ./Core/Src/dfsdm.o
 .debug_abbrev  0x00000235      0x11e ./Core/Src/dma.o
 .debug_abbrev  0x00000353      0x182 ./Core/Src/gpio.o
 .debug_abbrev  0x000004d5      0x285 ./Core/Src/i2c.o
 .debug_abbrev  0x0000075a      0x1b7 ./Core/Src/main.o
 .debug_abbrev  0x00000911      0x238 ./Core/Src/octospi.o
 .debug_abbrev  0x00000b49      0x26b ./Core/Src/spi.o
 .debug_abbrev  0x00000db4      0x117 ./Core/Src/stm32h7xx_hal_msp.o
 .debug_abbrev  0x00000ecb      0x16f ./Core/Src/stm32h7xx_it.o
 .debug_abbrev  0x0000103a      0x14b ./Core/Src/system_stm32h7xx.o
 .debug_abbrev  0x00001185      0x230 ./Core/Src/tim.o
 .debug_abbrev  0x000013b5      0x270 ./Core/Src/usart.o
 .debug_abbrev  0x00001625      0x226 ./Core/Src/usb_otg.o
 .debug_abbrev  0x0000184b       0x24 ./Core/Startup/startup_stm32h735igtx.o
 .debug_abbrev  0x0000186f      0x29e ./Drivers/STM32H7xx_HAL_Driver/Src/stm32h7xx_hal.o
 .debug_abbrev  0x00001b0d      0x339 ./Drivers/STM32H7xx_HAL_Driver/Src/stm32h7xx_hal_cortex.o
 .debug_abbrev  0x00001e46      0x27d ./Drivers/STM32H7xx_HAL_Driver/Src/stm32h7xx_hal_dfsdm.o
 .debug_abbrev  0x000020c3      0x248 ./Drivers/STM32H7xx_HAL_Driver/Src/stm32h7xx_hal_dma.o
 .debug_abbrev  0x0000230b      0x1fe ./Drivers/STM32H7xx_HAL_Driver/Src/stm32h7xx_hal_gpio.o
 .debug_abbrev  0x00002509      0x296 ./Drivers/STM32H7xx_HAL_Driver/Src/stm32h7xx_hal_hcd.o
 .debug_abbrev  0x0000279f      0x25d ./Drivers/STM32H7xx_HAL_Driver/Src/stm32h7xx_hal_i2c.o
 .debug_abbrev  0x000029fc      0x1f5 ./Drivers/STM32H7xx_HAL_Driver/Src/stm32h7xx_hal_i2c_ex.o
 .debug_abbrev  0x00002bf1      0x2be ./Drivers/STM32H7xx_HAL_Driver/Src/stm32h7xx_hal_ospi.o
 .debug_abbrev  0x00002eaf      0x295 ./Drivers/STM32H7xx_HAL_Driver/Src/stm32h7xx_hal_pwr_ex.o
 .debug_abbrev  0x00003144      0x2b1 ./Drivers/STM32H7xx_HAL_Driver/Src/stm32h7xx_hal_rcc.o
 .debug_abbrev  0x000033f5      0x269 ./Drivers/STM32H7xx_HAL_Driver/Src/stm32h7xx_hal_rcc_ex.o
 .debug_abbrev  0x0000365e      0x2b1 ./Drivers/STM32H7xx_HAL_Driver/Src/stm32h7xx_hal_spi.o
 .debug_abbrev  0x0000390f      0x276 ./Drivers/STM32H7xx_HAL_Driver/Src/stm32h7xx_hal_tim.o
 .debug_abbrev  0x00003b85      0x296 ./Drivers/STM32H7xx_HAL_Driver/Src/stm32h7xx_hal_tim_ex.o
 .debug_abbrev  0x00003e1b      0x33d ./Drivers/STM32H7xx_HAL_Driver/Src/stm32h7xx_hal_uart.o
 .debug_abbrev  0x00004158      0x2d2 ./Drivers/STM32H7xx_HAL_Driver/Src/stm32h7xx_hal_uart_ex.o
 .debug_abbrev  0x0000442a      0x2b3 ./Drivers/STM32H7xx_HAL_Driver/Src/stm32h7xx_ll_usb.o

.debug_aranges  0x00000000     0x1cf8
 .debug_aranges
                0x00000000       0x40 ./Core/Src/dfsdm.o
 .debug_aranges
                0x00000040       0x20 ./Core/Src/dma.o
 .debug_aranges
                0x00000060       0x20 ./Core/Src/gpio.o
 .debug_aranges
                0x00000080       0x40 ./Core/Src/i2c.o
 .debug_aranges
                0x000000c0       0x30 ./Core/Src/main.o
 .debug_aranges
                0x000000f0       0x38 ./Core/Src/octospi.o
 .debug_aranges
                0x00000128       0x40 ./Core/Src/spi.o
 .debug_aranges
                0x00000168       0x20 ./Core/Src/stm32h7xx_hal_msp.o
 .debug_aranges
                0x00000188       0x70 ./Core/Src/stm32h7xx_it.o
 .debug_aranges
                0x000001f8       0x28 ./Core/Src/system_stm32h7xx.o
 .debug_aranges
                0x00000220       0x38 ./Core/Src/tim.o
 .debug_aranges
                0x00000258       0x40 ./Core/Src/usart.o
 .debug_aranges
                0x00000298       0x30 ./Core/Src/usb_otg.o
 .debug_aranges
                0x000002c8       0x28 ./Core/Startup/startup_stm32h735igtx.o
 .debug_aranges
                0x000002f0      0x1c8 ./Drivers/STM32H7xx_HAL_Driver/Src/stm32h7xx_hal.o
 .debug_aranges
                0x000004b8      0x130 ./Drivers/STM32H7xx_HAL_Driver/Src/stm32h7xx_hal_cortex.o
 .debug_aranges
                0x000005e8      0x248 ./Drivers/STM32H7xx_HAL_Driver/Src/stm32h7xx_hal_dfsdm.o
 .debug_aranges
                0x00000830       0xa0 ./Drivers/STM32H7xx_HAL_Driver/Src/stm32h7xx_hal_dma.o
 .debug_aranges
                0x000008d0       0x58 ./Drivers/STM32H7xx_HAL_Driver/Src/stm32h7xx_hal_gpio.o
 .debug_aranges
                0x00000928      0x100 ./Drivers/STM32H7xx_HAL_Driver/Src/stm32h7xx_hal_hcd.o
 .debug_aranges
                0x00000a28      0x2a0 ./Drivers/STM32H7xx_HAL_Driver/Src/stm32h7xx_hal_i2c.o
 .debug_aranges
                0x00000cc8       0x48 ./Drivers/STM32H7xx_HAL_Driver/Src/stm32h7xx_hal_i2c_ex.o
 .debug_aranges
                0x00000d10      0x170 ./Drivers/STM32H7xx_HAL_Driver/Src/stm32h7xx_hal_ospi.o
 .debug_aranges
                0x00000e80      0x148 ./Drivers/STM32H7xx_HAL_Driver/Src/stm32h7xx_hal_pwr_ex.o
 .debug_aranges
                0x00000fc8       0x88 ./Drivers/STM32H7xx_HAL_Driver/Src/stm32h7xx_hal_rcc.o
 .debug_aranges
                0x00001050       0xf8 ./Drivers/STM32H7xx_HAL_Driver/Src/stm32h7xx_hal_rcc_ex.o
 .debug_aranges
                0x00001148      0x1a8 ./Drivers/STM32H7xx_HAL_Driver/Src/stm32h7xx_hal_spi.o
 .debug_aranges
                0x000012f0      0x3e0 ./Drivers/STM32H7xx_HAL_Driver/Src/stm32h7xx_hal_tim.o
 .debug_aranges
                0x000016d0      0x198 ./Drivers/STM32H7xx_HAL_Driver/Src/stm32h7xx_hal_tim_ex.o
 .debug_aranges
                0x00001868      0x248 ./Drivers/STM32H7xx_HAL_Driver/Src/stm32h7xx_hal_uart.o
 .debug_aranges
                0x00001ab0       0xa8 ./Drivers/STM32H7xx_HAL_Driver/Src/stm32h7xx_hal_uart_ex.o
 .debug_aranges
                0x00001b58      0x1a0 ./Drivers/STM32H7xx_HAL_Driver/Src/stm32h7xx_ll_usb.o

.debug_rnglists
                0x00000000     0x16a7
 .debug_rnglists
                0x00000000       0x2e ./Core/Src/dfsdm.o
 .debug_rnglists
                0x0000002e       0x13 ./Core/Src/dma.o
 .debug_rnglists
                0x00000041       0x14 ./Core/Src/gpio.o
 .debug_rnglists
                0x00000055       0x30 ./Core/Src/i2c.o
 .debug_rnglists
                0x00000085       0x20 ./Core/Src/main.o
 .debug_rnglists
                0x000000a5       0x29 ./Core/Src/octospi.o
 .debug_rnglists
                0x000000ce       0x30 ./Core/Src/spi.o
 .debug_rnglists
                0x000000fe       0x13 ./Core/Src/stm32h7xx_hal_msp.o
 .debug_rnglists
                0x00000111       0x4f ./Core/Src/stm32h7xx_it.o
 .debug_rnglists
                0x00000160       0x1b ./Core/Src/system_stm32h7xx.o
 .debug_rnglists
                0x0000017b       0x27 ./Core/Src/tim.o
 .debug_rnglists
                0x000001a2       0x30 ./Core/Src/usart.o
 .debug_rnglists
                0x000001d2       0x1f ./Core/Src/usb_otg.o
 .debug_rnglists
                0x000001f1       0x19 ./Core/Startup/startup_stm32h735igtx.o
 .debug_rnglists
                0x0000020a      0x155 ./Drivers/STM32H7xx_HAL_Driver/Src/stm32h7xx_hal.o
 .debug_rnglists
                0x0000035f       0xe0 ./Drivers/STM32H7xx_HAL_Driver/Src/stm32h7xx_hal_cortex.o
 .debug_rnglists
                0x0000043f      0x1c7 ./Drivers/STM32H7xx_HAL_Driver/Src/stm32h7xx_hal_dfsdm.o
 .debug_rnglists
                0x00000606       0x82 ./Drivers/STM32H7xx_HAL_Driver/Src/stm32h7xx_hal_dma.o
 .debug_rnglists
                0x00000688       0x3f ./Drivers/STM32H7xx_HAL_Driver/Src/stm32h7xx_hal_gpio.o
 .debug_rnglists
                0x000006c7       0xc4 ./Drivers/STM32H7xx_HAL_Driver/Src/stm32h7xx_hal_hcd.o
 .debug_rnglists
                0x0000078b      0x22a ./Drivers/STM32H7xx_HAL_Driver/Src/stm32h7xx_hal_i2c.o
 .debug_rnglists
                0x000009b5       0x35 ./Drivers/STM32H7xx_HAL_Driver/Src/stm32h7xx_hal_i2c_ex.o
 .debug_rnglists
                0x000009ea      0x122 ./Drivers/STM32H7xx_HAL_Driver/Src/stm32h7xx_hal_ospi.o
 .debug_rnglists
                0x00000b0c       0xf6 ./Drivers/STM32H7xx_HAL_Driver/Src/stm32h7xx_hal_pwr_ex.o
 .debug_rnglists
                0x00000c02       0x68 ./Drivers/STM32H7xx_HAL_Driver/Src/stm32h7xx_hal_rcc.o
 .debug_rnglists
                0x00000c6a       0xc0 ./Drivers/STM32H7xx_HAL_Driver/Src/stm32h7xx_hal_rcc_ex.o
 .debug_rnglists
                0x00000d2a      0x148 ./Drivers/STM32H7xx_HAL_Driver/Src/stm32h7xx_hal_spi.o
 .debug_rnglists
                0x00000e72      0x328 ./Drivers/STM32H7xx_HAL_Driver/Src/stm32h7xx_hal_tim.o
 .debug_rnglists
                0x0000119a      0x14d ./Drivers/STM32H7xx_HAL_Driver/Src/stm32h7xx_hal_tim_ex.o
 .debug_rnglists
                0x000012e7      0x1fa ./Drivers/STM32H7xx_HAL_Driver/Src/stm32h7xx_hal_uart.o
 .debug_rnglists
                0x000014e1       0x7f ./Drivers/STM32H7xx_HAL_Driver/Src/stm32h7xx_hal_uart_ex.o
 .debug_rnglists
                0x00001560      0x147 ./Drivers/STM32H7xx_HAL_Driver/Src/stm32h7xx_ll_usb.o

.debug_macro    0x00000000    0x37b10
 .debug_macro   0x00000000      0x308 ./Core/Src/dfsdm.o
 .debug_macro   0x00000308      0xad8 ./Core/Src/dfsdm.o
 .debug_macro   0x00000de0      0x250 ./Core/Src/dfsdm.o
 .debug_macro   0x00001030       0x2e ./Core/Src/dfsdm.o
 .debug_macro   0x0000105e       0x42 ./Core/Src/dfsdm.o
 .debug_macro   0x000010a0       0x22 ./Core/Src/dfsdm.o
 .debug_macro   0x000010c2       0x8e ./Core/Src/dfsdm.o
 .debug_macro   0x00001150       0x51 ./Core/Src/dfsdm.o
 .debug_macro   0x000011a1      0x103 ./Core/Src/dfsdm.o
 .debug_macro   0x000012a4       0x6a ./Core/Src/dfsdm.o
 .debug_macro   0x0000130e      0x1df ./Core/Src/dfsdm.o
 .debug_macro   0x000014ed       0x1c ./Core/Src/dfsdm.o
 .debug_macro   0x00001509       0x22 ./Core/Src/dfsdm.o
 .debug_macro   0x0000152b       0xfb ./Core/Src/dfsdm.o
 .debug_macro   0x00001626     0x1305 ./Core/Src/dfsdm.o
 .debug_macro   0x0000292b      0x11f ./Core/Src/dfsdm.o
 .debug_macro   0x00002a4a       0x27 ./Core/Src/dfsdm.o
 .debug_macro   0x00002a71    0x21cf4 ./Core/Src/dfsdm.o
 .debug_macro   0x00024765       0x6d ./Core/Src/dfsdm.o
 .debug_macro   0x000247d2     0x3d64 ./Core/Src/dfsdm.o
 .debug_macro   0x00028536      0x189 ./Core/Src/dfsdm.o
 .debug_macro   0x000286bf       0x61 ./Core/Src/dfsdm.o
 .debug_macro   0x00028720       0x29 ./Core/Src/dfsdm.o
 .debug_macro   0x00028749       0x43 ./Core/Src/dfsdm.o
 .debug_macro   0x0002878c       0x34 ./Core/Src/dfsdm.o
 .debug_macro   0x000287c0       0x16 ./Core/Src/dfsdm.o
 .debug_macro   0x000287d6       0x43 ./Core/Src/dfsdm.o
 .debug_macro   0x00028819       0x34 ./Core/Src/dfsdm.o
 .debug_macro   0x0002884d       0x10 ./Core/Src/dfsdm.o
 .debug_macro   0x0002885d       0x58 ./Core/Src/dfsdm.o
 .debug_macro   0x000288b5       0x8e ./Core/Src/dfsdm.o
 .debug_macro   0x00028943       0x1c ./Core/Src/dfsdm.o
 .debug_macro   0x0002895f      0x177 ./Core/Src/dfsdm.o
 .debug_macro   0x00028ad6      0x369 ./Core/Src/dfsdm.o
 .debug_macro   0x00028e3f      0x19b ./Core/Src/dfsdm.o
 .debug_macro   0x00028fda       0x5d ./Core/Src/dfsdm.o
 .debug_macro   0x00029037     0x257a ./Core/Src/dfsdm.o
 .debug_macro   0x0002b5b1     0x1079 ./Core/Src/dfsdm.o
 .debug_macro   0x0002c62a      0x154 ./Core/Src/dfsdm.o
 .debug_macro   0x0002c77e      0x114 ./Core/Src/dfsdm.o
 .debug_macro   0x0002c892      0x3fc ./Core/Src/dfsdm.o
 .debug_macro   0x0002cc8e       0xac ./Core/Src/dfsdm.o
 .debug_macro   0x0002cd3a      0x788 ./Core/Src/dfsdm.o
 .debug_macro   0x0002d4c2      0x228 ./Core/Src/dfsdm.o
 .debug_macro   0x0002d6ea       0x66 ./Core/Src/dfsdm.o
 .debug_macro   0x0002d750      0x3a6 ./Core/Src/dfsdm.o
 .debug_macro   0x0002daf6      0x2d4 ./Core/Src/dfsdm.o
 .debug_macro   0x0002ddca      0x3f9 ./Core/Src/dfsdm.o
 .debug_macro   0x0002e1c3      0x275 ./Core/Src/dfsdm.o
 .debug_macro   0x0002e438      0x3ca ./Core/Src/dfsdm.o
 .debug_macro   0x0002e802      0x45c ./Core/Src/dfsdm.o
 .debug_macro   0x0002ec5e       0x3c ./Core/Src/dfsdm.o
 .debug_macro   0x0002ec9a       0x4a ./Core/Src/dfsdm.o
 .debug_macro   0x0002ece4      0x22c ./Core/Src/dfsdm.o
 .debug_macro   0x0002ef10       0x67 ./Core/Src/dfsdm.o
 .debug_macro   0x0002ef77       0xa5 ./Core/Src/dfsdm.o
 .debug_macro   0x0002f01c      0x520 ./Core/Src/dfsdm.o
 .debug_macro   0x0002f53c      0x1c4 ./Core/Src/dfsdm.o
 .debug_macro   0x0002f700      0x25b ./Core/Src/dfsdm.o
 .debug_macro   0x0002f95b       0x35 ./Core/Src/dfsdm.o
 .debug_macro   0x0002f990      0x5e4 ./Core/Src/dfsdm.o
 .debug_macro   0x0002ff74       0xc1 ./Core/Src/dfsdm.o
 .debug_macro   0x00030035      0xb24 ./Core/Src/dfsdm.o
 .debug_macro   0x00030b59      0x29f ./Core/Src/dfsdm.o
 .debug_macro   0x00030df8      0x693 ./Core/Src/dfsdm.o
 .debug_macro   0x0003148b       0xa6 ./Core/Src/dfsdm.o
 .debug_macro   0x00031531      0x293 ./Core/Src/dfsdm.o
 .debug_macro   0x000317c4       0x98 ./Core/Src/dfsdm.o
 .debug_macro   0x0003185c      0x5e6 ./Core/Src/dfsdm.o
 .debug_macro   0x00031e42       0xdc ./Core/Src/dfsdm.o
 .debug_macro   0x00031f1e      0x308 ./Core/Src/dma.o
 .debug_macro   0x00032226      0x308 ./Core/Src/gpio.o
 .debug_macro   0x0003252e      0x308 ./Core/Src/i2c.o
 .debug_macro   0x00032836      0x366 ./Core/Src/main.o
 .debug_macro   0x00032b9c      0x308 ./Core/Src/octospi.o
 .debug_macro   0x00032ea4      0x308 ./Core/Src/spi.o
 .debug_macro   0x000331ac      0x2fe ./Core/Src/stm32h7xx_hal_msp.o
 .debug_macro   0x000334aa      0x308 ./Core/Src/stm32h7xx_it.o
 .debug_macro   0x000337b2      0x2fb ./Core/Src/system_stm32h7xx.o
 .debug_macro   0x00033aad      0x308 ./Core/Src/tim.o
 .debug_macro   0x00033db5      0x308 ./Core/Src/usart.o
 .debug_macro   0x000340bd      0x308 ./Core/Src/usb_otg.o
 .debug_macro   0x000343c5      0x319 ./Drivers/STM32H7xx_HAL_Driver/Src/stm32h7xx_hal.o
 .debug_macro   0x000346de      0x2ef ./Drivers/STM32H7xx_HAL_Driver/Src/stm32h7xx_hal_cortex.o
 .debug_macro   0x000349cd      0x313 ./Drivers/STM32H7xx_HAL_Driver/Src/stm32h7xx_hal_dfsdm.o
 .debug_macro   0x00034ce0      0x343 ./Drivers/STM32H7xx_HAL_Driver/Src/stm32h7xx_hal_dma.o
 .debug_macro   0x00035023      0x2f6 ./Drivers/STM32H7xx_HAL_Driver/Src/stm32h7xx_hal_gpio.o
 .debug_macro   0x00035319      0x2ef ./Drivers/STM32H7xx_HAL_Driver/Src/stm32h7xx_hal_hcd.o
 .debug_macro   0x00035608      0x3bb ./Drivers/STM32H7xx_HAL_Driver/Src/stm32h7xx_hal_i2c.o
 .debug_macro   0x000359c3      0x2ef ./Drivers/STM32H7xx_HAL_Driver/Src/stm32h7xx_hal_i2c_ex.o
 .debug_macro   0x00035cb2      0x336 ./Drivers/STM32H7xx_HAL_Driver/Src/stm32h7xx_hal_ospi.o
 .debug_macro   0x00035fe8      0x328 ./Drivers/STM32H7xx_HAL_Driver/Src/stm32h7xx_hal_pwr_ex.o
 .debug_macro   0x00036310      0x313 ./Drivers/STM32H7xx_HAL_Driver/Src/stm32h7xx_hal_rcc.o
 .debug_macro   0x00036623      0x30d ./Drivers/STM32H7xx_HAL_Driver/Src/stm32h7xx_hal_rcc_ex.o
 .debug_macro   0x00036930      0x2f7 ./Drivers/STM32H7xx_HAL_Driver/Src/stm32h7xx_hal_spi.o
 .debug_macro   0x00036c27      0x2f0 ./Drivers/STM32H7xx_HAL_Driver/Src/stm32h7xx_hal_tim.o
 .debug_macro   0x00036f17      0x2f5 ./Drivers/STM32H7xx_HAL_Driver/Src/stm32h7xx_hal_tim_ex.o
 .debug_macro   0x0003720c      0x31a ./Drivers/STM32H7xx_HAL_Driver/Src/stm32h7xx_hal_uart.o
 .debug_macro   0x00037526      0x2fb ./Drivers/STM32H7xx_HAL_Driver/Src/stm32h7xx_hal_uart_ex.o
 .debug_macro   0x00037821      0x2ef ./Drivers/STM32H7xx_HAL_Driver/Src/stm32h7xx_ll_usb.o

.debug_line     0x00000000    0x2b388
 .debug_line    0x00000000      0xad0 ./Core/Src/dfsdm.o
 .debug_line    0x00000ad0      0x971 ./Core/Src/dma.o
 .debug_line    0x00001441      0xa0c ./Core/Src/gpio.o
 .debug_line    0x00001e4d      0xb2f ./Core/Src/i2c.o
 .debug_line    0x0000297c      0xa80 ./Core/Src/main.o
 .debug_line    0x000033fc      0xb3d ./Core/Src/octospi.o
 .debug_line    0x00003f39      0xb68 ./Core/Src/spi.o
 .debug_line    0x00004aa1      0x976 ./Core/Src/stm32h7xx_hal_msp.o
 .debug_line    0x00005417      0xa66 ./Core/Src/stm32h7xx_it.o
 .debug_line    0x00005e7d      0xb3b ./Core/Src/system_stm32h7xx.o
 .debug_line    0x000069b8      0xa56 ./Core/Src/tim.o
 .debug_line    0x0000740e      0xb4b ./Core/Src/usart.o
 .debug_line    0x00007f59      0x9dd ./Core/Src/usb_otg.o
 .debug_line    0x00008936       0x7a ./Core/Startup/startup_stm32h735igtx.o
 .debug_line    0x000089b0      0xfb5 ./Drivers/STM32H7xx_HAL_Driver/Src/stm32h7xx_hal.o
 .debug_line    0x00009965      0xf53 ./Drivers/STM32H7xx_HAL_Driver/Src/stm32h7xx_hal_cortex.o
 .debug_line    0x0000a8b8     0x217d ./Drivers/STM32H7xx_HAL_Driver/Src/stm32h7xx_hal_dfsdm.o
 .debug_line    0x0000ca35     0x288a ./Drivers/STM32H7xx_HAL_Driver/Src/stm32h7xx_hal_dma.o
 .debug_line    0x0000f2bf      0xde8 ./Drivers/STM32H7xx_HAL_Driver/Src/stm32h7xx_hal_gpio.o
 .debug_line    0x000100a7     0x16f8 ./Drivers/STM32H7xx_HAL_Driver/Src/stm32h7xx_hal_hcd.o
 .debug_line    0x0001179f     0x3f90 ./Drivers/STM32H7xx_HAL_Driver/Src/stm32h7xx_hal_i2c.o
 .debug_line    0x0001572f      0xb91 ./Drivers/STM32H7xx_HAL_Driver/Src/stm32h7xx_hal_i2c_ex.o
 .debug_line    0x000162c0     0x1a1c ./Drivers/STM32H7xx_HAL_Driver/Src/stm32h7xx_hal_ospi.o
 .debug_line    0x00017cdc      0xfcd ./Drivers/STM32H7xx_HAL_Driver/Src/stm32h7xx_hal_pwr_ex.o
 .debug_line    0x00018ca9     0x144b ./Drivers/STM32H7xx_HAL_Driver/Src/stm32h7xx_hal_rcc.o
 .debug_line    0x0001a0f4     0x1d1a ./Drivers/STM32H7xx_HAL_Driver/Src/stm32h7xx_hal_rcc_ex.o
 .debug_line    0x0001be0e     0x2444 ./Drivers/STM32H7xx_HAL_Driver/Src/stm32h7xx_hal_spi.o
 .debug_line    0x0001e252     0x4146 ./Drivers/STM32H7xx_HAL_Driver/Src/stm32h7xx_hal_tim.o
 .debug_line    0x00022398     0x2018 ./Drivers/STM32H7xx_HAL_Driver/Src/stm32h7xx_hal_tim_ex.o
 .debug_line    0x000243b0     0x4011 ./Drivers/STM32H7xx_HAL_Driver/Src/stm32h7xx_hal_uart.o
 .debug_line    0x000283c1      0xfc2 ./Drivers/STM32H7xx_HAL_Driver/Src/stm32h7xx_hal_uart_ex.o
 .debug_line    0x00029383     0x2005 ./Drivers/STM32H7xx_HAL_Driver/Src/stm32h7xx_ll_usb.o

.debug_str      0x00000000   0x15eaed
 .debug_str     0x00000000   0x155035 ./Core/Src/dfsdm.o
                             0x1555c2 (size before relaxing)
 .debug_str     0x00155035      0x7cf ./Core/Src/dma.o
                             0x15501d (size before relaxing)
 .debug_str     0x00155804       0x68 ./Core/Src/gpio.o
                             0x1548b2 (size before relaxing)
 .debug_str     0x0015586c      0x2e0 ./Core/Src/i2c.o
                             0x155258 (size before relaxing)
 .debug_str     0x00155b4c      0x321 ./Core/Src/main.o
                             0x1549a3 (size before relaxing)
 .debug_str     0x00155e6d      0x514 ./Core/Src/octospi.o
                             0x155252 (size before relaxing)
 .debug_str     0x00156381      0x288 ./Core/Src/spi.o
                             0x155259 (size before relaxing)
 .debug_str     0x00156609       0x6d ./Core/Src/stm32h7xx_hal_msp.o
                             0x154828 (size before relaxing)
 .debug_str     0x00156676      0x11a ./Core/Src/stm32h7xx_it.o
                             0x1549cb (size before relaxing)
 .debug_str     0x00156790      0x2e7 ./Core/Src/system_stm32h7xx.o
                             0x154731 (size before relaxing)
 .debug_str     0x00156a77      0x490 ./Core/Src/tim.o
                             0x155146 (size before relaxing)
 .debug_str     0x00156f07      0x289 ./Core/Src/usart.o
                             0x15526c (size before relaxing)
 .debug_str     0x00157190      0x4c4 ./Core/Src/usb_otg.o
                             0x1550d3 (size before relaxing)
 .debug_str     0x00157654       0x44 ./Core/Startup/startup_stm32h735igtx.o
                                 0x6f (size before relaxing)
 .debug_str     0x00157698      0x962 ./Drivers/STM32H7xx_HAL_Driver/Src/stm32h7xx_hal.o
                             0x15579a (size before relaxing)
 .debug_str     0x00157ffa      0x36e ./Drivers/STM32H7xx_HAL_Driver/Src/stm32h7xx_hal_cortex.o
                             0x1550b4 (size before relaxing)
 .debug_str     0x00158368      0x94b ./Drivers/STM32H7xx_HAL_Driver/Src/stm32h7xx_hal_dfsdm.o
                             0x1554c3 (size before relaxing)
 .debug_str     0x00158cb3      0x883 ./Drivers/STM32H7xx_HAL_Driver/Src/stm32h7xx_hal_dma.o
                             0x154e9c (size before relaxing)
 .debug_str     0x00159536       0xec ./Drivers/STM32H7xx_HAL_Driver/Src/stm32h7xx_hal_gpio.o
                             0x154732 (size before relaxing)
 .debug_str     0x00159622      0x5a0 ./Drivers/STM32H7xx_HAL_Driver/Src/stm32h7xx_hal_hcd.o
                             0x154cea (size before relaxing)
 .debug_str     0x00159bc2      0xdc1 ./Drivers/STM32H7xx_HAL_Driver/Src/stm32h7xx_hal_i2c.o
                             0x1557c8 (size before relaxing)
 .debug_str     0x0015a983       0xb8 ./Drivers/STM32H7xx_HAL_Driver/Src/stm32h7xx_hal_i2c_ex.o
                             0x154b77 (size before relaxing)
 .debug_str     0x0015aa3b      0x8a0 ./Drivers/STM32H7xx_HAL_Driver/Src/stm32h7xx_hal_ospi.o
                             0x155187 (size before relaxing)
 .debug_str     0x0015b2db      0x5cb ./Drivers/STM32H7xx_HAL_Driver/Src/stm32h7xx_hal_pwr_ex.o
                             0x154b3a (size before relaxing)
 .debug_str     0x0015b8a6      0x22e ./Drivers/STM32H7xx_HAL_Driver/Src/stm32h7xx_hal_rcc.o
                             0x154ab5 (size before relaxing)
 .debug_str     0x0015bad4      0x639 ./Drivers/STM32H7xx_HAL_Driver/Src/stm32h7xx_hal_rcc_ex.o
                             0x154fcd (size before relaxing)
 .debug_str     0x0015c10d      0x4f8 ./Drivers/STM32H7xx_HAL_Driver/Src/stm32h7xx_hal_spi.o
                             0x154e38 (size before relaxing)
 .debug_str     0x0015c605      0xd98 ./Drivers/STM32H7xx_HAL_Driver/Src/stm32h7xx_hal_tim.o
                             0x1558b3 (size before relaxing)
 .debug_str     0x0015d39d      0x5f6 ./Drivers/STM32H7xx_HAL_Driver/Src/stm32h7xx_hal_tim_ex.o
                             0x155260 (size before relaxing)
 .debug_str     0x0015d993      0x9d6 ./Drivers/STM32H7xx_HAL_Driver/Src/stm32h7xx_hal_uart.o
                             0x155655 (size before relaxing)
 .debug_str     0x0015e369      0x266 ./Drivers/STM32H7xx_HAL_Driver/Src/stm32h7xx_hal_uart_ex.o
                             0x154c15 (size before relaxing)
 .debug_str     0x0015e5cf      0x51e ./Drivers/STM32H7xx_HAL_Driver/Src/stm32h7xx_ll_usb.o
                             0x154dde (size before relaxing)

.comment        0x00000000       0x43
 .comment       0x00000000       0x43 ./Core/Src/dfsdm.o
                                 0x44 (size before relaxing)
 .comment       0x00000043       0x44 ./Core/Src/dma.o
 .comment       0x00000043       0x44 ./Core/Src/gpio.o
 .comment       0x00000043       0x44 ./Core/Src/i2c.o
 .comment       0x00000043       0x44 ./Core/Src/main.o
 .comment       0x00000043       0x44 ./Core/Src/octospi.o
 .comment       0x00000043       0x44 ./Core/Src/spi.o
 .comment       0x00000043       0x44 ./Core/Src/stm32h7xx_hal_msp.o
 .comment       0x00000043       0x44 ./Core/Src/stm32h7xx_it.o
 .comment       0x00000043       0x44 ./Core/Src/system_stm32h7xx.o
 .comment       0x00000043       0x44 ./Core/Src/tim.o
 .comment       0x00000043       0x44 ./Core/Src/usart.o
 .comment       0x00000043       0x44 ./Core/Src/usb_otg.o
 .comment       0x00000043       0x44 ./Drivers/STM32H7xx_HAL_Driver/Src/stm32h7xx_hal.o
 .comment       0x00000043       0x44 ./Drivers/STM32H7xx_HAL_Driver/Src/stm32h7xx_hal_cortex.o
 .comment       0x00000043       0x44 ./Drivers/STM32H7xx_HAL_Driver/Src/stm32h7xx_hal_dfsdm.o
 .comment       0x00000043       0x44 ./Drivers/STM32H7xx_HAL_Driver/Src/stm32h7xx_hal_dma.o
 .comment       0x00000043       0x44 ./Drivers/STM32H7xx_HAL_Driver/Src/stm32h7xx_hal_gpio.o
 .comment       0x00000043       0x44 ./Drivers/STM32H7xx_HAL_Driver/Src/stm32h7xx_hal_hcd.o
 .comment       0x00000043       0x44 ./Drivers/STM32H7xx_HAL_Driver/Src/stm32h7xx_hal_i2c.o
 .comment       0x00000043       0x44 ./Drivers/STM32H7xx_HAL_Driver/Src/stm32h7xx_hal_i2c_ex.o
 .comment       0x00000043       0x44 ./Drivers/STM32H7xx_HAL_Driver/Src/stm32h7xx_hal_ospi.o
 .comment       0x00000043       0x44 ./Drivers/STM32H7xx_HAL_Driver/Src/stm32h7xx_hal_pwr_ex.o
 .comment       0x00000043       0x44 ./Drivers/STM32H7xx_HAL_Driver/Src/stm32h7xx_hal_rcc.o
 .comment       0x00000043       0x44 ./Drivers/STM32H7xx_HAL_Driver/Src/stm32h7xx_hal_rcc_ex.o
 .comment       0x00000043       0x44 ./Drivers/STM32H7xx_HAL_Driver/Src/stm32h7xx_hal_spi.o
 .comment       0x00000043       0x44 ./Drivers/STM32H7xx_HAL_Driver/Src/stm32h7xx_hal_tim.o
 .comment       0x00000043       0x44 ./Drivers/STM32H7xx_HAL_Driver/Src/stm32h7xx_hal_tim_ex.o
 .comment       0x00000043       0x44 ./Drivers/STM32H7xx_HAL_Driver/Src/stm32h7xx_hal_uart.o
 .comment       0x00000043       0x44 ./Drivers/STM32H7xx_HAL_Driver/Src/stm32h7xx_hal_uart_ex.o
 .comment       0x00000043       0x44 ./Drivers/STM32H7xx_HAL_Driver/Src/stm32h7xx_ll_usb.o

.debug_frame    0x00000000     0x7c68
 .debug_frame   0x00000000       0xc4 ./Core/Src/dfsdm.o
 .debug_frame   0x000000c4       0x34 ./Core/Src/dma.o
 .debug_frame   0x000000f8       0x38 ./Core/Src/gpio.o
 .debug_frame   0x00000130       0xb0 ./Core/Src/i2c.o
 .debug_frame   0x000001e0       0x68 ./Core/Src/main.o
 .debug_frame   0x00000248       0xa4 ./Core/Src/octospi.o
 .debug_frame   0x000002ec       0xb0 ./Core/Src/spi.o
 .debug_frame   0x0000039c       0x34 ./Core/Src/stm32h7xx_hal_msp.o
 .debug_frame   0x000003d0      0x13c ./Core/Src/stm32h7xx_it.o
 .debug_frame   0x0000050c       0x60 ./Core/Src/system_stm32h7xx.o
 .debug_frame   0x0000056c       0xa0 ./Core/Src/tim.o
 .debug_frame   0x0000060c       0xb0 ./Core/Src/usart.o
 .debug_frame   0x000006bc       0x78 ./Core/Src/usb_otg.o
 .debug_frame   0x00000734      0x760 ./Drivers/STM32H7xx_HAL_Driver/Src/stm32h7xx_hal.o
 .debug_frame   0x00000e94      0x508 ./Drivers/STM32H7xx_HAL_Driver/Src/stm32h7xx_hal_cortex.o
 .debug_frame   0x0000139c      0xa78 ./Drivers/STM32H7xx_HAL_Driver/Src/stm32h7xx_hal_dfsdm.o
 .debug_frame   0x00001e14      0x2b4 ./Drivers/STM32H7xx_HAL_Driver/Src/stm32h7xx_hal_dma.o
 .debug_frame   0x000020c8      0x14c ./Drivers/STM32H7xx_HAL_Driver/Src/stm32h7xx_hal_gpio.o
 .debug_frame   0x00002214      0x470 ./Drivers/STM32H7xx_HAL_Driver/Src/stm32h7xx_hal_hcd.o
 .debug_frame   0x00002684      0xc40 ./Drivers/STM32H7xx_HAL_Driver/Src/stm32h7xx_hal_i2c.o
 .debug_frame   0x000032c4      0x100 ./Drivers/STM32H7xx_HAL_Driver/Src/stm32h7xx_hal_i2c_ex.o
 .debug_frame   0x000033c4      0x6ac ./Drivers/STM32H7xx_HAL_Driver/Src/stm32h7xx_hal_ospi.o
 .debug_frame   0x00003a70      0x540 ./Drivers/STM32H7xx_HAL_Driver/Src/stm32h7xx_hal_pwr_ex.o
 .debug_frame   0x00003fb0      0x1fc ./Drivers/STM32H7xx_HAL_Driver/Src/stm32h7xx_hal_rcc.o
 .debug_frame   0x000041ac      0x414 ./Drivers/STM32H7xx_HAL_Driver/Src/stm32h7xx_hal_rcc_ex.o
 .debug_frame   0x000045c0      0x7a8 ./Drivers/STM32H7xx_HAL_Driver/Src/stm32h7xx_hal_spi.o
 .debug_frame   0x00004d68     0x121c ./Drivers/STM32H7xx_HAL_Driver/Src/stm32h7xx_hal_tim.o
 .debug_frame   0x00005f84      0x724 ./Drivers/STM32H7xx_HAL_Driver/Src/stm32h7xx_hal_tim_ex.o
 .debug_frame   0x000066a8      0xa94 ./Drivers/STM32H7xx_HAL_Driver/Src/stm32h7xx_hal_uart.o
 .debug_frame   0x0000713c      0x2c0 ./Drivers/STM32H7xx_HAL_Driver/Src/stm32h7xx_hal_uart_ex.o
 .debug_frame   0x000073fc      0x7c0 ./Drivers/STM32H7xx_HAL_Driver/Src/stm32h7xx_ll_usb.o
 .debug_frame   0x00007bbc       0x20 C:/ST/STM32CubeIDE_1.16.1/STM32CubeIDE/plugins/com.st.stm32cube.ide.mcu.externaltools.gnu-tools-for-stm32.12.3.rel1.win32_1.0.200.202406191623/tools/bin/../lib/gcc/arm-none-eabi/12.3.1/../../../../arm-none-eabi/lib/thumb/v7e-m+dp/hard\libc_nano.a(libc_a-memset.o)
 .debug_frame   0x00007bdc       0x2c C:/ST/STM32CubeIDE_1.16.1/STM32CubeIDE/plugins/com.st.stm32cube.ide.mcu.externaltools.gnu-tools-for-stm32.12.3.rel1.win32_1.0.200.202406191623/tools/bin/../lib/gcc/arm-none-eabi/12.3.1/../../../../arm-none-eabi/lib/thumb/v7e-m+dp/hard\libc_nano.a(libc_a-init.o)
 .debug_frame   0x00007c08       0x2c C:/ST/STM32CubeIDE_1.16.1/STM32CubeIDE/plugins/com.st.stm32cube.ide.mcu.externaltools.gnu-tools-for-stm32.12.3.rel1.win32_1.0.200.202406191623/tools/bin/../lib/gcc/arm-none-eabi/12.3.1/thumb/v7e-m+dp/hard\libgcc.a(_aeabi_uldivmod.o)
 .debug_frame   0x00007c34       0x34 C:/ST/STM32CubeIDE_1.16.1/STM32CubeIDE/plugins/com.st.stm32cube.ide.mcu.externaltools.gnu-tools-for-stm32.12.3.rel1.win32_1.0.200.202406191623/tools/bin/../lib/gcc/arm-none-eabi/12.3.1/thumb/v7e-m+dp/hard\libgcc.a(_udivmoddi4.o)

.debug_line_str
                0x00000000       0x53
 .debug_line_str
                0x00000000       0x53 ./Core/Startup/startup_stm32h735igtx.o
