Archive member included to satisfy reference by file (symbol)

C:/ST/STM32CubeIDE_1.16.1/STM32CubeIDE/plugins/com.st.stm32cube.ide.mcu.externaltools.gnu-tools-for-stm32.12.3.rel1.win32_1.0.200.202406191623/tools/bin/../lib/gcc/arm-none-eabi/12.3.1/../../../../arm-none-eabi/lib/thumb/v7e-m+dp/hard\libc_nano.a(libc_a-exit.o)
                              C:/ST/STM32CubeIDE_1.16.1/STM32CubeIDE/plugins/com.st.stm32cube.ide.mcu.externaltools.gnu-tools-for-stm32.12.3.rel1.win32_1.0.200.202406191623/tools/bin/../lib/gcc/arm-none-eabi/12.3.1/../../../../arm-none-eabi/lib/thumb/v7e-m+dp/hard/crt0.o (exit)
C:/ST/STM32CubeIDE_1.16.1/STM32CubeIDE/plugins/com.st.stm32cube.ide.mcu.externaltools.gnu-tools-for-stm32.12.3.rel1.win32_1.0.200.202406191623/tools/bin/../lib/gcc/arm-none-eabi/12.3.1/../../../../arm-none-eabi/lib/thumb/v7e-m+dp/hard\libc_nano.a(libc_a-findfp.o)
                              C:/ST/STM32CubeIDE_1.16.1/STM32CubeIDE/plugins/com.st.stm32cube.ide.mcu.externaltools.gnu-tools-for-stm32.12.3.rel1.win32_1.0.200.202406191623/tools/bin/../lib/gcc/arm-none-eabi/12.3.1/../../../../arm-none-eabi/lib/thumb/v7e-m+dp/hard\libc_nano.a(libc_a-exit.o) (__stdio_exit_handler)
C:/ST/STM32CubeIDE_1.16.1/STM32CubeIDE/plugins/com.st.stm32cube.ide.mcu.externaltools.gnu-tools-for-stm32.12.3.rel1.win32_1.0.200.202406191623/tools/bin/../lib/gcc/arm-none-eabi/12.3.1/../../../../arm-none-eabi/lib/thumb/v7e-m+dp/hard\libc_nano.a(libc_a-fwalk.o)
                              C:/ST/STM32CubeIDE_1.16.1/STM32CubeIDE/plugins/com.st.stm32cube.ide.mcu.externaltools.gnu-tools-for-stm32.12.3.rel1.win32_1.0.200.202406191623/tools/bin/../lib/gcc/arm-none-eabi/12.3.1/../../../../arm-none-eabi/lib/thumb/v7e-m+dp/hard\libc_nano.a(libc_a-findfp.o) (_fwalk_sglue)
C:/ST/STM32CubeIDE_1.16.1/STM32CubeIDE/plugins/com.st.stm32cube.ide.mcu.externaltools.gnu-tools-for-stm32.12.3.rel1.win32_1.0.200.202406191623/tools/bin/../lib/gcc/arm-none-eabi/12.3.1/../../../../arm-none-eabi/lib/thumb/v7e-m+dp/hard\libc_nano.a(libc_a-stdio.o)
                              C:/ST/STM32CubeIDE_1.16.1/STM32CubeIDE/plugins/com.st.stm32cube.ide.mcu.externaltools.gnu-tools-for-stm32.12.3.rel1.win32_1.0.200.202406191623/tools/bin/../lib/gcc/arm-none-eabi/12.3.1/../../../../arm-none-eabi/lib/thumb/v7e-m+dp/hard\libc_nano.a(libc_a-findfp.o) (__sread)
C:/ST/STM32CubeIDE_1.16.1/STM32CubeIDE/plugins/com.st.stm32cube.ide.mcu.externaltools.gnu-tools-for-stm32.12.3.rel1.win32_1.0.200.202406191623/tools/bin/../lib/gcc/arm-none-eabi/12.3.1/../../../../arm-none-eabi/lib/thumb/v7e-m+dp/hard\libc_nano.a(libc_a-memset.o)
                              C:/ST/STM32CubeIDE_1.16.1/STM32CubeIDE/plugins/com.st.stm32cube.ide.mcu.externaltools.gnu-tools-for-stm32.12.3.rel1.win32_1.0.200.202406191623/tools/bin/../lib/gcc/arm-none-eabi/12.3.1/../../../../arm-none-eabi/lib/thumb/v7e-m+dp/hard/crt0.o (memset)
C:/ST/STM32CubeIDE_1.16.1/STM32CubeIDE/plugins/com.st.stm32cube.ide.mcu.externaltools.gnu-tools-for-stm32.12.3.rel1.win32_1.0.200.202406191623/tools/bin/../lib/gcc/arm-none-eabi/12.3.1/../../../../arm-none-eabi/lib/thumb/v7e-m+dp/hard\libc_nano.a(libc_a-closer.o)
                              C:/ST/STM32CubeIDE_1.16.1/STM32CubeIDE/plugins/com.st.stm32cube.ide.mcu.externaltools.gnu-tools-for-stm32.12.3.rel1.win32_1.0.200.202406191623/tools/bin/../lib/gcc/arm-none-eabi/12.3.1/../../../../arm-none-eabi/lib/thumb/v7e-m+dp/hard\libc_nano.a(libc_a-stdio.o) (_close_r)
C:/ST/STM32CubeIDE_1.16.1/STM32CubeIDE/plugins/com.st.stm32cube.ide.mcu.externaltools.gnu-tools-for-stm32.12.3.rel1.win32_1.0.200.202406191623/tools/bin/../lib/gcc/arm-none-eabi/12.3.1/../../../../arm-none-eabi/lib/thumb/v7e-m+dp/hard\libc_nano.a(libc_a-reent.o)
                              C:/ST/STM32CubeIDE_1.16.1/STM32CubeIDE/plugins/com.st.stm32cube.ide.mcu.externaltools.gnu-tools-for-stm32.12.3.rel1.win32_1.0.200.202406191623/tools/bin/../lib/gcc/arm-none-eabi/12.3.1/../../../../arm-none-eabi/lib/thumb/v7e-m+dp/hard\libc_nano.a(libc_a-closer.o) (errno)
C:/ST/STM32CubeIDE_1.16.1/STM32CubeIDE/plugins/com.st.stm32cube.ide.mcu.externaltools.gnu-tools-for-stm32.12.3.rel1.win32_1.0.200.202406191623/tools/bin/../lib/gcc/arm-none-eabi/12.3.1/../../../../arm-none-eabi/lib/thumb/v7e-m+dp/hard\libc_nano.a(libc_a-impure.o)
                              C:/ST/STM32CubeIDE_1.16.1/STM32CubeIDE/plugins/com.st.stm32cube.ide.mcu.externaltools.gnu-tools-for-stm32.12.3.rel1.win32_1.0.200.202406191623/tools/bin/../lib/gcc/arm-none-eabi/12.3.1/../../../../arm-none-eabi/lib/thumb/v7e-m+dp/hard\libc_nano.a(libc_a-reent.o) (_impure_ptr)
C:/ST/STM32CubeIDE_1.16.1/STM32CubeIDE/plugins/com.st.stm32cube.ide.mcu.externaltools.gnu-tools-for-stm32.12.3.rel1.win32_1.0.200.202406191623/tools/bin/../lib/gcc/arm-none-eabi/12.3.1/../../../../arm-none-eabi/lib/thumb/v7e-m+dp/hard\libc_nano.a(libc_a-lseekr.o)
[...]
Memory Configuration

Name             Origin             Length             Attributes
ITCMRAM          0x00000000         0x00010000         xrw
DTCMRAM          0x20000000         0x00020000         xrw
FLASH            0x08000000         0x00100000         xr
RAM_D1           0x24000000         0x00050000         xrw
RAM_D2           0x30000000         0x00008000         xrw
RAM_D3           0x38000000         0x00004000         xrw
*default*        0x00000000         0xffffffff

Linker script and memory map

LOAD C:/ST/STM32CubeIDE_1.16.1/STM32CubeIDE/plugins/com.st.stm32cube.ide.mcu.externaltools.gnu-tools-for-stm32.12.3.rel1.win32_1.0.200.202406191623/tools/bin/../lib/gcc/arm-none-eabi/12.3.1/thumb/v7e-m+dp/hard/crti.o
LOAD C:/ST/STM32CubeIDE_1.16.1/STM32CubeIDE/plugins/com.st.stm32cube.ide.mcu.externaltools.gnu-tools-for-stm32.12.3.rel1.win32_1.0.200.202406191623/tools/bin/../lib/gcc/arm-none-eabi/12.3.1/thumb/v7e-m+dp/hard/crtbegin.o
LOAD C:/ST/STM32CubeIDE_1.16.1/STM32CubeIDE/plugins/com.st.stm32cube.ide.mcu.externaltools.gnu-tools-for-stm32.12.3.rel1.win32_1.0.200.202406191623/tools/bin/../lib/gcc/arm-none-eabi/12.3.1/../../../../arm-none-eabi/lib/thumb/v7e-m+dp/hard/crt0.o
LOAD ./Core/Src/dma.o
LOAD ./Core/Src/gpio.o
LOAD ./Core/Src/i2c.o
LOAD ./Core/Src/main.o
LOAD ./Core/Src/memorymap.o
LOAD ./Core/Src/octospi.o
LOAD ./Core/Src/spi.o
LOAD ./Core/Src/stm32h7xx_hal_msp.o
LOAD ./Core/Src/stm32h7xx_it.o
LOAD ./Core/Src/syscalls.o
LOAD ./Core/Src/sysmem.o
LOAD ./Core/Src/system_stm32h7xx.o
LOAD ./Core/Src/tim.o
LOAD ./Core/Src/usart.o
LOAD ./Core/Src/usb_otg.o
LOAD ./Core/Startup/startup_stm32h735igtx.o
LOAD ./Drivers/STM32H7xx_HAL_Driver/Src/stm32h7xx_hal.o
LOAD ./Drivers/STM32H7xx_HAL_Driver/Src/stm32h7xx_hal_cortex.o
LOAD ./Drivers/STM32H7xx_HAL_Driver/Src/stm32h7xx_hal_dma.o
LOAD ./Drivers/STM32H7xx_HAL_Driver/Src/stm32h7xx_hal_dma_ex.o
LOAD ./Drivers/STM32H7xx_HAL_Driver/Src/stm32h7xx_hal_exti.o
LOAD ./Drivers/STM32H7xx_HAL_Driver/Src/stm32h7xx_hal_flash.o
LOAD ./Drivers/STM32H7xx_HAL_Driver/Src/stm32h7xx_hal_flash_ex.o
LOAD ./Drivers/STM32H7xx_HAL_Driver/Src/stm32h7xx_hal_gpio.o
LOAD ./Drivers/STM32H7xx_HAL_Driver/Src/stm32h7xx_hal_hcd.o
LOAD ./Drivers/STM32H7xx_HAL_Driver/Src/stm32h7xx_hal_hsem.o
LOAD ./Drivers/STM32H7xx_HAL_Driver/Src/stm32h7xx_hal_i2c.o
LOAD ./Drivers/STM32H7xx_HAL_Driver/Src/stm32h7xx_hal_i2c_ex.o
LOAD ./Drivers/STM32H7xx_HAL_Driver/Src/stm32h7xx_hal_mdma.o
LOAD ./Drivers/STM32H7xx_HAL_Driver/Src/stm32h7xx_hal_ospi.o
LOAD ./Drivers/STM32H7xx_HAL_Driver/Src/stm32h7xx_hal_pwr.o
LOAD ./Drivers/STM32H7xx_HAL_Driver/Src/stm32h7xx_hal_pwr_ex.o
LOAD ./Drivers/STM32H7xx_HAL_Driver/Src/stm32h7xx_hal_rcc.o
LOAD ./Drivers/STM32H7xx_HAL_Driver/Src/stm32h7xx_hal_rcc_ex.o
LOAD ./Drivers/STM32H7xx_HAL_Driver/Src/stm32h7xx_hal_spi.o
LOAD ./Drivers/STM32H7xx_HAL_Driver/Src/stm32h7xx_hal_spi_ex.o
LOAD ./Drivers/STM32H7xx_HAL_Driver/Src/stm32h7xx_hal_tim.o
LOAD ./Drivers/STM32H7xx_HAL_Driver/Src/stm32h7xx_hal_tim_ex.o
LOAD ./Drivers/STM32H7xx_HAL_Driver/Src/stm32h7xx_hal_uart.o
LOAD ./Drivers/STM32H7xx_HAL_Driver/Src/stm32h7xx_hal_uart_ex.o
LOAD ./Drivers/STM32H7xx_HAL_Driver/Src/stm32h7xx_ll_usb.o
START GROUP
LOAD C:/ST/STM32CubeIDE_1.16.1/STM32CubeIDE/plugins/com.st.stm32cube.ide.mcu.externaltools.gnu-tools-for-stm32.12.3.rel1.win32_1.0.200.202406191623/tools/bin/../lib/gcc/arm-none-eabi/12.3.1/../../../../arm-none-eabi/lib/thumb/v7e-m+dp/hard\libc_nano.a
LOAD C:/ST/STM32CubeIDE_1.16.1/STM32CubeIDE/plugins/com.st.stm32cube.ide.mcu.externaltools.gnu-tools-for-stm32.12.3.rel1.win32_1.0.200.202406191623/tools/bin/../lib/gcc/arm-none-eabi/12.3.1/../../../../arm-none-eabi/lib/thumb/v7e-m+dp/hard\libm.a
END GROUP
START GROUP
LOAD C:/ST/STM32CubeIDE_1.16.1/STM32CubeIDE/plugins/com.st.stm32cube.ide.mcu.externaltools.gnu-tools-for-stm32.12.3.rel1.win32_1.0.200.202406191623/tools/bin/../lib/gcc/arm-none-eabi/12.3.1/thumb/v7e-m+dp/hard\libgcc.a
LOAD C:/ST/STM32CubeIDE_1.16.1/STM32CubeIDE/plugins/com.st.stm32cube.ide.mcu.externaltools.gnu-tools-for-stm32.12.3.rel1.win32_1.0.200.202406191623/tools/bin/../lib/gcc/arm-none-eabi/12.3.1/../../../../arm-none-eabi/lib/thumb/v7e-m+dp/hard\libc_nano.a
END GROUP
START GROUP
LOAD C:/ST/STM32CubeIDE_1.16.1/STM32CubeIDE/plugins/com.st.stm32cube.ide.mcu.externaltools.gnu-tools-for-stm32.12.3.rel1.win32_1.0.200.202406191623/tools/bin/../lib/gcc/arm-none-eabi/12.3.1/thumb/v7e-m+dp/hard\libgcc.a
LOAD C:/ST/STM32CubeIDE_1.16.1/STM32CubeIDE/plugins/com.st.stm32cube.ide.mcu.externaltools.gnu-tools-for-stm32.12.3.rel1.win32_1.0.200.202406191623/tools/bin/../lib/gcc/arm-none-eabi/12.3.1/../../../../arm-none-eabi/lib/thumb/v7e-m+dp/hard\libc_nano.a
LOAD C:/ST/STM32CubeIDE_1.16.1/STM32CubeIDE/plugins/com.st.stm32cube.ide.mcu.externaltools.gnu-tools-for-stm32.12.3.rel1.win32_1.0.200.202406191623/tools/bin/../lib/gcc/arm-none-eabi/12.3.1/../../../../arm-none-eabi/lib/thumb/v7e-m+dp/hard\libnosys.a
END GROUP
START GROUP
LOAD C:/ST/STM32CubeIDE_1.16.1/STM32CubeIDE/plugins/com.st.stm32cube.ide.mcu.externaltools.gnu-tools-for-stm32.12.3.rel1.win32_1.0.200.202406191623/tools/bin/../lib/gcc/arm-none-eabi/12.3.1/thumb/v7e-m+dp/hard\libgcc.a
LOAD C:/ST/STM32CubeIDE_1.16.1/STM32CubeIDE/plugins/com.st.stm32cube.ide.mcu.externaltools.gnu-tools-for-stm32.12.3.rel1.win32_1.0.200.202406191623/tools/bin/../lib/gcc/arm-none-eabi/12.3.1/../../../../arm-none-eabi/lib/thumb/v7e-m+dp/hard\libc_nano.a
LOAD C:/ST/STM32CubeIDE_1.16.1/STM32CubeIDE/plugins/com.st.stm32cube.ide.mcu.externaltools.gnu-tools-for-stm32.12.3.rel1.win32_1.0.200.202406191623/tools/bin/../lib/gcc/arm-none-eabi/12.3.1/../../../../arm-none-eabi/lib/thumb/v7e-m+dp/hard\libnosys.a
END GROUP
LOAD C:/ST/STM32CubeIDE_1.16.1/STM32CubeIDE/plugins/com.st.stm32cube.ide.mcu.externaltools.gnu-tools-for-stm32.12.3.rel1.win32_1.0.200.202406191623/tools/bin/../lib/gcc/arm-none-eabi/12.3.1/thumb/v7e-m+dp/hard/crtend.o
LOAD C:/ST/STM32CubeIDE_1.16.1/STM32CubeIDE/plugins/com.st.stm32cube.ide.mcu.externaltools.gnu-tools-for-stm32.12.3.rel1.win32_1.0.200.202406191623/tools/bin/../lib/gcc/arm-none-eabi/12.3.1/thumb/v7e-m+dp/hard/crtn.o
                0x24050000                        _estack = (ORIGIN (RAM_D1) + LENGTH (RAM_D1))
                0x00000200                        _Min_Heap_Size = 0x200
                0x00000400                        _Min_Stack_Size = 0x400

.isr_vector     0x08000000      0x2cc
                0x08000000                        . = ALIGN (0x4)
 *(.isr_vector)
 .isr_vector    0x08000000      0x2cc ./Core/Startup/startup_stm32h735igtx.o
                0x08000000                g_pfnVectors
                0x080002cc                        . = ALIGN (0x4)

.text           0x080002cc     0xa370
                0x080002cc                        . = ALIGN (0x4)
 *(.text)
 .text          0x080002cc       0x40 C:/ST/STM32CubeIDE_1.16.1/STM32CubeIDE/plugins/com.st.stm32cube.ide.mcu.externaltools.gnu-tools-for-stm32.12.3.rel1.win32_1.0.200.202406191623/tools/bin/../lib/gcc/arm-none-eabi/12.3.1/thumb/v7e-m+dp/hard/crtbegin.o
 .text          0x0800030c       0x30 C:/ST/STM32CubeIDE_1.16.1/STM32CubeIDE/plugins/com.st.stm32cube.ide.mcu.externaltools.gnu-tools-for-stm32.12.3.rel1.win32_1.0.200.202406191623/tools/bin/../lib/gcc/arm-none-eabi/12.3.1/thumb/v7e-m+dp/hard\libgcc.a(_aeabi_uldivmod.o)
                0x0800030c                __aeabi_uldivmod
 .text          0x0800033c      0x2bc C:/ST/STM32CubeIDE_1.16.1/STM32CubeIDE/plugins/com.st.stm32cube.ide.mcu.externaltools.gnu-tools-for-stm32.12.3.rel1.win32_1.0.200.202406191623/tools/bin/../lib/gcc/arm-none-eabi/12.3.1/thumb/v7e-m+dp/hard\libgcc.a(_udivmoddi4.o)
                0x0800033c                __udivmoddi4
 .text          0x080005f8        0x4 C:/ST/STM32CubeIDE_1.16.1/STM32CubeIDE/plugins/com.st.stm32cube.ide.mcu.externaltools.gnu-tools-for-stm32.12.3.rel1.win32_1.0.200.202406191623/tools/bin/../lib/gcc/arm-none-eabi/12.3.1/thumb/v7e-m+dp/hard\libgcc.a(_dvmd_tls.o)
                0x080005f8                __aeabi_idiv0
                0x080005f8                __aeabi_ldiv0
 *(.text*)
 .text.MX_DMA_Init
                0x080005fc       0x40 ./Core/Src/dma.o
                0x080005fc                MX_DMA_Init
 .text.MX_GPIO_Init
                0x0800063c      0x2bc ./Core/Src/gpio.o
                0x0800063c                MX_GPIO_Init
 .text.MX_I2C1_Init
                0x080008f8       0x80 ./Core/Src/i2c.o
                0x080008f8                MX_I2C1_Init
 .text.MX_I2C2_Init
                0x08000978       0x80 ./Core/Src/i2c.o
                0x08000978                MX_I2C2_Init
 .text.MX_I2C3_Init
                0x080009f8       0x80 ./Core/Src/i2c.o
                0x080009f8                MX_I2C3_Init
 .text.HAL_I2C_MspInit
                0x08000a78      0x260 ./Core/Src/i2c.o
                0x08000a78                HAL_I2C_MspInit
 .text.main     0x08000cd8       0x4c ./Core/Src/main.o
                0x08000cd8                main
 .text.SystemClock_Config
                0x08000d24       0xe0 ./Core/Src/main.o
                0x08000d24                SystemClock_Config
 .text.Error_Handler
                0x08000e04        0xc ./Core/Src/main.o
                0x08000e04                Error_Handler
 .text.MX_OCTOSPI1_Init
                0x08000e10       0xbc ./Core/Src/octospi.o
                0x08000e10                MX_OCTOSPI1_Init
 .text.MX_OCTOSPI2_Init
                0x08000ecc       0xc0 ./Core/Src/octospi.o
                0x08000ecc                MX_OCTOSPI2_Init
 .text.HAL_OSPI_MspInit
                0x08000f8c      0x314 ./Core/Src/octospi.o
                0x08000f8c                HAL_OSPI_MspInit
 .text.MX_SPI1_Init
                0x080012a0       0xac ./Core/Src/spi.o
                0x080012a0                MX_SPI1_Init
 .text.MX_SPI3_Init
                0x0800134c       0xac ./Core/Src/spi.o
                0x0800134c                MX_SPI3_Init
 .text.MX_SPI4_Init
                0x080013f8       0xac ./Core/Src/spi.o
                0x080013f8                MX_SPI4_Init
 .text.HAL_SPI_MspInit
                0x080014a4      0x260 ./Core/Src/spi.o
                0x080014a4                HAL_SPI_MspInit
 .text.HAL_MspInit
                0x08001704       0x58 ./Core/Src/stm32h7xx_hal_msp.o
                0x08001704                HAL_MspInit
 .text.NMI_Handler
                0x0800175c        0x8 ./Core/Src/stm32h7xx_it.o
                0x0800175c                NMI_Handler
 .text.HardFault_Handler
                0x08001764        0x8 ./Core/Src/stm32h7xx_it.o
                0x08001764                HardFault_Handler
 .text.MemManage_Handler
                0x0800176c        0x8 ./Core/Src/stm32h7xx_it.o
                0x0800176c                MemManage_Handler
 .text.BusFault_Handler
                0x08001774        0x8 ./Core/Src/stm32h7xx_it.o
                0x08001774                BusFault_Handler
 .text.UsageFault_Handler
                0x0800177c        0x8 ./Core/Src/stm32h7xx_it.o
                0x0800177c                UsageFault_Handler
 .text.SVC_Handler
                0x08001784        0xe ./Core/Src/stm32h7xx_it.o
                0x08001784                SVC_Handler
 .text.DebugMon_Handler
                0x08001792        0xe ./Core/Src/stm32h7xx_it.o
                0x08001792                DebugMon_Handler
 .text.PendSV_Handler
                0x080017a0        0xe ./Core/Src/stm32h7xx_it.o
                0x080017a0                PendSV_Handler
 .text.SysTick_Handler
                0x080017ae        0xc ./Core/Src/stm32h7xx_it.o
                0x080017ae                SysTick_Handler
 *fill*         0x080017ba        0x2 
 .text.DMA1_Stream0_IRQHandler
                0x080017bc       0x14 ./Core/Src/stm32h7xx_it.o
                0x080017bc                DMA1_Stream0_IRQHandler
 .text.SystemInit
                0x080017d0      0x118 ./Core/Src/system_stm32h7xx.o
                0x080017d0                SystemInit
 .text.MX_TIM3_Init
                0x080018e8       0xf0 ./Core/Src/tim.o
                0x080018e8                MX_TIM3_Init
 .text.HAL_TIM_Base_MspInit
                0x080019d8       0xa8 ./Core/Src/tim.o
                0x080019d8                HAL_TIM_Base_MspInit
 .text.HAL_TIM_MspPostInit
                0x08001a80       0x74 ./Core/Src/tim.o
                0x08001a80                HAL_TIM_MspPostInit
 .text.MX_UART4_Init
                0x08001af4       0x98 ./Core/Src/usart.o
                0x08001af4                MX_UART4_Init
 .text.MX_UART7_Init
                0x08001b8c       0x98 ./Core/Src/usart.o
                0x08001b8c                MX_UART7_Init
 .text.MX_USART1_UART_Init
                0x08001c24       0x98 ./Core/Src/usart.o
                0x08001c24                MX_USART1_UART_Init
 .text.HAL_UART_MspInit
                0x08001cbc      0x210 ./Core/Src/usart.o
                0x08001cbc                HAL_UART_MspInit
 .text.MX_USB_OTG_HS_HCD_Init
                0x08001ecc       0x50 ./Core/Src/usb_otg.o
                0x08001ecc                MX_USB_OTG_HS_HCD_Init
 .text.HAL_HCD_MspInit
                0x08001f1c       0x7c ./Core/Src/usb_otg.o
                0x08001f1c                HAL_HCD_MspInit
 .text.Reset_Handler
                0x08001f98       0x50 ./Core/Startup/startup_stm32h735igtx.o
                0x08001f98                Reset_Handler
 .text.Default_Handler
                0x08001fe8        0x2 ./Core/Startup/startup_stm32h735igtx.o
                0x08001fe8                RTC_Alarm_IRQHandler
                0x08001fe8                HASH_RNG_IRQHandler
                0x08001fe8                EXTI2_IRQHandler
                0x08001fe8                TIM8_CC_IRQHandler
                0x08001fe8                UART8_IRQHandler
                0x08001fe8                SPI4_IRQHandler
                0x08001fe8                FDCAN3_IT0_IRQHandler
                0x08001fe8                TIM1_CC_IRQHandler
                0x08001fe8                BDMA_Channel6_IRQHandler
                0x08001fe8                DMA2_Stream5_IRQHandler
                0x08001fe8                DMA1_Stream5_IRQHandler
                0x08001fe8                CORDIC_IRQHandler
                0x08001fe8                BDMA_Channel1_IRQHandler
                0x08001fe8                TAMP_STAMP_IRQHandler
                0x08001fe8                EXTI3_IRQHandler
                0x08001fe8                LPTIM4_IRQHandler
                0x08001fe8                TIM8_TRG_COM_TIM14_IRQHandler
                0x08001fe8                LPTIM2_IRQHandler
                0x08001fe8                DFSDM1_FLT1_IRQHandler
                0x08001fe8                DMAMUX2_OVR_IRQHandler
                0x08001fe8                TIM8_UP_TIM13_IRQHandler
                0x08001fe8                I2C3_ER_IRQHandler
                0x08001fe8                DFSDM1_FLT2_IRQHandler
                0x08001fe8                I2C5_EV_IRQHandler
                0x08001fe8                USART10_IRQHandler
                0x08001fe8                MDMA_IRQHandler
                0x08001fe8                LPTIM3_IRQHandler
                0x08001fe8                HSEM1_IRQHandler
                0x08001fe8                EXTI0_IRQHandler
                0x08001fe8                I2C2_EV_IRQHandler
                0x08001fe8                DMA1_Stream2_IRQHandler
                0x08001fe8                FPU_IRQHandler
                0x08001fe8                OTG_HS_WKUP_IRQHandler
                0x08001fe8                FDCAN1_IT1_IRQHandler
                0x08001fe8                LTDC_ER_IRQHandler
                0x08001fe8                DMA2_Stream2_IRQHandler
                0x08001fe8                SPI1_IRQHandler
                0x08001fe8                OCTOSPI1_IRQHandler
                0x08001fe8                TIM6_DAC_IRQHandler
                0x08001fe8                DMA2_Stream3_IRQHandler
                0x08001fe8                OCTOSPI2_IRQHandler
                0x08001fe8                DFSDM1_FLT3_IRQHandler
                0x08001fe8                TIM23_IRQHandler
                0x08001fe8                USART6_IRQHandler
                0x08001fe8                TIM17_IRQHandler
                0x08001fe8                USART3_IRQHandler
                0x08001fe8                BDMA_Channel7_IRQHandler
                0x08001fe8                CRYP_IRQHandler
                0x08001fe8                LPTIM5_IRQHandler
                0x08001fe8                UART5_IRQHandler
                0x08001fe8                ADC3_IRQHandler
                0x08001fe8                DMA2_Stream0_IRQHandler
                0x08001fe8                TIM4_IRQHandler
                0x08001fe8                BDMA_Channel2_IRQHandler
                0x08001fe8                I2C1_EV_IRQHandler
                0x08001fe8                DMA1_Stream6_IRQHandler
                0x08001fe8                DMAMUX1_OVR_IRQHandler
                0x08001fe8                DMA1_Stream1_IRQHandler
                0x08001fe8                TIM16_IRQHandler
                0x08001fe8                UART4_IRQHandler
                0x08001fe8                BDMA_Channel5_IRQHandler
                0x08001fe8                TIM3_IRQHandler
                0x08001fe8                RCC_IRQHandler
                0x08001fe8                UART9_IRQHandler
                0x08001fe8                TIM8_BRK_TIM12_IRQHandler
                0x08001fe8                TIM1_TRG_COM_IRQHandler
                0x08001fe8                Default_Handler
                0x08001fe8                ECC_IRQHandler
                0x08001fe8                FMAC_IRQHandler
                0x08001fe8                CEC_IRQHandler
                0x08001fe8                EXTI15_10_IRQHandler
                0x08001fe8                BDMA_Channel0_IRQHandler
                0x08001fe8                ADC_IRQHandler
                0x08001fe8                I2C5_ER_IRQHandler
                0x08001fe8                OTFDEC1_IRQHandler
                0x08001fe8                DMA1_Stream7_IRQHandler
                0x08001fe8                SPI5_IRQHandler
                0x08001fe8                TIM7_IRQHandler
                0x08001fe8                FDCAN3_IT1_IRQHandler
                0x08001fe8                SDMMC1_IRQHandler
                0x08001fe8                TIM5_IRQHandler
                0x08001fe8                DMA2_Stream7_IRQHandler
                0x08001fe8                TIM15_IRQHandler
                0x08001fe8                PVD_AVD_IRQHandler
                0x08001fe8                I2C3_EV_IRQHandler
                0x08001fe8                EXTI9_5_IRQHandler
                0x08001fe8                RTC_WKUP_IRQHandler
                0x08001fe8                LTDC_IRQHandler
                0x08001fe8                ETH_WKUP_IRQHandler
                0x08001fe8                SPDIF_RX_IRQHandler
                0x08001fe8                SPI2_IRQHandler
                0x08001fe8                OTG_HS_EP1_IN_IRQHandler
                0x08001fe8                OTFDEC2_IRQHandler
                0x08001fe8                TIM24_IRQHandler
                0x08001fe8                CRS_IRQHandler
                0x08001fe8                EXTI4_IRQHandler
                0x08001fe8                FDCAN2_IT1_IRQHandler
                0x08001fe8                ETH_IRQHandler
                0x08001fe8                TIM1_UP_IRQHandler
                0x08001fe8                BDMA_Channel4_IRQHandler
                0x08001fe8                OTG_HS_EP1_OUT_IRQHandler
                0x08001fe8                WWDG_IRQHandler
                0x08001fe8                SPI6_IRQHandler
                0x08001fe8                MDIOS_IRQHandler
                0x08001fe8                I2C4_EV_IRQHandler
                0x08001fe8                FDCAN2_IT0_IRQHandler
                0x08001fe8                LPUART1_IRQHandler
                0x08001fe8                FDCAN1_IT0_IRQHandler
                0x08001fe8                TIM2_IRQHandler
                0x08001fe8                OTG_HS_IRQHandler
                0x08001fe8                DMA2D_IRQHandler
                0x08001fe8                TIM1_BRK_IRQHandler
                0x08001fe8                EXTI1_IRQHandler
                0x08001fe8                SDMMC2_IRQHandler
                0x08001fe8                BDMA_Channel3_IRQHandler
                0x08001fe8                DTS_IRQHandler
                0x08001fe8                UART7_IRQHandler
                0x08001fe8                MDIOS_WKUP_IRQHandler
                0x08001fe8                USART2_IRQHandler
                0x08001fe8                DFSDM1_FLT0_IRQHandler
                0x08001fe8                SAI4_IRQHandler
                0x08001fe8                I2C2_ER_IRQHandler
                0x08001fe8                DMA2_Stream1_IRQHandler
                0x08001fe8                FLASH_IRQHandler
                0x08001fe8                DMA2_Stream4_IRQHandler
                0x08001fe8                USART1_IRQHandler
                0x08001fe8                SPI3_IRQHandler
                0x08001fe8                WAKEUP_PIN_IRQHandler
                0x08001fe8                DMA1_Stream4_IRQHandler
                0x08001fe8                I2C1_ER_IRQHandler
                0x08001fe8                FMC_IRQHandler
                0x08001fe8                FDCAN_CAL_IRQHandler
                0x08001fe8                SWPMI1_IRQHandler
                0x08001fe8                COMP1_IRQHandler
                0x08001fe8                LPTIM1_IRQHandler
                0x08001fe8                DCMI_PSSI_IRQHandler
                0x08001fe8                I2C4_ER_IRQHandler
                0x08001fe8                DMA2_Stream6_IRQHandler
                0x08001fe8                SAI1_IRQHandler
                0x08001fe8                DMA1_Stream3_IRQHandler
 *fill*         0x08001fea        0x2 
 .text.HAL_Init
                0x08001fec       0x78 ./Drivers/STM32H7xx_HAL_Driver/Src/stm32h7xx_hal.o
                0x08001fec                HAL_Init
 .text.HAL_InitTick
                0x08002064       0x6c ./Drivers/STM32H7xx_HAL_Driver/Src/stm32h7xx_hal.o
                0x08002064                HAL_InitTick
 .text.HAL_IncTick
                0x080020d0       0x28 ./Drivers/STM32H7xx_HAL_Driver/Src/stm32h7xx_hal.o
                0x080020d0                HAL_IncTick
 .text.HAL_GetTick
                0x080020f8       0x18 ./Drivers/STM32H7xx_HAL_Driver/Src/stm32h7xx_hal.o
                0x080020f8                HAL_GetTick
 .text.HAL_Delay
                0x08002110       0x48 ./Drivers/STM32H7xx_HAL_Driver/Src/stm32h7xx_hal.o
                0x08002110                HAL_Delay
 .text.HAL_SYSCFG_VREFBUF_HighImpedanceConfig
                0x08002158       0x28 ./Drivers/STM32H7xx_HAL_Driver/Src/stm32h7xx_hal.o
                0x08002158                HAL_SYSCFG_VREFBUF_HighImpedanceConfig
 .text.HAL_SYSCFG_DisableVREFBUF
                0x08002180       0x20 ./Drivers/STM32H7xx_HAL_Driver/Src/stm32h7xx_hal.o
                0x08002180                HAL_SYSCFG_DisableVREFBUF
 .text.__NVIC_SetPriorityGrouping
                0x080021a0       0x48 ./Drivers/STM32H7xx_HAL_Driver/Src/stm32h7xx_hal_cortex.o
 .text.__NVIC_GetPriorityGrouping
                0x080021e8       0x1c ./Drivers/STM32H7xx_HAL_Driver/Src/stm32h7xx_hal_cortex.o
 .text.__NVIC_EnableIRQ
                0x08002204       0x3c ./Drivers/STM32H7xx_HAL_Driver/Src/stm32h7xx_hal_cortex.o
 .text.__NVIC_SetPriority
                0x08002240       0x54 ./Drivers/STM32H7xx_HAL_Driver/Src/stm32h7xx_hal_cortex.o
 .text.NVIC_EncodePriority
                0x08002294       0x66 ./Drivers/STM32H7xx_HAL_Driver/Src/stm32h7xx_hal_cortex.o
 *fill*         0x080022fa        0x2 
 .text.SysTick_Config
                0x080022fc       0x44 ./Drivers/STM32H7xx_HAL_Driver/Src/stm32h7xx_hal_cortex.o
 .text.HAL_NVIC_SetPriorityGrouping
                0x08002340       0x16 ./Drivers/STM32H7xx_HAL_Driver/Src/stm32h7xx_hal_cortex.o
                0x08002340                HAL_NVIC_SetPriorityGrouping
 .text.HAL_NVIC_SetPriority
                0x08002356       0x34 ./Drivers/STM32H7xx_HAL_Driver/Src/stm32h7xx_hal_cortex.o
                0x08002356                HAL_NVIC_SetPriority
 .text.HAL_NVIC_EnableIRQ
                0x0800238a       0x1c ./Drivers/STM32H7xx_HAL_Driver/Src/stm32h7xx_hal_cortex.o
                0x0800238a                HAL_NVIC_EnableIRQ
 .text.HAL_SYSTICK_Config
                0x080023a6       0x18 ./Drivers/STM32H7xx_HAL_Driver/Src/stm32h7xx_hal_cortex.o
                0x080023a6                HAL_SYSTICK_Config
 *fill*         0x080023be        0x2 
 .text.HAL_DMA_Init
                0x080023c0      0x6b0 ./Drivers/STM32H7xx_HAL_Driver/Src/stm32h7xx_hal_dma.o
                0x080023c0                HAL_DMA_Init
 .text.HAL_DMA_IRQHandler
                0x08002a70      0xe54 ./Drivers/STM32H7xx_HAL_Driver/Src/stm32h7xx_hal_dma.o
                0x08002a70                HAL_DMA_IRQHandler
 .text.DMA_CalcBaseAndBitshift
                0x080038c4      0x164 ./Drivers/STM32H7xx_HAL_Driver/Src/stm32h7xx_hal_dma.o
 .text.DMA_CheckFifoParam
                0x08003a28       0xf8 ./Drivers/STM32H7xx_HAL_Driver/Src/stm32h7xx_hal_dma.o
 .text.DMA_CalcDMAMUXChannelBaseAndMask
                0x08003b20      0x134 ./Drivers/STM32H7xx_HAL_Driver/Src/stm32h7xx_hal_dma.o
 .text.DMA_CalcDMAMUXRequestGenBaseAndMask
                0x08003c54       0xe8 ./Drivers/STM32H7xx_HAL_Driver/Src/stm32h7xx_hal_dma.o
 .text.HAL_GPIO_Init
                0x08003d3c      0x350 ./Drivers/STM32H7xx_HAL_Driver/Src/stm32h7xx_hal_gpio.o
                0x08003d3c                HAL_GPIO_Init
 .text.HAL_GPIO_WritePin
                0x0800408c       0x32 ./Drivers/STM32H7xx_HAL_Driver/Src/stm32h7xx_hal_gpio.o
                0x0800408c                HAL_GPIO_WritePin
 .text.HAL_HCD_Init
                0x080040be       0xba ./Drivers/STM32H7xx_HAL_Driver/Src/stm32h7xx_hal_hcd.o
                0x080040be                HAL_HCD_Init
 .text.HAL_I2C_Init
                0x08004178      0x138 ./Drivers/STM32H7xx_HAL_Driver/Src/stm32h7xx_hal_i2c.o
                0x08004178                HAL_I2C_Init
 .text.HAL_I2CEx_ConfigAnalogFilter
                0x080042b0       0x96 ./Drivers/STM32H7xx_HAL_Driver/Src/stm32h7xx_hal_i2c_ex.o
                0x080042b0                HAL_I2CEx_ConfigAnalogFilter
 .text.HAL_I2CEx_ConfigDigitalFilter
                0x08004346       0x98 ./Drivers/STM32H7xx_HAL_Driver/Src/stm32h7xx_hal_i2c_ex.o
                0x08004346                HAL_I2CEx_ConfigDigitalFilter
 *fill*         0x080043de        0x2 
 .text.HAL_OSPI_Init
                0x080043e0      0x178 ./Drivers/STM32H7xx_HAL_Driver/Src/stm32h7xx_hal_ospi.o
                0x080043e0                HAL_OSPI_Init
 .text.HAL_OSPI_SetTimeout
                0x08004558       0x1e ./Drivers/STM32H7xx_HAL_Driver/Src/stm32h7xx_hal_ospi.o
                0x08004558                HAL_OSPI_SetTimeout
 *fill*         0x08004576        0x2 
 .text.HAL_OSPIM_Config
                0x08004578      0x9d0 ./Drivers/STM32H7xx_HAL_Driver/Src/stm32h7xx_hal_ospi.o
                0x08004578                HAL_OSPIM_Config
 .text.OSPI_WaitFlagStateUntilTimeout
                0x08004f48       0x6e ./Drivers/STM32H7xx_HAL_Driver/Src/stm32h7xx_hal_ospi.o
 *fill*         0x08004fb6        0x2 
 .text.OSPIM_GetConfig
                0x08004fb8      0x174 ./Drivers/STM32H7xx_HAL_Driver/Src/stm32h7xx_hal_ospi.o
 .text.HAL_PWREx_ConfigSupply
                0x0800512c       0xb4 ./Drivers/STM32H7xx_HAL_Driver/Src/stm32h7xx_hal_pwr_ex.o
                0x0800512c                HAL_PWREx_ConfigSupply
 .text.HAL_PWREx_EnableUSBVoltageDetector
                0x080051e0       0x20 ./Drivers/STM32H7xx_HAL_Driver/Src/stm32h7xx_hal_pwr_ex.o
                0x080051e0                HAL_PWREx_EnableUSBVoltageDetector
 .text.HAL_RCC_OscConfig
                0x08005200      0x7b4 ./Drivers/STM32H7xx_HAL_Driver/Src/stm32h7xx_hal_rcc.o
                0x08005200                HAL_RCC_OscConfig
 .text.HAL_RCC_ClockConfig
                0x080059b4      0x36c ./Drivers/STM32H7xx_HAL_Driver/Src/stm32h7xx_hal_rcc.o
                0x080059b4                HAL_RCC_ClockConfig
 .text.HAL_RCC_GetSysClockFreq
                0x08005d20      0x2f4 ./Drivers/STM32H7xx_HAL_Driver/Src/stm32h7xx_hal_rcc.o
                0x08005d20                HAL_RCC_GetSysClockFreq
 .text.HAL_RCC_GetHCLKFreq
                0x08006014       0x60 ./Drivers/STM32H7xx_HAL_Driver/Src/stm32h7xx_hal_rcc.o
                0x08006014                HAL_RCC_GetHCLKFreq
 .text.HAL_RCC_GetPCLK1Freq
                0x08006074       0x2c ./Drivers/STM32H7xx_HAL_Driver/Src/stm32h7xx_hal_rcc.o
                0x08006074                HAL_RCC_GetPCLK1Freq
 .text.HAL_RCC_GetPCLK2Freq
                0x080060a0       0x2c ./Drivers/STM32H7xx_HAL_Driver/Src/stm32h7xx_hal_rcc.o
                0x080060a0                HAL_RCC_GetPCLK2Freq
 .text.HAL_RCCEx_PeriphCLKConfig
                0x080060cc     0x1340 ./Drivers/STM32H7xx_HAL_Driver/Src/stm32h7xx_hal_rcc_ex.o
                0x080060cc                HAL_RCCEx_PeriphCLKConfig
 .text.HAL_RCCEx_GetD3PCLK1Freq
                0x0800740c       0x2c ./Drivers/STM32H7xx_HAL_Driver/Src/stm32h7xx_hal_rcc_ex.o
                0x0800740c                HAL_RCCEx_GetD3PCLK1Freq
 .text.HAL_RCCEx_GetPLL2ClockFreq
                0x08007438      0x2a8 ./Drivers/STM32H7xx_HAL_Driver/Src/stm32h7xx_hal_rcc_ex.o
                0x08007438                HAL_RCCEx_GetPLL2ClockFreq
 .text.HAL_RCCEx_GetPLL3ClockFreq
                0x080076e0      0x2a8 ./Drivers/STM32H7xx_HAL_Driver/Src/stm32h7xx_hal_rcc_ex.o
                0x080076e0                HAL_RCCEx_GetPLL3ClockFreq
 .text.RCCEx_PLL2_Config
                0x08007988      0x164 ./Drivers/STM32H7xx_HAL_Driver/Src/stm32h7xx_hal_rcc_ex.o
 .text.RCCEx_PLL3_Config
                0x08007aec      0x164 ./Drivers/STM32H7xx_HAL_Driver/Src/stm32h7xx_hal_rcc_ex.o
 .text.HAL_SPI_Init
                0x08007c50      0x248 ./Drivers/STM32H7xx_HAL_Driver/Src/stm32h7xx_hal_spi.o
                0x08007c50                HAL_SPI_Init
 .text.SPI_GetPacketSize
                0x08007e98       0x36 ./Drivers/STM32H7xx_HAL_Driver/Src/stm32h7xx_hal_spi.o
 .text.HAL_TIM_Base_Init
                0x08007ece       0xae ./Drivers/STM32H7xx_HAL_Driver/Src/stm32h7xx_hal_tim.o
                0x08007ece                HAL_TIM_Base_Init
 .text.HAL_TIM_PWM_Init
                0x08007f7c       0xae ./Drivers/STM32H7xx_HAL_Driver/Src/stm32h7xx_hal_tim.o
                0x08007f7c                HAL_TIM_PWM_Init
 .text.HAL_TIM_PWM_MspInit
                0x0800802a       0x14 ./Drivers/STM32H7xx_HAL_Driver/Src/stm32h7xx_hal_tim.o
                0x0800802a                HAL_TIM_PWM_MspInit
 *fill*         0x0800803e        0x2 
 .text.HAL_TIM_PWM_ConfigChannel
                0x08008040      0x228 ./Drivers/STM32H7xx_HAL_Driver/Src/stm32h7xx_hal_tim.o
                0x08008040                HAL_TIM_PWM_ConfigChannel
 .text.HAL_TIM_ConfigClockSource
                0x08008268      0x1f0 ./Drivers/STM32H7xx_HAL_Driver/Src/stm32h7xx_hal_tim.o
                0x08008268                HAL_TIM_ConfigClockSource
 .text.TIM_Base_SetConfig
                0x08008458      0x164 ./Drivers/STM32H7xx_HAL_Driver/Src/stm32h7xx_hal_tim.o
                0x08008458                TIM_Base_SetConfig
 .text.TIM_OC1_SetConfig
                0x080085bc      0x120 ./Drivers/STM32H7xx_HAL_Driver/Src/stm32h7xx_hal_tim.o
 .text.TIM_OC2_SetConfig
                0x080086dc      0x114 ./Drivers/STM32H7xx_HAL_Driver/Src/stm32h7xx_hal_tim.o
                0x080086dc                TIM_OC2_SetConfig
 .text.TIM_OC3_SetConfig
                0x080087f0      0x110 ./Drivers/STM32H7xx_HAL_Driver/Src/stm32h7xx_hal_tim.o
 .text.TIM_OC4_SetConfig
                0x08008900       0xd4 ./Drivers/STM32H7xx_HAL_Driver/Src/stm32h7xx_hal_tim.o
 .text.TIM_OC5_SetConfig
                0x080089d4       0xc8 ./Drivers/STM32H7xx_HAL_Driver/Src/stm32h7xx_hal_tim.o
 .text.TIM_OC6_SetConfig
                0x08008a9c       0xcc ./Drivers/STM32H7xx_HAL_Driver/Src/stm32h7xx_hal_tim.o
 .text.TIM_TI1_ConfigInputStage
                0x08008b68       0x5e ./Drivers/STM32H7xx_HAL_Driver/Src/stm32h7xx_hal_tim.o
 .text.TIM_TI2_ConfigInputStage
                0x08008bc6       0x60 ./Drivers/STM32H7xx_HAL_Driver/Src/stm32h7xx_hal_tim.o
 *fill*         0x08008c26        0x2 
 .text.TIM_ITRx_SetConfig
                0x08008c28       0x3c ./Drivers/STM32H7xx_HAL_Driver/Src/stm32h7xx_hal_tim.o
 .text.TIM_ETR_SetConfig
                0x08008c64       0x40 ./Drivers/STM32H7xx_HAL_Driver/Src/stm32h7xx_hal_tim.o
                0x08008c64                TIM_ETR_SetConfig
 .text.HAL_TIMEx_MasterConfigSynchronization
                0x08008ca4      0x138 ./Drivers/STM32H7xx_HAL_Driver/Src/stm32h7xx_hal_tim_ex.o
                0x08008ca4                HAL_TIMEx_MasterConfigSynchronization
 .text.HAL_UART_Init
                0x08008ddc       0xa0 ./Drivers/STM32H7xx_HAL_Driver/Src/stm32h7xx_hal_uart.o
                0x08008ddc                HAL_UART_Init
 .text.UART_SetConfig
                0x08008e7c      0xcd8 ./Drivers/STM32H7xx_HAL_Driver/Src/stm32h7xx_hal_uart.o
                0x08008e7c                UART_SetConfig
 .text.UART_AdvFeatureConfig
                0x08009b54      0x144 ./Drivers/STM32H7xx_HAL_Driver/Src/stm32h7xx_hal_uart.o
                0x08009b54                UART_AdvFeatureConfig
 .text.UART_CheckIdleState
                0x08009c98      0x154 ./Drivers/STM32H7xx_HAL_Driver/Src/stm32h7xx_hal_uart.o
                0x08009c98                UART_CheckIdleState
 .text.UART_WaitOnFlagUntilTimeout
                0x08009dec       0xda ./Drivers/STM32H7xx_HAL_Driver/Src/stm32h7xx_hal_uart.o
                0x08009dec                UART_WaitOnFlagUntilTimeout
 *fill*         0x08009ec6        0x2 
 .text.UART_EndRxTransfer
                0x08009ec8       0xcc ./Drivers/STM32H7xx_HAL_Driver/Src/stm32h7xx_hal_uart.o
 .text.HAL_UARTEx_DisableFifoMode
                0x08009f94       0x72 ./Drivers/STM32H7xx_HAL_Driver/Src/stm32h7xx_hal_uart_ex.o
                0x08009f94                HAL_UARTEx_DisableFifoMode
 .text.HAL_UARTEx_SetTxFifoThreshold
                0x0800a006       0x7c ./Drivers/STM32H7xx_HAL_Driver/Src/stm32h7xx_hal_uart_ex.o
                0x0800a006                HAL_UARTEx_SetTxFifoThreshold
 .text.HAL_UARTEx_SetRxFifoThreshold
                0x0800a082       0x7c ./Drivers/STM32H7xx_HAL_Driver/Src/stm32h7xx_hal_uart_ex.o
                0x0800a082                HAL_UARTEx_SetRxFifoThreshold
 *fill*         0x0800a0fe        0x2 
 .text.UARTEx_SetNbDataToProcess
                0x0800a100       0x9c ./Drivers/STM32H7xx_HAL_Driver/Src/stm32h7xx_hal_uart_ex.o
 .text.USB_CoreInit
                0x0800a19c       0xe4 ./Drivers/STM32H7xx_HAL_Driver/Src/stm32h7xx_ll_usb.o
                0x0800a19c                USB_CoreInit
 .text.USB_DisableGlobalInt
                0x0800a280       0x22 ./Drivers/STM32H7xx_HAL_Driver/Src/stm32h7xx_ll_usb.o
                0x0800a280                USB_DisableGlobalInt
 .text.USB_SetCurrentMode
                0x0800a2a2       0x98 ./Drivers/STM32H7xx_HAL_Driver/Src/stm32h7xx_ll_usb.o
                0x0800a2a2                USB_SetCurrentMode
 .text.USB_FlushTxFifo
                0x0800a33a       0x64 ./Drivers/STM32H7xx_HAL_Driver/Src/stm32h7xx_ll_usb.o
                0x0800a33a                USB_FlushTxFifo
 .text.USB_FlushRxFifo
                0x0800a39e       0x5c ./Drivers/STM32H7xx_HAL_Driver/Src/stm32h7xx_ll_usb.o
                0x0800a39e                USB_FlushRxFifo
 .text.USB_GetMode
                0x0800a3fa       0x1c ./Drivers/STM32H7xx_HAL_Driver/Src/stm32h7xx_ll_usb.o
                0x0800a3fa                USB_GetMode
 .text.USB_CoreReset
                0x0800a416       0x62 ./Drivers/STM32H7xx_HAL_Driver/Src/stm32h7xx_ll_usb.o
 .text.USB_HostInit
                0x0800a478      0x154 ./Drivers/STM32H7xx_HAL_Driver/Src/stm32h7xx_ll_usb.o
                0x0800a478                USB_HostInit
 .text.memset   0x0800a5cc       0x10 C:/ST/STM32CubeIDE_1.16.1/STM32CubeIDE/plugins/com.st.stm32cube.ide.mcu.externaltools.gnu-tools-for-stm32.12.3.rel1.win32_1.0.200.202406191623/tools/bin/../lib/gcc/arm-none-eabi/12.3.1/../../../../arm-none-eabi/lib/thumb/v7e-m+dp/hard\libc_nano.a(libc_a-memset.o)
                0x0800a5cc                memset
 .text.__libc_init_array
                0x0800a5dc       0x48 C:/ST/STM32CubeIDE_1.16.1/STM32CubeIDE/plugins/com.st.stm32cube.ide.mcu.externaltools.gnu-tools-for-stm32.12.3.rel1.win32_1.0.200.202406191623/tools/bin/../lib/gcc/arm-none-eabi/12.3.1/../../../../arm-none-eabi/lib/thumb/v7e-m+dp/hard\libc_nano.a(libc_a-init.o)
                0x0800a5dc                __libc_init_array
 *(.glue_7)
 .glue_7        0x0800a624        0x0 linker stubs
 *(.glue_7t)
 .glue_7t       0x0800a624        0x0 linker stubs
 *(.eh_frame)
 .eh_frame      0x0800a624        0x0 C:/ST/STM32CubeIDE_1.16.1/STM32CubeIDE/plugins/com.st.stm32cube.ide.mcu.externaltools.gnu-tools-for-stm32.12.3.rel1.win32_1.0.200.202406191623/tools/bin/../lib/gcc/arm-none-eabi/12.3.1/thumb/v7e-m+dp/hard/crtbegin.o
 *(.init)
 .init          0x0800a624        0x4 C:/ST/STM32CubeIDE_1.16.1/STM32CubeIDE/plugins/com.st.stm32cube.ide.mcu.externaltools.gnu-tools-for-stm32.12.3.rel1.win32_1.0.200.202406191623/tools/bin/../lib/gcc/arm-none-eabi/12.3.1/thumb/v7e-m+dp/hard/crti.o
                0x0800a624                _init
 .init          0x0800a628        0x8 C:/ST/STM32CubeIDE_1.16.1/STM32CubeIDE/plugins/com.st.stm32cube.ide.mcu.externaltools.gnu-tools-for-stm32.12.3.rel1.win32_1.0.200.202406191623/tools/bin/../lib/gcc/arm-none-eabi/12.3.1/thumb/v7e-m+dp/hard/crtn.o
 *(.fini)
 .fini          0x0800a630        0x4 C:/ST/STM32CubeIDE_1.16.1/STM32CubeIDE/plugins/com.st.stm32cube.ide.mcu.externaltools.gnu-tools-for-stm32.12.3.rel1.win32_1.0.200.202406191623/tools/bin/../lib/gcc/arm-none-eabi/12.3.1/thumb/v7e-m+dp/hard/crti.o
                0x0800a630                _fini
 .fini          0x0800a634        0x8 C:/ST/STM32CubeIDE_1.16.1/STM32CubeIDE/plugins/com.st.stm32cube.ide.mcu.externaltools.gnu-tools-for-stm32.12.3.rel1.win32_1.0.200.202406191623/tools/bin/../lib/gcc/arm-none-eabi/12.3.1/thumb/v7e-m+dp/hard/crtn.o
                0x0800a63c                        . = ALIGN (0x4)
                0x0800a63c                        _etext = .

.vfp11_veneer   0x0800a63c        0x0
 .vfp11_veneer  0x0800a63c        0x0 linker stubs

.v4_bx          0x0800a63c        0x0
 .v4_bx         0x0800a63c        0x0 linker stubs

.iplt           0x0800a63c        0x0
 .iplt          0x0800a63c        0x0 C:/ST/STM32CubeIDE_1.16.1/STM32CubeIDE/plugins/com.st.stm32cube.ide.mcu.externaltools.gnu-tools-for-stm32.12.3.rel1.win32_1.0.200.202406191623/tools/bin/../lib/gcc/arm-none-eabi/12.3.1/thumb/v7e-m+dp/hard/crtbegin.o

.rodata         0x0800a63c       0x40
                0x0800a63c                        . = ALIGN (0x4)
 *(.rodata)
 *(.rodata*)
 .rodata.D1CorePrescTable
                0x0800a63c       0x10 ./Core/Src/system_stm32h7xx.o
                0x0800a63c                D1CorePrescTable
 .rodata.flagBitshiftOffset.0
                0x0800a64c        0x8 ./Drivers/STM32H7xx_HAL_Driver/Src/stm32h7xx_hal_dma.o
 .rodata.UARTPrescTable
                0x0800a654       0x18 ./Drivers/STM32H7xx_HAL_Driver/Src/stm32h7xx_hal_uart.o
                0x0800a654                UARTPrescTable
 .rodata.numerator.1
                0x0800a66c        0x8 ./Drivers/STM32H7xx_HAL_Driver/Src/stm32h7xx_hal_uart_ex.o
 .rodata.denominator.0
                0x0800a674        0x8 ./Drivers/STM32H7xx_HAL_Driver/Src/stm32h7xx_hal_uart_ex.o
                0x0800a67c                        . = ALIGN (0x4)

.ARM.extab
 *(.ARM.extab* .gnu.linkonce.armextab.*)

.ARM            0x0800a67c        0x8
                0x0800a67c                        __exidx_start = .
 *(.ARM.exidx*)
 .ARM.exidx     0x0800a67c        0x8 C:/ST/STM32CubeIDE_1.16.1/STM32CubeIDE/plugins/com.st.stm32cube.ide.mcu.externaltools.gnu-tools-for-stm32.12.3.rel1.win32_1.0.200.202406191623/tools/bin/../lib/gcc/arm-none-eabi/12.3.1/thumb/v7e-m+dp/hard\libgcc.a(_udivmoddi4.o)
                0x0800a684                        __exidx_end = .

.rel.dyn        0x0800a684        0x0
 .rel.iplt      0x0800a684        0x0 C:/ST/STM32CubeIDE_1.16.1/STM32CubeIDE/plugins/com.st.stm32cube.ide.mcu.externaltools.gnu-tools-for-stm32.12.3.rel1.win32_1.0.200.202406191623/tools/bin/../lib/gcc/arm-none-eabi/12.3.1/thumb/v7e-m+dp/hard/crtbegin.o

.preinit_array  0x0800a684        0x0
                0x0800a684                        PROVIDE (__preinit_array_start = .)
 *(.preinit_array*)
                0x0800a684                        PROVIDE (__preinit_array_end = .)

.init_array     0x0800a684        0x4
                0x0800a684                        PROVIDE (__init_array_start = .)
 *(SORT_BY_NAME(.init_array.*))
 *(.init_array*)
 .init_array    0x0800a684        0x4 C:/ST/STM32CubeIDE_1.16.1/STM32CubeIDE/plugins/com.st.stm32cube.ide.mcu.externaltools.gnu-tools-for-stm32.12.3.rel1.win32_1.0.200.202406191623/tools/bin/../lib/gcc/arm-none-eabi/12.3.1/thumb/v7e-m+dp/hard/crtbegin.o
                0x0800a688                        PROVIDE (__init_array_end = .)

.fini_array     0x0800a688        0x4
                [!provide]                        PROVIDE (__fini_array_start = .)
 *(SORT_BY_NAME(.fini_array.*))
 *(.fini_array*)
 .fini_array    0x0800a688        0x4 C:/ST/STM32CubeIDE_1.16.1/STM32CubeIDE/plugins/com.st.stm32cube.ide.mcu.externaltools.gnu-tools-for-stm32.12.3.rel1.win32_1.0.200.202406191623/tools/bin/../lib/gcc/arm-none-eabi/12.3.1/thumb/v7e-m+dp/hard/crtbegin.o
                [!provide]                        PROVIDE (__fini_array_end = .)
                0x0800a68c                        _sidata = LOADADDR (.data)

.data           0x24000000       0x10 load address 0x0800a68c
                0x24000000                        . = ALIGN (0x4)
                0x24000000                        _sdata = .
 *(.data)
 *(.data*)
 .data.SystemCoreClock
                0x24000000        0x4 ./Core/Src/system_stm32h7xx.o
                0x24000000                SystemCoreClock
 .data.SystemD2Clock
                0x24000004        0x4 ./Core/Src/system_stm32h7xx.o
                0x24000004                SystemD2Clock
 .data.uwTickPrio
                0x24000008        0x4 ./Drivers/STM32H7xx_HAL_Driver/Src/stm32h7xx_hal.o
                0x24000008                uwTickPrio
 .data.uwTickFreq
                0x2400000c        0x1 ./Drivers/STM32H7xx_HAL_Driver/Src/stm32h7xx_hal.o
                0x2400000c                uwTickFreq
 *(.RamFunc)
 *(.RamFunc*)
                0x24000010                        . = ALIGN (0x4)
 *fill*         0x2400000d        0x3 
                0x24000010                        _edata = .

.igot.plt       0x24000010        0x0 load address 0x0800a69c
 .igot.plt      0x24000010        0x0 C:/ST/STM32CubeIDE_1.16.1/STM32CubeIDE/plugins/com.st.stm32cube.ide.mcu.externaltools.gnu-tools-for-stm32.12.3.rel1.win32_1.0.200.202406191623/tools/bin/../lib/gcc/arm-none-eabi/12.3.1/thumb/v7e-m+dp/hard/crtbegin.o
                0x24000010                        . = ALIGN (0x4)

.bss            0x24000010      0x9d0 load address 0x0800a69c
                0x24000010                        _sbss = .
                0x24000010                        __bss_start__ = _sbss
 *(.bss)
 .bss           0x24000010       0x1c C:/ST/STM32CubeIDE_1.16.1/STM32CubeIDE/plugins/com.st.stm32cube.ide.mcu.externaltools.gnu-tools-for-stm32.12.3.rel1.win32_1.0.200.202406191623/tools/bin/../lib/gcc/arm-none-eabi/12.3.1/thumb/v7e-m+dp/hard/crtbegin.o
 *(.bss*)
 .bss.hi2c1     0x2400002c       0x54 ./Core/Src/i2c.o
                0x2400002c                hi2c1
 .bss.hi2c2     0x24000080       0x54 ./Core/Src/i2c.o
                0x24000080                hi2c2
 .bss.hi2c3     0x240000d4       0x54 ./Core/Src/i2c.o
                0x240000d4                hi2c3
 .bss.hospi1    0x24000128       0x5c ./Core/Src/octospi.o
                0x24000128                hospi1
 .bss.hospi2    0x24000184       0x5c ./Core/Src/octospi.o
                0x24000184                hospi2
 .bss.HAL_RCC_OCTOSPIM_CLK_ENABLED
                0x240001e0        0x4 ./Core/Src/octospi.o
 .bss.hspi1     0x240001e4       0x88 ./Core/Src/spi.o
                0x240001e4                hspi1
 .bss.hspi3     0x2400026c       0x88 ./Core/Src/spi.o
                0x2400026c                hspi3
 .bss.hspi4     0x240002f4       0x88 ./Core/Src/spi.o
                0x240002f4                hspi4
 .bss.htim3     0x2400037c       0x4c ./Core/Src/tim.o
                0x2400037c                htim3
 .bss.hdma_tim3_ch1
                0x240003c8       0x78 ./Core/Src/tim.o
                0x240003c8                hdma_tim3_ch1
 .bss.huart4    0x24000440       0x94 ./Core/Src/usart.o
                0x24000440                huart4
 .bss.huart7    0x240004d4       0x94 ./Core/Src/usart.o
                0x240004d4                huart7
 .bss.huart1    0x24000568       0x94 ./Core/Src/usart.o
                0x24000568                huart1
 .bss.hhcd_USB_OTG_HS
                0x240005fc      0x3e0 ./Core/Src/usb_otg.o
                0x240005fc                hhcd_USB_OTG_HS
 .bss.uwTick    0x240009dc        0x4 ./Drivers/STM32H7xx_HAL_Driver/Src/stm32h7xx_hal.o
                0x240009dc                uwTick
 *(COMMON)
                0x240009e0                        . = ALIGN (0x4)
                0x240009e0                        _ebss = .
                0x240009e0                        __bss_end__ = _ebss

._user_heap_stack
                0x240009e0      0x600 load address 0x0800a69c
                0x240009e0                        . = ALIGN (0x8)
                [!provide]                        PROVIDE (end = .)
                0x240009e0                        PROVIDE (_end = .)
                0x24000be0                        . = (. + _Min_Heap_Size)
 *fill*         0x240009e0      0x200 
                0x24000fe0                        . = (. + _Min_Stack_Size)
 *fill*         0x24000be0      0x400 
                0x24000fe0                        . = ALIGN (0x8)

/DISCARD/
 libc.a(*)
 libm.a(*)
 libgcc.a(*)

.ARM.attributes
                0x00000000       0x2e
 *(.ARM.attributes)
 .ARM.attributes
                0x00000000       0x20 C:/ST/STM32CubeIDE_1.16.1/STM32CubeIDE/plugins/com.st.stm32cube.ide.mcu.externaltools.gnu-tools-for-stm32.12.3.rel1.win32_1.0.200.202406191623/tools/bin/../lib/gcc/arm-none-eabi/12.3.1/thumb/v7e-m+dp/hard/crti.o
 .ARM.attributes
                0x00000020       0x32 C:/ST/STM32CubeIDE_1.16.1/STM32CubeIDE/plugins/com.st.stm32cube.ide.mcu.externaltools.gnu-tools-for-stm32.12.3.rel1.win32_1.0.200.202406191623/tools/bin/../lib/gcc/arm-none-eabi/12.3.1/thumb/v7e-m+dp/hard/crtbegin.o
 .ARM.attributes
                0x00000052       0x32 ./Core/Src/dma.o
 .ARM.attributes
                0x00000084       0x32 ./Core/Src/gpio.o
 .ARM.attributes
                0x000000b6       0x32 ./Core/Src/i2c.o
 .ARM.attributes
                0x000000e8       0x32 ./Core/Src/main.o
 .ARM.attributes
                0x0000011a       0x32 ./Core/Src/octospi.o
 .ARM.attributes
                0x0000014c       0x32 ./Core/Src/spi.o
 .ARM.attributes
                0x0000017e       0x32 ./Core/Src/stm32h7xx_hal_msp.o
 .ARM.attributes
                0x000001b0       0x32 ./Core/Src/stm32h7xx_it.o
 .ARM.attributes
                0x000001e2       0x32 ./Core/Src/system_stm32h7xx.o
 .ARM.attributes
                0x00000214       0x32 ./Core/Src/tim.o
 .ARM.attributes
                0x00000246       0x32 ./Core/Src/usart.o
 .ARM.attributes
                0x00000278       0x32 ./Core/Src/usb_otg.o
 .ARM.attributes
                0x000002aa       0x21 ./Core/Startup/startup_stm32h735igtx.o
 .ARM.attributes
                0x000002cb       0x32 ./Drivers/STM32H7xx_HAL_Driver/Src/stm32h7xx_hal.o
 .ARM.attributes
                0x000002fd       0x32 ./Drivers/STM32H7xx_HAL_Driver/Src/stm32h7xx_hal_cortex.o
 .ARM.attributes
                0x0000032f       0x32 ./Drivers/STM32H7xx_HAL_Driver/Src/stm32h7xx_hal_dma.o
 .ARM.attributes
                0x00000361       0x32 ./Drivers/STM32H7xx_HAL_Driver/Src/stm32h7xx_hal_gpio.o
 .ARM.attributes
                0x00000393       0x32 ./Drivers/STM32H7xx_HAL_Driver/Src/stm32h7xx_hal_hcd.o
 .ARM.attributes
                0x000003c5       0x32 ./Drivers/STM32H7xx_HAL_Driver/Src/stm32h7xx_hal_i2c.o
 .ARM.attributes
                0x000003f7       0x32 ./Drivers/STM32H7xx_HAL_Driver/Src/stm32h7xx_hal_i2c_ex.o
 .ARM.attributes
                0x00000429       0x32 ./Drivers/STM32H7xx_HAL_Driver/Src/stm32h7xx_hal_ospi.o
 .ARM.attributes
                0x0000045b       0x32 ./Drivers/STM32H7xx_HAL_Driver/Src/stm32h7xx_hal_pwr_ex.o
 .ARM.attributes
                0x0000048d       0x32 ./Drivers/STM32H7xx_HAL_Driver/Src/stm32h7xx_hal_rcc.o
 .ARM.attributes
                0x000004bf       0x32 ./Drivers/STM32H7xx_HAL_Driver/Src/stm32h7xx_hal_rcc_ex.o
 .ARM.attributes
                0x000004f1       0x32 ./Drivers/STM32H7xx_HAL_Driver/Src/stm32h7xx_hal_spi.o
 .ARM.attributes
                0x00000523       0x32 ./Drivers/STM32H7xx_HAL_Driver/Src/stm32h7xx_hal_tim.o
 .ARM.attributes
                0x00000555       0x32 ./Drivers/STM32H7xx_HAL_Driver/Src/stm32h7xx_hal_tim_ex.o
 .ARM.attributes
                0x00000587       0x32 ./Drivers/STM32H7xx_HAL_Driver/Src/stm32h7xx_hal_uart.o
 .ARM.attributes
                0x000005b9       0x32 ./Drivers/STM32H7xx_HAL_Driver/Src/stm32h7xx_hal_uart_ex.o
 .ARM.attributes
                0x000005eb       0x32 ./Drivers/STM32H7xx_HAL_Driver/Src/stm32h7xx_ll_usb.o
 .ARM.attributes
                0x0000061d       0x32 C:/ST/STM32CubeIDE_1.16.1/STM32CubeIDE/plugins/com.st.stm32cube.ide.mcu.externaltools.gnu-tools-for-stm32.12.3.rel1.win32_1.0.200.202406191623/tools/bin/../lib/gcc/arm-none-eabi/12.3.1/../../../../arm-none-eabi/lib/thumb/v7e-m+dp/hard\libc_nano.a(libc_a-memset.o)
 .ARM.attributes
                0x0000064f       0x32 C:/ST/STM32CubeIDE_1.16.1/STM32CubeIDE/plugins/com.st.stm32cube.ide.mcu.externaltools.gnu-tools-for-stm32.12.3.rel1.win32_1.0.200.202406191623/tools/bin/../lib/gcc/arm-none-eabi/12.3.1/../../../../arm-none-eabi/lib/thumb/v7e-m+dp/hard\libc_nano.a(libc_a-init.o)
 .ARM.attributes
                0x00000681       0x20 C:/ST/STM32CubeIDE_1.16.1/STM32CubeIDE/plugins/com.st.stm32cube.ide.mcu.externaltools.gnu-tools-for-stm32.12.3.rel1.win32_1.0.200.202406191623/tools/bin/../lib/gcc/arm-none-eabi/12.3.1/thumb/v7e-m+dp/hard\libgcc.a(_aeabi_uldivmod.o)
 .ARM.attributes
                0x000006a1       0x32 C:/ST/STM32CubeIDE_1.16.1/STM32CubeIDE/plugins/com.st.stm32cube.ide.mcu.externaltools.gnu-tools-for-stm32.12.3.rel1.win32_1.0.200.202406191623/tools/bin/../lib/gcc/arm-none-eabi/12.3.1/thumb/v7e-m+dp/hard\libgcc.a(_udivmoddi4.o)
 .ARM.attributes
                0x000006d3       0x20 C:/ST/STM32CubeIDE_1.16.1/STM32CubeIDE/plugins/com.st.stm32cube.ide.mcu.externaltools.gnu-tools-for-stm32.12.3.rel1.win32_1.0.200.202406191623/tools/bin/../lib/gcc/arm-none-eabi/12.3.1/thumb/v7e-m+dp/hard\libgcc.a(_dvmd_tls.o)
 .ARM.attributes
                0x000006f3       0x20 C:/ST/STM32CubeIDE_1.16.1/STM32CubeIDE/plugins/com.st.stm32cube.ide.mcu.externaltools.gnu-tools-for-stm32.12.3.rel1.win32_1.0.200.202406191623/tools/bin/../lib/gcc/arm-none-eabi/12.3.1/thumb/v7e-m+dp/hard/crtn.o
OUTPUT(C5.elf elf32-littlearm)
LOAD linker stubs
LOAD C:/ST/STM32CubeIDE_1.16.1/STM32CubeIDE/plugins/com.st.stm32cube.ide.mcu.externaltools.gnu-tools-for-stm32.12.3.rel1.win32_1.0.200.202406191623/tools/bin/../lib/gcc/arm-none-eabi/12.3.1/../../../../arm-none-eabi/lib/thumb/v7e-m+dp/hard\libc.a
LOAD C:/ST/STM32CubeIDE_1.16.1/STM32CubeIDE/plugins/com.st.stm32cube.ide.mcu.externaltools.gnu-tools-for-stm32.12.3.rel1.win32_1.0.200.202406191623/tools/bin/../lib/gcc/arm-none-eabi/12.3.1/../../../../arm-none-eabi/lib/thumb/v7e-m+dp/hard\libm.a
LOAD C:/ST/STM32CubeIDE_1.16.1/STM32CubeIDE/plugins/com.st.stm32cube.ide.mcu.externaltools.gnu-tools-for-stm32.12.3.rel1.win32_1.0.200.202406191623/tools/bin/../lib/gcc/arm-none-eabi/12.3.1/thumb/v7e-m+dp/hard\libgcc.a

.debug_info     0x00000000    0x22258
 .debug_info    0x00000000      0x829 ./Core/Src/dma.o
 .debug_info    0x00000829      0x69f ./Core/Src/gpio.o
 .debug_info    0x00000ec8     0x10b8 ./Core/Src/i2c.o
 .debug_info    0x00001f80      0x45e ./Core/Src/main.o
 .debug_info    0x000023de     0x1409 ./Core/Src/octospi.o
 .debug_info    0x000037e7     0x114f ./Core/Src/spi.o
 .debug_info    0x00004936      0x499 ./Core/Src/stm32h7xx_hal_msp.o
 .debug_info    0x00004dcf      0x449 ./Core/Src/stm32h7xx_it.o
 .debug_info    0x00005218      0xb3e ./Core/Src/system_stm32h7xx.o
 .debug_info    0x00005d56      0xfd5 ./Core/Src/tim.o
 .debug_info    0x00006d2b     0x1157 ./Core/Src/usart.o
 .debug_info    0x00007e82      0xe29 ./Core/Src/usb_otg.o
 .debug_info    0x00008cab       0x30 ./Core/Startup/startup_stm32h735igtx.o
 .debug_info    0x00008cdb     0x16aa ./Drivers/STM32H7xx_HAL_Driver/Src/stm32h7xx_hal.o
 .debug_info    0x0000a385     0x10b2 ./Drivers/STM32H7xx_HAL_Driver/Src/stm32h7xx_hal_cortex.o
 .debug_info    0x0000b437      0xb67 ./Drivers/STM32H7xx_HAL_Driver/Src/stm32h7xx_hal_dma.o
 .debug_info    0x0000bf9e      0xc5c ./Drivers/STM32H7xx_HAL_Driver/Src/stm32h7xx_hal_gpio.o
 .debug_info    0x0000cbfa     0x11a2 ./Drivers/STM32H7xx_HAL_Driver/Src/stm32h7xx_hal_hcd.o
 .debug_info    0x0000dd9c     0x22a1 ./Drivers/STM32H7xx_HAL_Driver/Src/stm32h7xx_hal_i2c.o
 .debug_info    0x0001003d      0xd95 ./Drivers/STM32H7xx_HAL_Driver/Src/stm32h7xx_hal_i2c_ex.o
 .debug_info    0x00010dd2     0x19b4 ./Drivers/STM32H7xx_HAL_Driver/Src/stm32h7xx_hal_ospi.o
 .debug_info    0x00012786      0xdc4 ./Drivers/STM32H7xx_HAL_Driver/Src/stm32h7xx_hal_pwr_ex.o
 .debug_info    0x0001354a      0xd73 ./Drivers/STM32H7xx_HAL_Driver/Src/stm32h7xx_hal_rcc.o
 .debug_info    0x000142bd     0x11fc ./Drivers/STM32H7xx_HAL_Driver/Src/stm32h7xx_hal_rcc_ex.o
 .debug_info    0x000154b9     0x1440 ./Drivers/STM32H7xx_HAL_Driver/Src/stm32h7xx_hal_spi.o
 .debug_info    0x000168f9     0x2bae ./Drivers/STM32H7xx_HAL_Driver/Src/stm32h7xx_hal_tim.o
 .debug_info    0x000194a7     0x18c1 ./Drivers/STM32H7xx_HAL_Driver/Src/stm32h7xx_hal_tim_ex.o
 .debug_info    0x0001ad68     0x4b13 ./Drivers/STM32H7xx_HAL_Driver/Src/stm32h7xx_hal_uart.o
 .debug_info    0x0001f87b      0xfbf ./Drivers/STM32H7xx_HAL_Driver/Src/stm32h7xx_hal_uart_ex.o
 .debug_info    0x0002083a     0x1a1e ./Drivers/STM32H7xx_HAL_Driver/Src/stm32h7xx_ll_usb.o

.debug_abbrev   0x00000000     0x4229
 .debug_abbrev  0x00000000      0x11e ./Core/Src/dma.o
 .debug_abbrev  0x0000011e      0x182 ./Core/Src/gpio.o
 .debug_abbrev  0x000002a0      0x285 ./Core/Src/i2c.o
 .debug_abbrev  0x00000525      0x1b7 ./Core/Src/main.o
 .debug_abbrev  0x000006dc      0x238 ./Core/Src/octospi.o
 .debug_abbrev  0x00000914      0x26b ./Core/Src/spi.o
 .debug_abbrev  0x00000b7f      0x117 ./Core/Src/stm32h7xx_hal_msp.o
 .debug_abbrev  0x00000c96      0x16d ./Core/Src/stm32h7xx_it.o
 .debug_abbrev  0x00000e03      0x14b ./Core/Src/system_stm32h7xx.o
 .debug_abbrev  0x00000f4e      0x230 ./Core/Src/tim.o
 .debug_abbrev  0x0000117e      0x270 ./Core/Src/usart.o
 .debug_abbrev  0x000013ee      0x226 ./Core/Src/usb_otg.o
 .debug_abbrev  0x00001614       0x24 ./Core/Startup/startup_stm32h735igtx.o
 .debug_abbrev  0x00001638      0x29e ./Drivers/STM32H7xx_HAL_Driver/Src/stm32h7xx_hal.o
 .debug_abbrev  0x000018d6      0x339 ./Drivers/STM32H7xx_HAL_Driver/Src/stm32h7xx_hal_cortex.o
 .debug_abbrev  0x00001c0f      0x248 ./Drivers/STM32H7xx_HAL_Driver/Src/stm32h7xx_hal_dma.o
 .debug_abbrev  0x00001e57      0x1fe ./Drivers/STM32H7xx_HAL_Driver/Src/stm32h7xx_hal_gpio.o
 .debug_abbrev  0x00002055      0x296 ./Drivers/STM32H7xx_HAL_Driver/Src/stm32h7xx_hal_hcd.o
 .debug_abbrev  0x000022eb      0x25d ./Drivers/STM32H7xx_HAL_Driver/Src/stm32h7xx_hal_i2c.o
 .debug_abbrev  0x00002548      0x1f5 ./Drivers/STM32H7xx_HAL_Driver/Src/stm32h7xx_hal_i2c_ex.o
 .debug_abbrev  0x0000273d      0x2be ./Drivers/STM32H7xx_HAL_Driver/Src/stm32h7xx_hal_ospi.o
 .debug_abbrev  0x000029fb      0x295 ./Drivers/STM32H7xx_HAL_Driver/Src/stm32h7xx_hal_pwr_ex.o
 .debug_abbrev  0x00002c90      0x2b1 ./Drivers/STM32H7xx_HAL_Driver/Src/stm32h7xx_hal_rcc.o
 .debug_abbrev  0x00002f41      0x269 ./Drivers/STM32H7xx_HAL_Driver/Src/stm32h7xx_hal_rcc_ex.o
 .debug_abbrev  0x000031aa      0x2b1 ./Drivers/STM32H7xx_HAL_Driver/Src/stm32h7xx_hal_spi.o
 .debug_abbrev  0x0000345b      0x276 ./Drivers/STM32H7xx_HAL_Driver/Src/stm32h7xx_hal_tim.o
 .debug_abbrev  0x000036d1      0x296 ./Drivers/STM32H7xx_HAL_Driver/Src/stm32h7xx_hal_tim_ex.o
 .debug_abbrev  0x00003967      0x33d ./Drivers/STM32H7xx_HAL_Driver/Src/stm32h7xx_hal_uart.o
 .debug_abbrev  0x00003ca4      0x2d2 ./Drivers/STM32H7xx_HAL_Driver/Src/stm32h7xx_hal_uart_ex.o
 .debug_abbrev  0x00003f76      0x2b3 ./Drivers/STM32H7xx_HAL_Driver/Src/stm32h7xx_ll_usb.o

.debug_aranges  0x00000000     0x1a68
 .debug_aranges
                0x00000000       0x20 ./Core/Src/dma.o
 .debug_aranges
                0x00000020       0x20 ./Core/Src/gpio.o
 .debug_aranges
                0x00000040       0x40 ./Core/Src/i2c.o
 .debug_aranges
                0x00000080       0x30 ./Core/Src/main.o
 .debug_aranges
                0x000000b0       0x38 ./Core/Src/octospi.o
 .debug_aranges
                0x000000e8       0x40 ./Core/Src/spi.o
 .debug_aranges
                0x00000128       0x20 ./Core/Src/stm32h7xx_hal_msp.o
 .debug_aranges
                0x00000148       0x68 ./Core/Src/stm32h7xx_it.o
 .debug_aranges
                0x000001b0       0x28 ./Core/Src/system_stm32h7xx.o
 .debug_aranges
                0x000001d8       0x38 ./Core/Src/tim.o
 .debug_aranges
                0x00000210       0x40 ./Core/Src/usart.o
 .debug_aranges
                0x00000250       0x30 ./Core/Src/usb_otg.o
 .debug_aranges
                0x00000280       0x28 ./Core/Startup/startup_stm32h735igtx.o
 .debug_aranges
                0x000002a8      0x1c8 ./Drivers/STM32H7xx_HAL_Driver/Src/stm32h7xx_hal.o
 .debug_aranges
                0x00000470      0x130 ./Drivers/STM32H7xx_HAL_Driver/Src/stm32h7xx_hal_cortex.o
 .debug_aranges
                0x000005a0       0xa0 ./Drivers/STM32H7xx_HAL_Driver/Src/stm32h7xx_hal_dma.o
 .debug_aranges
                0x00000640       0x58 ./Drivers/STM32H7xx_HAL_Driver/Src/stm32h7xx_hal_gpio.o
 .debug_aranges
                0x00000698      0x100 ./Drivers/STM32H7xx_HAL_Driver/Src/stm32h7xx_hal_hcd.o
 .debug_aranges
                0x00000798      0x2a0 ./Drivers/STM32H7xx_HAL_Driver/Src/stm32h7xx_hal_i2c.o
 .debug_aranges
                0x00000a38       0x48 ./Drivers/STM32H7xx_HAL_Driver/Src/stm32h7xx_hal_i2c_ex.o
 .debug_aranges
                0x00000a80      0x170 ./Drivers/STM32H7xx_HAL_Driver/Src/stm32h7xx_hal_ospi.o
 .debug_aranges
                0x00000bf0      0x148 ./Drivers/STM32H7xx_HAL_Driver/Src/stm32h7xx_hal_pwr_ex.o
 .debug_aranges
                0x00000d38       0x88 ./Drivers/STM32H7xx_HAL_Driver/Src/stm32h7xx_hal_rcc.o
 .debug_aranges
                0x00000dc0       0xf8 ./Drivers/STM32H7xx_HAL_Driver/Src/stm32h7xx_hal_rcc_ex.o
 .debug_aranges
                0x00000eb8      0x1a8 ./Drivers/STM32H7xx_HAL_Driver/Src/stm32h7xx_hal_spi.o
 .debug_aranges
                0x00001060      0x3e0 ./Drivers/STM32H7xx_HAL_Driver/Src/stm32h7xx_hal_tim.o
 .debug_aranges
                0x00001440      0x198 ./Drivers/STM32H7xx_HAL_Driver/Src/stm32h7xx_hal_tim_ex.o
 .debug_aranges
                0x000015d8      0x248 ./Drivers/STM32H7xx_HAL_Driver/Src/stm32h7xx_hal_uart.o
 .debug_aranges
                0x00001820       0xa8 ./Drivers/STM32H7xx_HAL_Driver/Src/stm32h7xx_hal_uart_ex.o
 .debug_aranges
                0x000018c8      0x1a0 ./Drivers/STM32H7xx_HAL_Driver/Src/stm32h7xx_ll_usb.o

.debug_rnglists
                0x00000000     0x14ac
 .debug_rnglists
                0x00000000       0x13 ./Core/Src/dma.o
 .debug_rnglists
                0x00000013       0x14 ./Core/Src/gpio.o
 .debug_rnglists
                0x00000027       0x30 ./Core/Src/i2c.o
 .debug_rnglists
                0x00000057       0x20 ./Core/Src/main.o
 .debug_rnglists
                0x00000077       0x29 ./Core/Src/octospi.o
 .debug_rnglists
                0x000000a0       0x30 ./Core/Src/spi.o
 .debug_rnglists
                0x000000d0       0x13 ./Core/Src/stm32h7xx_hal_msp.o
 .debug_rnglists
                0x000000e3       0x49 ./Core/Src/stm32h7xx_it.o
 .debug_rnglists
                0x0000012c       0x1b ./Core/Src/system_stm32h7xx.o
 .debug_rnglists
                0x00000147       0x27 ./Core/Src/tim.o
 .debug_rnglists
                0x0000016e       0x30 ./Core/Src/usart.o
 .debug_rnglists
                0x0000019e       0x1f ./Core/Src/usb_otg.o
 .debug_rnglists
                0x000001bd       0x19 ./Core/Startup/startup_stm32h735igtx.o
 .debug_rnglists
                0x000001d6      0x155 ./Drivers/STM32H7xx_HAL_Driver/Src/stm32h7xx_hal.o
 .debug_rnglists
                0x0000032b       0xe0 ./Drivers/STM32H7xx_HAL_Driver/Src/stm32h7xx_hal_cortex.o
 .debug_rnglists
                0x0000040b       0x82 ./Drivers/STM32H7xx_HAL_Driver/Src/stm32h7xx_hal_dma.o
 .debug_rnglists
                0x0000048d       0x3f ./Drivers/STM32H7xx_HAL_Driver/Src/stm32h7xx_hal_gpio.o
 .debug_rnglists
                0x000004cc       0xc4 ./Drivers/STM32H7xx_HAL_Driver/Src/stm32h7xx_hal_hcd.o
 .debug_rnglists
                0x00000590      0x22a ./Drivers/STM32H7xx_HAL_Driver/Src/stm32h7xx_hal_i2c.o
 .debug_rnglists
                0x000007ba       0x35 ./Drivers/STM32H7xx_HAL_Driver/Src/stm32h7xx_hal_i2c_ex.o
 .debug_rnglists
                0x000007ef      0x122 ./Drivers/STM32H7xx_HAL_Driver/Src/stm32h7xx_hal_ospi.o
 .debug_rnglists
                0x00000911       0xf6 ./Drivers/STM32H7xx_HAL_Driver/Src/stm32h7xx_hal_pwr_ex.o
 .debug_rnglists
                0x00000a07       0x68 ./Drivers/STM32H7xx_HAL_Driver/Src/stm32h7xx_hal_rcc.o
 .debug_rnglists
                0x00000a6f       0xc0 ./Drivers/STM32H7xx_HAL_Driver/Src/stm32h7xx_hal_rcc_ex.o
 .debug_rnglists
                0x00000b2f      0x148 ./Drivers/STM32H7xx_HAL_Driver/Src/stm32h7xx_hal_spi.o
 .debug_rnglists
                0x00000c77      0x328 ./Drivers/STM32H7xx_HAL_Driver/Src/stm32h7xx_hal_tim.o
 .debug_rnglists
                0x00000f9f      0x14d ./Drivers/STM32H7xx_HAL_Driver/Src/stm32h7xx_hal_tim_ex.o
 .debug_rnglists
                0x000010ec      0x1fa ./Drivers/STM32H7xx_HAL_Driver/Src/stm32h7xx_hal_uart.o
 .debug_rnglists
                0x000012e6       0x7f ./Drivers/STM32H7xx_HAL_Driver/Src/stm32h7xx_hal_uart_ex.o
 .debug_rnglists
                0x00001365      0x147 ./Drivers/STM32H7xx_HAL_Driver/Src/stm32h7xx_ll_usb.o

.debug_macro    0x00000000    0x370ef
 .debug_macro   0x00000000      0x2fe ./Core/Src/dma.o
 .debug_macro   0x000002fe      0xad8 ./Core/Src/dma.o
 .debug_macro   0x00000dd6      0x24a ./Core/Src/dma.o
 .debug_macro   0x00001020       0x2e ./Core/Src/dma.o
 .debug_macro   0x0000104e       0x42 ./Core/Src/dma.o
 .debug_macro   0x00001090       0x22 ./Core/Src/dma.o
 .debug_macro   0x000010b2       0x8e ./Core/Src/dma.o
 .debug_macro   0x00001140       0x51 ./Core/Src/dma.o
 .debug_macro   0x00001191      0x103 ./Core/Src/dma.o
 .debug_macro   0x00001294       0x6a ./Core/Src/dma.o
 .debug_macro   0x000012fe      0x1df ./Core/Src/dma.o
 .debug_macro   0x000014dd       0x1c ./Core/Src/dma.o
 .debug_macro   0x000014f9       0x22 ./Core/Src/dma.o
 .debug_macro   0x0000151b       0xfb ./Core/Src/dma.o
 .debug_macro   0x00001616     0x1305 ./Core/Src/dma.o
 .debug_macro   0x0000291b      0x11f ./Core/Src/dma.o
 .debug_macro   0x00002a3a       0x27 ./Core/Src/dma.o
 .debug_macro   0x00002a61    0x21cf4 ./Core/Src/dma.o
 .debug_macro   0x00024755       0x6d ./Core/Src/dma.o
 .debug_macro   0x000247c2     0x3d64 ./Core/Src/dma.o
 .debug_macro   0x00028526      0x189 ./Core/Src/dma.o
 .debug_macro   0x000286af       0x61 ./Core/Src/dma.o
 .debug_macro   0x00028710       0x29 ./Core/Src/dma.o
 .debug_macro   0x00028739       0x43 ./Core/Src/dma.o
 .debug_macro   0x0002877c       0x34 ./Core/Src/dma.o
 .debug_macro   0x000287b0       0x16 ./Core/Src/dma.o
 .debug_macro   0x000287c6       0x43 ./Core/Src/dma.o
 .debug_macro   0x00028809       0x34 ./Core/Src/dma.o
 .debug_macro   0x0002883d       0x10 ./Core/Src/dma.o
 .debug_macro   0x0002884d       0x58 ./Core/Src/dma.o
 .debug_macro   0x000288a5       0x8e ./Core/Src/dma.o
 .debug_macro   0x00028933       0x1c ./Core/Src/dma.o
 .debug_macro   0x0002894f      0x177 ./Core/Src/dma.o
 .debug_macro   0x00028ac6      0x369 ./Core/Src/dma.o
 .debug_macro   0x00028e2f      0x19b ./Core/Src/dma.o
 .debug_macro   0x00028fca       0x5d ./Core/Src/dma.o
 .debug_macro   0x00029027     0x257a ./Core/Src/dma.o
 .debug_macro   0x0002b5a1     0x1079 ./Core/Src/dma.o
 .debug_macro   0x0002c61a      0x154 ./Core/Src/dma.o
 .debug_macro   0x0002c76e      0x114 ./Core/Src/dma.o
 .debug_macro   0x0002c882      0x3fc ./Core/Src/dma.o
 .debug_macro   0x0002cc7e       0xac ./Core/Src/dma.o
 .debug_macro   0x0002cd2a      0x788 ./Core/Src/dma.o
 .debug_macro   0x0002d4b2      0x228 ./Core/Src/dma.o
 .debug_macro   0x0002d6da       0x66 ./Core/Src/dma.o
 .debug_macro   0x0002d740      0x3a6 ./Core/Src/dma.o
 .debug_macro   0x0002dae6      0x3f9 ./Core/Src/dma.o
 .debug_macro   0x0002dedf      0x275 ./Core/Src/dma.o
 .debug_macro   0x0002e154      0x3ca ./Core/Src/dma.o
 .debug_macro   0x0002e51e      0x45c ./Core/Src/dma.o
 .debug_macro   0x0002e97a       0x3c ./Core/Src/dma.o
 .debug_macro   0x0002e9b6       0x4a ./Core/Src/dma.o
 .debug_macro   0x0002ea00      0x22c ./Core/Src/dma.o
 .debug_macro   0x0002ec2c       0x67 ./Core/Src/dma.o
 .debug_macro   0x0002ec93       0xa5 ./Core/Src/dma.o
 .debug_macro   0x0002ed38      0x520 ./Core/Src/dma.o
 .debug_macro   0x0002f258      0x1c4 ./Core/Src/dma.o
 .debug_macro   0x0002f41c      0x25b ./Core/Src/dma.o
 .debug_macro   0x0002f677       0x35 ./Core/Src/dma.o
 .debug_macro   0x0002f6ac      0x5e4 ./Core/Src/dma.o
 .debug_macro   0x0002fc90       0xc1 ./Core/Src/dma.o
 .debug_macro   0x0002fd51      0xb24 ./Core/Src/dma.o
 .debug_macro   0x00030875      0x29f ./Core/Src/dma.o
 .debug_macro   0x00030b14      0x693 ./Core/Src/dma.o
 .debug_macro   0x000311a7       0xa6 ./Core/Src/dma.o
 .debug_macro   0x0003124d      0x293 ./Core/Src/dma.o
 .debug_macro   0x000314e0       0x98 ./Core/Src/dma.o
 .debug_macro   0x00031578      0x5e6 ./Core/Src/dma.o
 .debug_macro   0x00031b5e       0xdc ./Core/Src/dma.o
 .debug_macro   0x00031c3a      0x2fe ./Core/Src/gpio.o
 .debug_macro   0x00031f38      0x2fe ./Core/Src/i2c.o
 .debug_macro   0x00032236      0x352 ./Core/Src/main.o
 .debug_macro   0x00032588      0x2fe ./Core/Src/octospi.o
 .debug_macro   0x00032886      0x2fe ./Core/Src/spi.o
 .debug_macro   0x00032b84      0x2f4 ./Core/Src/stm32h7xx_hal_msp.o
 .debug_macro   0x00032e78      0x2fe ./Core/Src/stm32h7xx_it.o
 .debug_macro   0x00033176      0x2f1 ./Core/Src/system_stm32h7xx.o
 .debug_macro   0x00033467      0x2fe ./Core/Src/tim.o
 .debug_macro   0x00033765      0x2fe ./Core/Src/usart.o
 .debug_macro   0x00033a63      0x2fe ./Core/Src/usb_otg.o
 .debug_macro   0x00033d61      0x30f ./Drivers/STM32H7xx_HAL_Driver/Src/stm32h7xx_hal.o
 .debug_macro   0x00034070      0x2e5 ./Drivers/STM32H7xx_HAL_Driver/Src/stm32h7xx_hal_cortex.o
 .debug_macro   0x00034355      0x339 ./Drivers/STM32H7xx_HAL_Driver/Src/stm32h7xx_hal_dma.o
 .debug_macro   0x0003468e      0x2ec ./Drivers/STM32H7xx_HAL_Driver/Src/stm32h7xx_hal_gpio.o
 .debug_macro   0x0003497a      0x2e5 ./Drivers/STM32H7xx_HAL_Driver/Src/stm32h7xx_hal_hcd.o
 .debug_macro   0x00034c5f      0x3b1 ./Drivers/STM32H7xx_HAL_Driver/Src/stm32h7xx_hal_i2c.o
 .debug_macro   0x00035010      0x2e5 ./Drivers/STM32H7xx_HAL_Driver/Src/stm32h7xx_hal_i2c_ex.o
 .debug_macro   0x000352f5      0x32c ./Drivers/STM32H7xx_HAL_Driver/Src/stm32h7xx_hal_ospi.o
 .debug_macro   0x00035621      0x31e ./Drivers/STM32H7xx_HAL_Driver/Src/stm32h7xx_hal_pwr_ex.o
 .debug_macro   0x0003593f      0x309 ./Drivers/STM32H7xx_HAL_Driver/Src/stm32h7xx_hal_rcc.o
 .debug_macro   0x00035c48      0x303 ./Drivers/STM32H7xx_HAL_Driver/Src/stm32h7xx_hal_rcc_ex.o
 .debug_macro   0x00035f4b      0x2ed ./Drivers/STM32H7xx_HAL_Driver/Src/stm32h7xx_hal_spi.o
 .debug_macro   0x00036238      0x2e6 ./Drivers/STM32H7xx_HAL_Driver/Src/stm32h7xx_hal_tim.o
 .debug_macro   0x0003651e      0x2eb ./Drivers/STM32H7xx_HAL_Driver/Src/stm32h7xx_hal_tim_ex.o
 .debug_macro   0x00036809      0x310 ./Drivers/STM32H7xx_HAL_Driver/Src/stm32h7xx_hal_uart.o
 .debug_macro   0x00036b19      0x2f1 ./Drivers/STM32H7xx_HAL_Driver/Src/stm32h7xx_hal_uart_ex.o
 .debug_macro   0x00036e0a      0x2e5 ./Drivers/STM32H7xx_HAL_Driver/Src/stm32h7xx_ll_usb.o

.debug_line     0x00000000    0x28440
 .debug_line    0x00000000      0x956 ./Core/Src/dma.o
 .debug_line    0x00000956      0x9f3 ./Core/Src/gpio.o
 .debug_line    0x00001349      0xb16 ./Core/Src/i2c.o
 .debug_line    0x00001e5f      0xa5b ./Core/Src/main.o
 .debug_line    0x000028ba      0xb24 ./Core/Src/octospi.o
 .debug_line    0x000033de      0xb4f ./Core/Src/spi.o
 .debug_line    0x00003f2d      0x95d ./Core/Src/stm32h7xx_hal_msp.o
 .debug_line    0x0000488a      0xa35 ./Core/Src/stm32h7xx_it.o
 .debug_line    0x000052bf      0xb22 ./Core/Src/system_stm32h7xx.o
 .debug_line    0x00005de1      0xa3d ./Core/Src/tim.o
 .debug_line    0x0000681e      0xb32 ./Core/Src/usart.o
 .debug_line    0x00007350      0x9c4 ./Core/Src/usb_otg.o
 .debug_line    0x00007d14       0x7a ./Core/Startup/startup_stm32h735igtx.o
 .debug_line    0x00007d8e      0xf9c ./Drivers/STM32H7xx_HAL_Driver/Src/stm32h7xx_hal.o
 .debug_line    0x00008d2a      0xf3a ./Drivers/STM32H7xx_HAL_Driver/Src/stm32h7xx_hal_cortex.o
 .debug_line    0x00009c64     0x2871 ./Drivers/STM32H7xx_HAL_Driver/Src/stm32h7xx_hal_dma.o
 .debug_line    0x0000c4d5      0xdcf ./Drivers/STM32H7xx_HAL_Driver/Src/stm32h7xx_hal_gpio.o
 .debug_line    0x0000d2a4     0x16df ./Drivers/STM32H7xx_HAL_Driver/Src/stm32h7xx_hal_hcd.o
 .debug_line    0x0000e983     0x3f77 ./Drivers/STM32H7xx_HAL_Driver/Src/stm32h7xx_hal_i2c.o
 .debug_line    0x000128fa      0xb78 ./Drivers/STM32H7xx_HAL_Driver/Src/stm32h7xx_hal_i2c_ex.o
 .debug_line    0x00013472     0x1a03 ./Drivers/STM32H7xx_HAL_Driver/Src/stm32h7xx_hal_ospi.o
 .debug_line    0x00014e75      0xfb4 ./Drivers/STM32H7xx_HAL_Driver/Src/stm32h7xx_hal_pwr_ex.o
 .debug_line    0x00015e29     0x1432 ./Drivers/STM32H7xx_HAL_Driver/Src/stm32h7xx_hal_rcc.o
 .debug_line    0x0001725b     0x1d01 ./Drivers/STM32H7xx_HAL_Driver/Src/stm32h7xx_hal_rcc_ex.o
 .debug_line    0x00018f5c     0x242b ./Drivers/STM32H7xx_HAL_Driver/Src/stm32h7xx_hal_spi.o
 .debug_line    0x0001b387     0x412d ./Drivers/STM32H7xx_HAL_Driver/Src/stm32h7xx_hal_tim.o
 .debug_line    0x0001f4b4     0x1fff ./Drivers/STM32H7xx_HAL_Driver/Src/stm32h7xx_hal_tim_ex.o
 .debug_line    0x000214b3     0x3ff8 ./Drivers/STM32H7xx_HAL_Driver/Src/stm32h7xx_hal_uart.o
 .debug_line    0x000254ab      0xfa9 ./Drivers/STM32H7xx_HAL_Driver/Src/stm32h7xx_hal_uart_ex.o
 .debug_line    0x00026454     0x1fec ./Drivers/STM32H7xx_HAL_Driver/Src/stm32h7xx_ll_usb.o

.debug_str      0x00000000   0x15bb32
 .debug_str     0x00000000   0x152ac1 ./Core/Src/dma.o
                             0x152f8e (size before relaxing)
 .debug_str     0x00152ac1       0xde ./Core/Src/gpio.o
                             0x152823 (size before relaxing)
 .debug_str     0x00152b9f      0x8f4 ./Core/Src/i2c.o
                             0x1531c9 (size before relaxing)
 .debug_str     0x00153493      0x321 ./Core/Src/main.o
                             0x1528f8 (size before relaxing)
 .debug_str     0x001537b4      0x51e ./Core/Src/octospi.o
                             0x1531c3 (size before relaxing)
 .debug_str     0x00153cd2      0x288 ./Core/Src/spi.o
                             0x1531ca (size before relaxing)
 .debug_str     0x00153f5a       0x6d ./Core/Src/stm32h7xx_hal_msp.o
                             0x152799 (size before relaxing)
 .debug_str     0x00153fc7      0x102 ./Core/Src/stm32h7xx_it.o
                             0x152913 (size before relaxing)
 .debug_str     0x001540c9      0x2e7 ./Core/Src/system_stm32h7xx.o
                             0x1526a2 (size before relaxing)
 .debug_str     0x001543b0      0x4bf ./Core/Src/tim.o
                             0x1530b7 (size before relaxing)
 .debug_str     0x0015486f      0x289 ./Core/Src/usart.o
                             0x1531dd (size before relaxing)
 .debug_str     0x00154af8      0x4c4 ./Core/Src/usb_otg.o
                             0x153044 (size before relaxing)
 .debug_str     0x00154fbc       0x44 ./Core/Startup/startup_stm32h735igtx.o
                                 0x6f (size before relaxing)
 .debug_str     0x00155000      0x962 ./Drivers/STM32H7xx_HAL_Driver/Src/stm32h7xx_hal.o
                             0x15370b (size before relaxing)
 .debug_str     0x00155962      0x36e ./Drivers/STM32H7xx_HAL_Driver/Src/stm32h7xx_hal_cortex.o
                             0x153025 (size before relaxing)
 .debug_str     0x00155cd0      0x8a2 ./Drivers/STM32H7xx_HAL_Driver/Src/stm32h7xx_hal_dma.o
                             0x152e0d (size before relaxing)
 .debug_str     0x00156572       0xec ./Drivers/STM32H7xx_HAL_Driver/Src/stm32h7xx_hal_gpio.o
                             0x1526a3 (size before relaxing)
 .debug_str     0x0015665e      0x5a0 ./Drivers/STM32H7xx_HAL_Driver/Src/stm32h7xx_hal_hcd.o
                             0x152c5b (size before relaxing)
 .debug_str     0x00156bfe      0xdc1 ./Drivers/STM32H7xx_HAL_Driver/Src/stm32h7xx_hal_i2c.o
                             0x153739 (size before relaxing)
 .debug_str     0x001579bf       0xb8 ./Drivers/STM32H7xx_HAL_Driver/Src/stm32h7xx_hal_i2c_ex.o
                             0x152ae8 (size before relaxing)
 .debug_str     0x00157a77      0x8a0 ./Drivers/STM32H7xx_HAL_Driver/Src/stm32h7xx_hal_ospi.o
                             0x1530f8 (size before relaxing)
 .debug_str     0x00158317      0x5cb ./Drivers/STM32H7xx_HAL_Driver/Src/stm32h7xx_hal_pwr_ex.o
                             0x152aab (size before relaxing)
 .debug_str     0x001588e2      0x22e ./Drivers/STM32H7xx_HAL_Driver/Src/stm32h7xx_hal_rcc.o
                             0x152a26 (size before relaxing)
 .debug_str     0x00158b10      0x639 ./Drivers/STM32H7xx_HAL_Driver/Src/stm32h7xx_hal_rcc_ex.o
                             0x152f3e (size before relaxing)
 .debug_str     0x00159149      0x4f8 ./Drivers/STM32H7xx_HAL_Driver/Src/stm32h7xx_hal_spi.o
                             0x152da9 (size before relaxing)
 .debug_str     0x00159641      0xd98 ./Drivers/STM32H7xx_HAL_Driver/Src/stm32h7xx_hal_tim.o
                             0x153824 (size before relaxing)
 .debug_str     0x0015a3d9      0x5ff ./Drivers/STM32H7xx_HAL_Driver/Src/stm32h7xx_hal_tim_ex.o
                             0x1531d1 (size before relaxing)
 .debug_str     0x0015a9d8      0x9d6 ./Drivers/STM32H7xx_HAL_Driver/Src/stm32h7xx_hal_uart.o
                             0x1535c6 (size before relaxing)
 .debug_str     0x0015b3ae      0x266 ./Drivers/STM32H7xx_HAL_Driver/Src/stm32h7xx_hal_uart_ex.o
                             0x152b86 (size before relaxing)
 .debug_str     0x0015b614      0x51e ./Drivers/STM32H7xx_HAL_Driver/Src/stm32h7xx_ll_usb.o
                             0x152d4f (size before relaxing)

.comment        0x00000000       0x43
 .comment       0x00000000       0x43 ./Core/Src/dma.o
                                 0x44 (size before relaxing)
 .comment       0x00000043       0x44 ./Core/Src/gpio.o
 .comment       0x00000043       0x44 ./Core/Src/i2c.o
 .comment       0x00000043       0x44 ./Core/Src/main.o
 .comment       0x00000043       0x44 ./Core/Src/octospi.o
 .comment       0x00000043       0x44 ./Core/Src/spi.o
 .comment       0x00000043       0x44 ./Core/Src/stm32h7xx_hal_msp.o
 .comment       0x00000043       0x44 ./Core/Src/stm32h7xx_it.o
 .comment       0x00000043       0x44 ./Core/Src/system_stm32h7xx.o
 .comment       0x00000043       0x44 ./Core/Src/tim.o
 .comment       0x00000043       0x44 ./Core/Src/usart.o
 .comment       0x00000043       0x44 ./Core/Src/usb_otg.o
 .comment       0x00000043       0x44 ./Drivers/STM32H7xx_HAL_Driver/Src/stm32h7xx_hal.o
 .comment       0x00000043       0x44 ./Drivers/STM32H7xx_HAL_Driver/Src/stm32h7xx_hal_cortex.o
 .comment       0x00000043       0x44 ./Drivers/STM32H7xx_HAL_Driver/Src/stm32h7xx_hal_dma.o
 .comment       0x00000043       0x44 ./Drivers/STM32H7xx_HAL_Driver/Src/stm32h7xx_hal_gpio.o
 .comment       0x00000043       0x44 ./Drivers/STM32H7xx_HAL_Driver/Src/stm32h7xx_hal_hcd.o
 .comment       0x00000043       0x44 ./Drivers/STM32H7xx_HAL_Driver/Src/stm32h7xx_hal_i2c.o
 .comment       0x00000043       0x44 ./Drivers/STM32H7xx_HAL_Driver/Src/stm32h7xx_hal_i2c_ex.o
 .comment       0x00000043       0x44 ./Drivers/STM32H7xx_HAL_Driver/Src/stm32h7xx_hal_ospi.o
 .comment       0x00000043       0x44 ./Drivers/STM32H7xx_HAL_Driver/Src/stm32h7xx_hal_pwr_ex.o
 .comment       0x00000043       0x44 ./Drivers/STM32H7xx_HAL_Driver/Src/stm32h7xx_hal_rcc.o
 .comment       0x00000043       0x44 ./Drivers/STM32H7xx_HAL_Driver/Src/stm32h7xx_hal_rcc_ex.o
 .comment       0x00000043       0x44 ./Drivers/STM32H7xx_HAL_Driver/Src/stm32h7xx_hal_spi.o
 .comment       0x00000043       0x44 ./Drivers/STM32H7xx_HAL_Driver/Src/stm32h7xx_hal_tim.o
 .comment       0x00000043       0x44 ./Drivers/STM32H7xx_HAL_Driver/Src/stm32h7xx_hal_tim_ex.o
 .comment       0x00000043       0x44 ./Drivers/STM32H7xx_HAL_Driver/Src/stm32h7xx_hal_uart.o
 .comment       0x00000043       0x44 ./Drivers/STM32H7xx_HAL_Driver/Src/stm32h7xx_hal_uart_ex.o
 .comment       0x00000043       0x44 ./Drivers/STM32H7xx_HAL_Driver/Src/stm32h7xx_ll_usb.o

.debug_frame    0x00000000     0x7110
 .debug_frame   0x00000000       0x34 ./Core/Src/dma.o
 .debug_frame   0x00000034       0x38 ./Core/Src/gpio.o
 .debug_frame   0x0000006c       0xb0 ./Core/Src/i2c.o
 .debug_frame   0x0000011c       0x68 ./Core/Src/main.o
 .debug_frame   0x00000184       0xa4 ./Core/Src/octospi.o
 .debug_frame   0x00000228       0xb0 ./Core/Src/spi.o
 .debug_frame   0x000002d8       0x34 ./Core/Src/stm32h7xx_hal_msp.o
 .debug_frame   0x0000030c      0x120 ./Core/Src/stm32h7xx_it.o
 .debug_frame   0x0000042c       0x60 ./Core/Src/system_stm32h7xx.o
 .debug_frame   0x0000048c       0xa0 ./Core/Src/tim.o
 .debug_frame   0x0000052c       0xb0 ./Core/Src/usart.o
 .debug_frame   0x000005dc       0x78 ./Core/Src/usb_otg.o
 .debug_frame   0x00000654      0x760 ./Drivers/STM32H7xx_HAL_Driver/Src/stm32h7xx_hal.o
 .debug_frame   0x00000db4      0x508 ./Drivers/STM32H7xx_HAL_Driver/Src/stm32h7xx_hal_cortex.o
 .debug_frame   0x000012bc      0x2b4 ./Drivers/STM32H7xx_HAL_Driver/Src/stm32h7xx_hal_dma.o
 .debug_frame   0x00001570      0x14c ./Drivers/STM32H7xx_HAL_Driver/Src/stm32h7xx_hal_gpio.o
 .debug_frame   0x000016bc      0x470 ./Drivers/STM32H7xx_HAL_Driver/Src/stm32h7xx_hal_hcd.o
 .debug_frame   0x00001b2c      0xc40 ./Drivers/STM32H7xx_HAL_Driver/Src/stm32h7xx_hal_i2c.o
 .debug_frame   0x0000276c      0x100 ./Drivers/STM32H7xx_HAL_Driver/Src/stm32h7xx_hal_i2c_ex.o
 .debug_frame   0x0000286c      0x6ac ./Drivers/STM32H7xx_HAL_Driver/Src/stm32h7xx_hal_ospi.o
 .debug_frame   0x00002f18      0x540 ./Drivers/STM32H7xx_HAL_Driver/Src/stm32h7xx_hal_pwr_ex.o
 .debug_frame   0x00003458      0x1fc ./Drivers/STM32H7xx_HAL_Driver/Src/stm32h7xx_hal_rcc.o
 .debug_frame   0x00003654      0x414 ./Drivers/STM32H7xx_HAL_Driver/Src/stm32h7xx_hal_rcc_ex.o
 .debug_frame   0x00003a68      0x7a8 ./Drivers/STM32H7xx_HAL_Driver/Src/stm32h7xx_hal_spi.o
 .debug_frame   0x00004210     0x121c ./Drivers/STM32H7xx_HAL_Driver/Src/stm32h7xx_hal_tim.o
 .debug_frame   0x0000542c      0x724 ./Drivers/STM32H7xx_HAL_Driver/Src/stm32h7xx_hal_tim_ex.o
 .debug_frame   0x00005b50      0xa94 ./Drivers/STM32H7xx_HAL_Driver/Src/stm32h7xx_hal_uart.o
 .debug_frame   0x000065e4      0x2c0 ./Drivers/STM32H7xx_HAL_Driver/Src/stm32h7xx_hal_uart_ex.o
 .debug_frame   0x000068a4      0x7c0 ./Drivers/STM32H7xx_HAL_Driver/Src/stm32h7xx_ll_usb.o
 .debug_frame   0x00007064       0x20 C:/ST/STM32CubeIDE_1.16.1/STM32CubeIDE/plugins/com.st.stm32cube.ide.mcu.externaltools.gnu-tools-for-stm32.12.3.rel1.win32_1.0.200.202406191623/tools/bin/../lib/gcc/arm-none-eabi/12.3.1/../../../../arm-none-eabi/lib/thumb/v7e-m+dp/hard\libc_nano.a(libc_a-memset.o)
 .debug_frame   0x00007084       0x2c C:/ST/STM32CubeIDE_1.16.1/STM32CubeIDE/plugins/com.st.stm32cube.ide.mcu.externaltools.gnu-tools-for-stm32.12.3.rel1.win32_1.0.200.202406191623/tools/bin/../lib/gcc/arm-none-eabi/12.3.1/../../../../arm-none-eabi/lib/thumb/v7e-m+dp/hard\libc_nano.a(libc_a-init.o)
 .debug_frame   0x000070b0       0x2c C:/ST/STM32CubeIDE_1.16.1/STM32CubeIDE/plugins/com.st.stm32cube.ide.mcu.externaltools.gnu-tools-for-stm32.12.3.rel1.win32_1.0.200.202406191623/tools/bin/../lib/gcc/arm-none-eabi/12.3.1/thumb/v7e-m+dp/hard\libgcc.a(_aeabi_uldivmod.o)
 .debug_frame   0x000070dc       0x34 C:/ST/STM32CubeIDE_1.16.1/STM32CubeIDE/plugins/com.st.stm32cube.ide.mcu.externaltools.gnu-tools-for-stm32.12.3.rel1.win32_1.0.200.202406191623/tools/bin/../lib/gcc/arm-none-eabi/12.3.1/thumb/v7e-m+dp/hard\libgcc.a(_udivmoddi4.o)

.debug_line_str
                0x00000000       0x53
 .debug_line_str
                0x00000000       0x53 ./Core/Startup/startup_stm32h735igtx.o
